Component: ARM Compiler 5.06 update 7 (build 960) Tool: armlink [4d3601]

==============================================================================

Section Cross References

    startup_stm32f446xx.o(STACK) refers (Special) to heapauxi.o(.text) for __use_two_region_memory
    startup_stm32f446xx.o(HEAP) refers (Special) to heapauxi.o(.text) for __use_two_region_memory
    startup_stm32f446xx.o(RESET) refers (Special) to heapauxi.o(.text) for __use_two_region_memory
    startup_stm32f446xx.o(RESET) refers to startup_stm32f446xx.o(STACK) for __initial_sp
    startup_stm32f446xx.o(RESET) refers to startup_stm32f446xx.o(.text) for Reset_Handler
    startup_stm32f446xx.o(RESET) refers to stm32f4xx_it.o(i.NMI_Handler) for NMI_Handler
    startup_stm32f446xx.o(RESET) refers to stm32f4xx_it.o(i.HardFault_Handler) for HardFault_Handler
    startup_stm32f446xx.o(RESET) refers to stm32f4xx_it.o(i.MemManage_Handler) for MemManage_Handler
    startup_stm32f446xx.o(RESET) refers to stm32f4xx_it.o(i.BusFault_Handler) for BusFault_Handler
    startup_stm32f446xx.o(RESET) refers to stm32f4xx_it.o(i.UsageFault_Handler) for UsageFault_Handler
    startup_stm32f446xx.o(RESET) refers to stm32f4xx_it.o(i.SVC_Handler) for SVC_Handler
    startup_stm32f446xx.o(RESET) refers to stm32f4xx_it.o(i.DebugMon_Handler) for DebugMon_Handler
    startup_stm32f446xx.o(RESET) refers to stm32f4xx_it.o(i.PendSV_Handler) for PendSV_Handler
    startup_stm32f446xx.o(RESET) refers to stm32f4xx_it.o(i.SysTick_Handler) for SysTick_Handler
    startup_stm32f446xx.o(RESET) refers to stm32f4xx_it.o(i.EXTI9_5_IRQHandler) for EXTI9_5_IRQHandler
    startup_stm32f446xx.o(RESET) refers to stm32f4xx_it.o(i.TIM2_IRQHandler) for TIM2_IRQHandler
    startup_stm32f446xx.o(RESET) refers to stm32f4xx_it.o(i.TIM4_IRQHandler) for TIM4_IRQHandler
    startup_stm32f446xx.o(RESET) refers to stm32f4xx_it.o(i.USART1_IRQHandler) for USART1_IRQHandler
    startup_stm32f446xx.o(RESET) refers to stm32f4xx_it.o(i.EXTI15_10_IRQHandler) for EXTI15_10_IRQHandler
    startup_stm32f446xx.o(RESET) refers to stm32f4xx_it.o(i.DMA2_Stream2_IRQHandler) for DMA2_Stream2_IRQHandler
    startup_stm32f446xx.o(RESET) refers to stm32f4xx_it.o(i.DMA2_Stream7_IRQHandler) for DMA2_Stream7_IRQHandler
    startup_stm32f446xx.o(RESET) refers to stm32f4xx_it.o(i.USART6_IRQHandler) for USART6_IRQHandler
    startup_stm32f446xx.o(.text) refers (Special) to heapauxi.o(.text) for __use_two_region_memory
    startup_stm32f446xx.o(.text) refers to system_stm32f4xx.o(i.SystemInit) for SystemInit
    startup_stm32f446xx.o(.text) refers to __main.o(!!!main) for __main
    startup_stm32f446xx.o(.text) refers to startup_stm32f446xx.o(HEAP) for Heap_Mem
    startup_stm32f446xx.o(.text) refers to startup_stm32f446xx.o(STACK) for Stack_Mem
    main.o(i.HAL_TIM_PeriodElapsedCallback) refers to main.o(i.ProcessSpeedCommandDMA) for ProcessSpeedCommandDMA
    main.o(i.HAL_TIM_PeriodElapsedCallback) refers to encoder.o(i.ReadDistance_A) for ReadDistance_A
    main.o(i.HAL_TIM_PeriodElapsedCallback) refers to encoder.o(i.ReadDistance_B) for ReadDistance_B
    main.o(i.HAL_TIM_PeriodElapsedCallback) refers to stm32f4xx_hal.o(i.HAL_GetTick) for HAL_GetTick
    main.o(i.HAL_TIM_PeriodElapsedCallback) refers to f2d.o(x$fpl$f2d) for __aeabi_f2d
    main.o(i.HAL_TIM_PeriodElapsedCallback) refers to daddsub_clz.o(x$fpl$dsub) for __aeabi_dsub
    main.o(i.HAL_TIM_PeriodElapsedCallback) refers to ddiv.o(x$fpl$ddiv) for __aeabi_ddiv
    main.o(i.HAL_TIM_PeriodElapsedCallback) refers to daddsub_clz.o(x$fpl$dadd) for __aeabi_dadd
    main.o(i.HAL_TIM_PeriodElapsedCallback) refers to dmul.o(x$fpl$dmul) for __aeabi_dmul
    main.o(i.HAL_TIM_PeriodElapsedCallback) refers to mpu6500.o(i.MPU6500_Read_Data_float) for MPU6500_Read_Data_float
    main.o(i.HAL_TIM_PeriodElapsedCallback) refers to d2f.o(x$fpl$d2f) for __aeabi_d2f
    main.o(i.HAL_TIM_PeriodElapsedCallback) refers to mpu6500.o(i.Yaw_Update) for Yaw_Update
    main.o(i.HAL_TIM_PeriodElapsedCallback) refers to deqf.o(x$fpl$deqf) for __aeabi_cdcmpeq
    main.o(i.HAL_TIM_PeriodElapsedCallback) refers to drleqf.o(x$fpl$drleqf) for __aeabi_cdrcmple
    main.o(i.HAL_TIM_PeriodElapsedCallback) refers to dleqf.o(x$fpl$dleqf) for __aeabi_cdcmple
    main.o(i.HAL_TIM_PeriodElapsedCallback) refers to pwm.o(i.Set_PWM_A) for Set_PWM_A
    main.o(i.HAL_TIM_PeriodElapsedCallback) refers to pwm.o(i.Set_PWM_B) for Set_PWM_B
    main.o(i.HAL_TIM_PeriodElapsedCallback) refers to pid.o(i.PID_increment) for PID_increment
    main.o(i.HAL_TIM_PeriodElapsedCallback) refers to pid.o(i.Change_PID_setpoint) for Change_PID_setpoint
    main.o(i.HAL_TIM_PeriodElapsedCallback) refers to dfix.o(x$fpl$dfix) for __aeabi_d2iz
    main.o(i.HAL_TIM_PeriodElapsedCallback) refers to tim.o(.bss) for htim4
    main.o(i.HAL_TIM_PeriodElapsedCallback) refers to main.o(.data) for .data
    main.o(i.HAL_TIM_PeriodElapsedCallback) refers to mpu6500.o(.bss) for attitude
[...]
    i.TIM_ITRx_SetConfig                     0x0800415a   Section        0  stm32f4xx_hal_tim.o(i.TIM_ITRx_SetConfig)
    TIM_ITRx_SetConfig                       0x0800415b   Thumb Code    16  stm32f4xx_hal_tim.o(i.TIM_ITRx_SetConfig)
    i.TIM_OC1_SetConfig                      0x0800416c   Section        0  stm32f4xx_hal_tim.o(i.TIM_OC1_SetConfig)
    TIM_OC1_SetConfig                        0x0800416d   Thumb Code    88  stm32f4xx_hal_tim.o(i.TIM_OC1_SetConfig)
    i.TIM_OC2_SetConfig                      0x080041cc   Section        0  stm32f4xx_hal_tim.o(i.TIM_OC2_SetConfig)
    i.TIM_OC3_SetConfig                      0x08004238   Section        0  stm32f4xx_hal_tim.o(i.TIM_OC3_SetConfig)
    TIM_OC3_SetConfig                        0x08004239   Thumb Code    96  stm32f4xx_hal_tim.o(i.TIM_OC3_SetConfig)
    i.TIM_OC4_SetConfig                      0x080042a0   Section        0  stm32f4xx_hal_tim.o(i.TIM_OC4_SetConfig)
    TIM_OC4_SetConfig                        0x080042a1   Thumb Code    70  stm32f4xx_hal_tim.o(i.TIM_OC4_SetConfig)
    i.TIM_TI1_ConfigInputStage               0x080042f0   Section        0  stm32f4xx_hal_tim.o(i.TIM_TI1_ConfigInputStage)
    TIM_TI1_ConfigInputStage                 0x080042f1   Thumb Code    34  stm32f4xx_hal_tim.o(i.TIM_TI1_ConfigInputStage)
    i.TIM_TI2_ConfigInputStage               0x08004312   Section        0  stm32f4xx_hal_tim.o(i.TIM_TI2_ConfigInputStage)
    TIM_TI2_ConfigInputStage                 0x08004313   Thumb Code    36  stm32f4xx_hal_tim.o(i.TIM_TI2_ConfigInputStage)
    i.UART_DMAAbortOnError                   0x08004336   Section        0  stm32f4xx_hal_uart.o(i.UART_DMAAbortOnError)
    UART_DMAAbortOnError                     0x08004337   Thumb Code    14  stm32f4xx_hal_uart.o(i.UART_DMAAbortOnError)
    i.UART_DMAError                          0x08004344   Section        0  stm32f4xx_hal_uart.o(i.UART_DMAError)
    UART_DMAError                            0x08004345   Thumb Code    74  stm32f4xx_hal_uart.o(i.UART_DMAError)
    i.UART_DMAReceiveCplt                    0x0800438e   Section        0  stm32f4xx_hal_uart.o(i.UART_DMAReceiveCplt)
    UART_DMAReceiveCplt                      0x0800438f   Thumb Code   134  stm32f4xx_hal_uart.o(i.UART_DMAReceiveCplt)
    i.UART_DMARxHalfCplt                     0x08004414   Section        0  stm32f4xx_hal_uart.o(i.UART_DMARxHalfCplt)
    UART_DMARxHalfCplt                       0x08004415   Thumb Code    30  stm32f4xx_hal_uart.o(i.UART_DMARxHalfCplt)
    i.UART_DMATransmitCplt                   0x08004432   Section        0  stm32f4xx_hal_uart.o(i.UART_DMATransmitCplt)
    UART_DMATransmitCplt                     0x08004433   Thumb Code    66  stm32f4xx_hal_uart.o(i.UART_DMATransmitCplt)
    i.UART_DMATxHalfCplt                     0x08004474   Section        0  stm32f4xx_hal_uart.o(i.UART_DMATxHalfCplt)
    UART_DMATxHalfCplt                       0x08004475   Thumb Code    10  stm32f4xx_hal_uart.o(i.UART_DMATxHalfCplt)
    i.UART_EndRxTransfer                     0x0800447e   Section        0  stm32f4xx_hal_uart.o(i.UART_EndRxTransfer)
    UART_EndRxTransfer                       0x0800447f   Thumb Code    78  stm32f4xx_hal_uart.o(i.UART_EndRxTransfer)
    i.UART_EndTxTransfer                     0x080044cc   Section        0  stm32f4xx_hal_uart.o(i.UART_EndTxTransfer)
    UART_EndTxTransfer                       0x080044cd   Thumb Code    28  stm32f4xx_hal_uart.o(i.UART_EndTxTransfer)
    i.UART_Receive_IT                        0x080044e8   Section        0  stm32f4xx_hal_uart.o(i.UART_Receive_IT)
    UART_Receive_IT                          0x080044e9   Thumb Code   194  stm32f4xx_hal_uart.o(i.UART_Receive_IT)
    i.UART_SetConfig                         0x080045ac   Section        0  stm32f4xx_hal_uart.o(i.UART_SetConfig)
    UART_SetConfig                           0x080045ad   Thumb Code   258  stm32f4xx_hal_uart.o(i.UART_SetConfig)
    i.UART_Start_Receive_DMA                 0x080046b8   Section        0  stm32f4xx_hal_uart.o(i.UART_Start_Receive_DMA)
    i.UART_Start_Receive_IT                  0x08004758   Section        0  stm32f4xx_hal_uart.o(i.UART_Start_Receive_IT)
    i.UART_WaitOnFlagUntilTimeout            0x0800478e   Section        0  stm32f4xx_hal_uart.o(i.UART_WaitOnFlagUntilTimeout)
    UART_WaitOnFlagUntilTimeout              0x0800478f   Thumb Code   114  stm32f4xx_hal_uart.o(i.UART_WaitOnFlagUntilTimeout)
    i.USART1_IRQHandler                      0x08004800   Section        0  stm32f4xx_it.o(i.USART1_IRQHandler)
    i.USART6_IRQHandler                      0x0800480c   Section        0  stm32f4xx_it.o(i.USART6_IRQHandler)
    i.UsageFault_Handler                     0x08004818   Section        0  stm32f4xx_it.o(i.UsageFault_Handler)
    i.Yaw_Update                             0x0800481c   Section        0  mpu6500.o(i.Yaw_Update)
    i.__NVIC_SetPriority                     0x080048a4   Section        0  stm32f4xx_hal_cortex.o(i.__NVIC_SetPriority)
    __NVIC_SetPriority                       0x080048a5   Thumb Code    32  stm32f4xx_hal_cortex.o(i.__NVIC_SetPriority)
    i.__hardfp_fabs                          0x080048c4   Section        0  fabs.o(i.__hardfp_fabs)
    i.main                                   0x080048d8   Section        0  main.o(i.main)
    i.swap_double                            0x080049c8   Section        0  frame.o(i.swap_double)
    i.swap_float                             0x080049fa   Section        0  frame.o(i.swap_float)
    i.swap_uint16                            0x08004a06   Section        0  frame.o(i.swap_uint16)
    x$fpl$d2f                                0x08004a10   Section       98  d2f.o(x$fpl$d2f)
    $v0                                      0x08004a10   Number         0  d2f.o(x$fpl$d2f)
    x$fpl$dadd                               0x08004a74   Section      336  daddsub_clz.o(x$fpl$dadd)
    $v0                                      0x08004a74   Number         0  daddsub_clz.o(x$fpl$dadd)
    _dadd1                                   0x08004a85   Thumb Code     0  daddsub_clz.o(x$fpl$dadd)
    x$fpl$dcmpinf                            0x08004bc4   Section       24  dcmpi.o(x$fpl$dcmpinf)
    $v0                                      0x08004bc4   Number         0  dcmpi.o(x$fpl$dcmpinf)
    x$fpl$ddiv                               0x08004bdc   Section      688  ddiv.o(x$fpl$ddiv)
    $v0                                      0x08004bdc   Number         0  ddiv.o(x$fpl$ddiv)
    ddiv_entry                               0x08004be3   Thumb Code     0  ddiv.o(x$fpl$ddiv)
    x$fpl$deqf                               0x08004e8c   Section      120  deqf.o(x$fpl$deqf)
    $v0                                      0x08004e8c   Number         0  deqf.o(x$fpl$deqf)
    x$fpl$dfix                               0x08004f04   Section       94  dfix.o(x$fpl$dfix)
    $v0                                      0x08004f04   Number         0  dfix.o(x$fpl$dfix)
    x$fpl$dfixu                              0x08004f64   Section       90  dfixu.o(x$fpl$dfixu)
    $v0                                      0x08004f64   Number         0  dfixu.o(x$fpl$dfixu)
    x$fpl$dfltll                             0x08004fc0   Section      162  dfltll_clz.o(x$fpl$dfltll)
    $v0                                      0x08004fc0   Number         0  dfltll_clz.o(x$fpl$dfltll)
    x$fpl$dfltu                              0x08005062   Section       38  dflt_clz.o(x$fpl$dfltu)
    $v0                                      0x08005062   Number         0  dflt_clz.o(x$fpl$dfltu)
    x$fpl$dleqf                              0x08005088   Section      120  dleqf.o(x$fpl$dleqf)
    $v0                                      0x08005088   Number         0  dleqf.o(x$fpl$dleqf)
    x$fpl$dmul                               0x08005100   Section      340  dmul.o(x$fpl$dmul)
    $v0                                      0x08005100   Number         0  dmul.o(x$fpl$dmul)
    x$fpl$dnaninf                            0x08005254   Section      156  dnaninf.o(x$fpl$dnaninf)
    $v0                                      0x08005254   Number         0  dnaninf.o(x$fpl$dnaninf)
    x$fpl$dretinf                            0x080052f0   Section       12  dretinf.o(x$fpl$dretinf)
    $v0                                      0x080052f0   Number         0  dretinf.o(x$fpl$dretinf)
    x$fpl$drleqf                             0x080052fc   Section      108  drleqf.o(x$fpl$drleqf)
    $v0                                      0x080052fc   Number         0  drleqf.o(x$fpl$drleqf)
    x$fpl$dsub                               0x08005368   Section      468  daddsub_clz.o(x$fpl$dsub)
    $v0                                      0x08005368   Number         0  daddsub_clz.o(x$fpl$dsub)
    _dsub1                                   0x08005379   Thumb Code     0  daddsub_clz.o(x$fpl$dsub)
    x$fpl$f2d                                0x0800553c   Section       86  f2d.o(x$fpl$f2d)
    $v0                                      0x0800553c   Number         0  f2d.o(x$fpl$f2d)
    x$fpl$fnaninf                            0x08005592   Section      140  fnaninf.o(x$fpl$fnaninf)
    $v0                                      0x08005592   Number         0  fnaninf.o(x$fpl$fnaninf)
    x$fpl$fpinit                             0x0800561e   Section       10  fpinit.o(x$fpl$fpinit)
    $v0                                      0x0800561e   Number         0  fpinit.o(x$fpl$fpinit)
    x$fpl$fretinf                            0x08005628   Section       10  fretinf.o(x$fpl$fretinf)
    $v0                                      0x08005628   Number         0  fretinf.o(x$fpl$fretinf)
    .constdata                               0x08005632   Section        8  stm32f4xx_hal_dma.o(.constdata)
    x$fpl$usenofp                            0x08005632   Section        0  usenofp.o(x$fpl$usenofp)
    flagBitshiftOffset                       0x08005632   Data           8  stm32f4xx_hal_dma.o(.constdata)
    .constdata                               0x0800563a   Section       16  system_stm32f4xx.o(.constdata)
    .constdata                               0x0800564a   Section        8  system_stm32f4xx.o(.constdata)
    .data                                    0x20000000   Section      192  main.o(.data)
    speed_cmd_state                          0x20000001   Data           1  main.o(.data)
    speed_cmd_index                          0x20000002   Data           1  main.o(.data)
    speed_pid_enable                         0x20000003   Data           1  main.o(.data)
    processed_index                          0x20000006   Data           2  main.o(.data)
    stable_cnt                               0x20000044   Data           4  main.o(.data)
    gz_setpoint_last                         0x200000b8   Data           8  main.o(.data)
    .data                                    0x200000c0   Section       12  stm32f4xx_hal.o(.data)
    .data                                    0x200000cc   Section        4  system_stm32f4xx.o(.data)
    .data                                    0x200000d0   Section       72  encoder.o(.data)
    .data                                    0x20000118   Section        8  my_systick.o(.data)
    .data                                    0x20000120   Section        1  rader.o(.data)
    .data                                    0x20000124   Section        8  rader.o(.data)
    cnt                                      0x20000126   Data           2  rader.o(.data)
    angle_last                               0x20000128   Data           4  rader.o(.data)
    .data                                    0x2000012c   Section        1  rader.o(.data)
    .data                                    0x20000130   Section      108  pid.o(.data)
    .bss                                     0x2000019c   Section      648  main.o(.bss)
    speed_cmd_buffer                         0x2000019c   Data          12  main.o(.bss)
    .bss                                     0x20000424   Section       88  spi.o(.bss)
    .bss                                     0x2000047c   Section      288  tim.o(.bss)
    .bss                                     0x2000059c   Section      336  usart.o(.bss)
    .bss                                     0x200006ec   Section     2110  rader.o(.bss)
    point                                    0x200006ec   Data        1000  rader.o(.bss)
    .bss                                     0x20000f2c   Section       16  mpu6500.o(.bss)
    .bss                                     0x20000f40   Section      208  pid.o(.bss)
    .bss                                     0x20001010   Section       96  libspace.o(.bss)
    HEAP                                     0x20001070   Section      512  startup_stm32f446xx.o(HEAP)
    Heap_Mem                                 0x20001070   Data         512  startup_stm32f446xx.o(HEAP)
    STACK                                    0x20001270   Section     1024  startup_stm32f446xx.o(STACK)
    Stack_Mem                                0x20001270   Data        1024  startup_stm32f446xx.o(STACK)
    __initial_sp                             0x20001670   Data           0  startup_stm32f446xx.o(STACK)

    Global Symbols

    Symbol Name                              Value     Ov Type        Size  Object(Section)

    BuildAttributes$$THM_ISAv4$E$P$D$K$B$S$7EM$VFPi3$EXTD16$VFPS$VFMA$PE$A:L22UL41UL21$X:L11$S22US41US21$IEEE1$IW$USESV6$~STKCKD$USESV7$~SHL$OTIME$ROPI$IEEEJ$EBA8$UX$STANDARDLIB$REQ8$PRES8$EABIv2 0x00000000   Number         0  anon$$obj.o ABSOLUTE
    __ARM_use_no_argv                        0x00000000   Number         0  main.o ABSOLUTE
    __ARM_exceptions_init                     - Undefined Weak Reference
    __alloca_initialize                       - Undefined Weak Reference
    __arm_fini_                               - Undefined Weak Reference
    __arm_preinit_                            - Undefined Weak Reference
    __cpp_initialize__aeabi_                  - Undefined Weak Reference
    __cxa_finalize                            - Undefined Weak Reference
    __rt_locale                               - Undefined Weak Reference
    __sigvec_lookup                           - Undefined Weak Reference
    _atexit_init                              - Undefined Weak Reference
    _call_atexit_fns                          - Undefined Weak Reference
    _clock_init                               - Undefined Weak Reference
    _fp_trap_init                             - Undefined Weak Reference
    _fp_trap_shutdown                         - Undefined Weak Reference
    _get_lc_collate                           - Undefined Weak Reference
    _get_lc_ctype                             - Undefined Weak Reference
    _get_lc_monetary                          - Undefined Weak Reference
    _get_lc_numeric                           - Undefined Weak Reference
    _get_lc_time                              - Undefined Weak Reference
    _getenv_init                              - Undefined Weak Reference
    _handle_redirection                       - Undefined Weak Reference
    _init_alloc                               - Undefined Weak Reference
    _init_user_alloc                          - Undefined Weak Reference
    _initio                                   - Undefined Weak Reference
    _rand_init                                - Undefined Weak Reference
    _signal_finish                            - Undefined Weak Reference
    _signal_init                              - Undefined Weak Reference
    _terminate_alloc                          - Undefined Weak Reference
    _terminate_user_alloc                     - Undefined Weak Reference
    _terminateio                              - Undefined Weak Reference
    __Vectors_Size                           0x000001c4   Number         0  startup_stm32f446xx.o ABSOLUTE
    __Vectors                                0x08000000   Data           4  startup_stm32f446xx.o(RESET)
    __Vectors_End                            0x080001c4   Data           0  startup_stm32f446xx.o(RESET)
    __main                                   0x080001c5   Thumb Code     8  __main.o(!!!main)
    __scatterload                            0x080001cd   Thumb Code     0  __scatter.o(!!!scatter)
    __scatterload_rt2                        0x080001cd   Thumb Code    44  __scatter.o(!!!scatter)
    __scatterload_rt2_thumb_only             0x080001cd   Thumb Code     0  __scatter.o(!!!scatter)
    __scatterload_null                       0x080001db   Thumb Code     0  __scatter.o(!!!scatter)
    __decompress                             0x08000201   Thumb Code    90  __dczerorl2.o(!!dczerorl2)
    __decompress1                            0x08000201   Thumb Code     0  __dczerorl2.o(!!dczerorl2)
    __scatterload_zeroinit                   0x0800025d   Thumb Code    28  __scatter_zi.o(!!handler_zi)
    __rt_lib_init                            0x08000279   Thumb Code     0  libinit.o(.ARM.Collect$$libinit$$00000000)
    __rt_lib_init_fp_1                       0x0800027b   Thumb Code     0  libinit2.o(.ARM.Collect$$libinit$$00000001)
    __rt_lib_init_alloca_1                   0x0800027f   Thumb Code     0  libinit2.o(.ARM.Collect$$libinit$$0000002E)
    __rt_lib_init_argv_1                     0x0800027f   Thumb Code     0  libinit2.o(.ARM.Collect$$libinit$$0000002C)
    __rt_lib_init_atexit_1                   0x0800027f   Thumb Code     0  libinit2.o(.ARM.Collect$$libinit$$0000001B)
    __rt_lib_init_clock_1                    0x0800027f   Thumb Code     0  libinit2.o(.ARM.Collect$$libinit$$00000021)
    __rt_lib_init_cpp_1                      0x0800027f   Thumb Code     0  libinit2.o(.ARM.Collect$$libinit$$00000032)
    __rt_lib_init_exceptions_1               0x0800027f   Thumb Code     0  libinit2.o(.ARM.Collect$$libinit$$00000030)
    __rt_lib_init_fp_trap_1                  0x0800027f   Thumb Code     0  libinit2.o(.ARM.Collect$$libinit$$0000001F)
    __rt_lib_init_getenv_1                   0x0800027f   Thumb Code     0  libinit2.o(.ARM.Collect$$libinit$$00000023)
    __rt_lib_init_heap_1                     0x0800027f   Thumb Code     0  libinit2.o(.ARM.Collect$$libinit$$0000000A)
    __rt_lib_init_lc_collate_1               0x0800027f   Thumb Code     0  libinit2.o(.ARM.Collect$$libinit$$00000011)
    __rt_lib_init_lc_ctype_1                 0x0800027f   Thumb Code     0  libinit2.o(.ARM.Collect$$libinit$$00000013)
    __rt_lib_init_lc_monetary_1              0x0800027f   Thumb Code     0  libinit2.o(.ARM.Collect$$libinit$$00000015)
    __rt_lib_init_lc_numeric_1               0x0800027f   Thumb Code     0  libinit2.o(.ARM.Collect$$libinit$$00000017)
    __rt_lib_init_lc_time_1                  0x0800027f   Thumb Code     0  libinit2.o(.ARM.Collect$$libinit$$00000019)
    __rt_lib_init_preinit_1                  0x0800027f   Thumb Code     0  libinit2.o(.ARM.Collect$$libinit$$00000004)
    __rt_lib_init_rand_1                     0x0800027f   Thumb Code     0  libinit2.o(.ARM.Collect$$libinit$$0000000E)
    __rt_lib_init_return                     0x0800027f   Thumb Code     0  libinit2.o(.ARM.Collect$$libinit$$00000033)
    __rt_lib_init_signal_1                   0x0800027f   Thumb Code     0  libinit2.o(.ARM.Collect$$libinit$$0000001D)
    __rt_lib_init_stdio_1                    0x0800027f   Thumb Code     0  libinit2.o(.ARM.Collect$$libinit$$00000025)
    __rt_lib_init_user_alloc_1               0x0800027f   Thumb Code     0  libinit2.o(.ARM.Collect$$libinit$$0000000C)
    __rt_lib_shutdown                        0x08000281   Thumb Code     0  libshutdown.o(.ARM.Collect$$libshutdown$$00000000)
    __rt_lib_shutdown_cpp_1                  0x08000283   Thumb Code     0  libshutdown2.o(.ARM.Collect$$libshutdown$$00000004)
    __rt_lib_shutdown_fini_1                 0x08000283   Thumb Code     0  libshutdown2.o(.ARM.Collect$$libshutdown$$00000002)
    __rt_lib_shutdown_fp_trap_1              0x08000283   Thumb Code     0  libshutdown2.o(.ARM.Collect$$libshutdown$$00000009)
    __rt_lib_shutdown_heap_1                 0x08000283   Thumb Code     0  libshutdown2.o(.ARM.Collect$$libshutdown$$00000011)
    __rt_lib_shutdown_return                 0x08000283   Thumb Code     0  libshutdown2.o(.ARM.Collect$$libshutdown$$00000012)
    __rt_lib_shutdown_signal_1               0x08000283   Thumb Code     0  libshutdown2.o(.ARM.Collect$$libshutdown$$0000000C)
    __rt_lib_shutdown_stdio_1                0x08000283   Thumb Code     0  libshutdown2.o(.ARM.Collect$$libshutdown$$00000006)
    __rt_lib_shutdown_user_alloc_1           0x08000283   Thumb Code     0  libshutdown2.o(.ARM.Collect$$libshutdown$$0000000E)
    __rt_entry                               0x08000285   Thumb Code     0  __rtentry.o(.ARM.Collect$$rtentry$$00000000)
    __rt_entry_presh_1                       0x08000285   Thumb Code     0  __rtentry2.o(.ARM.Collect$$rtentry$$00000002)
    __rt_entry_sh                            0x08000285   Thumb Code     0  __rtentry4.o(.ARM.Collect$$rtentry$$00000004)
    __rt_entry_li                            0x0800028b   Thumb Code     0  __rtentry2.o(.ARM.Collect$$rtentry$$0000000A)
    __rt_entry_postsh_1                      0x0800028b   Thumb Code     0  __rtentry2.o(.ARM.Collect$$rtentry$$00000009)
    __rt_entry_main                          0x0800028f   Thumb Code     0  __rtentry2.o(.ARM.Collect$$rtentry$$0000000D)
    __rt_entry_postli_1                      0x0800028f   Thumb Code     0  __rtentry2.o(.ARM.Collect$$rtentry$$0000000C)
    __rt_exit                                0x08000297   Thumb Code     0  rtexit.o(.ARM.Collect$$rtexit$$00000000)
    __rt_exit_ls                             0x08000299   Thumb Code     0  rtexit2.o(.ARM.Collect$$rtexit$$00000003)
    __rt_exit_prels_1                        0x08000299   Thumb Code     0  rtexit2.o(.ARM.Collect$$rtexit$$00000002)
    __rt_exit_exit                           0x0800029d   Thumb Code     0  rtexit2.o(.ARM.Collect$$rtexit$$00000004)
    Reset_Handler                            0x080002a5   Thumb Code     8  startup_stm32f446xx.o(.text)
    ADC_IRQHandler                           0x080002bf   Thumb Code     0  startup_stm32f446xx.o(.text)
    CAN1_RX0_IRQHandler                      0x080002bf   Thumb Code     0  startup_stm32f446xx.o(.text)
    CAN1_RX1_IRQHandler                      0x080002bf   Thumb Code     0  startup_stm32f446xx.o(.text)
    CAN1_SCE_IRQHandler                      0x080002bf   Thumb Code     0  startup_stm32f446xx.o(.text)
    CAN1_TX_IRQHandler                       0x080002bf   Thumb Code     0  startup_stm32f446xx.o(.text)
    CAN2_RX0_IRQHandler                      0x080002bf   Thumb Code     0  startup_stm32f446xx.o(.text)
    CAN2_RX1_IRQHandler                      0x080002bf   Thumb Code     0  startup_stm32f446xx.o(.text)
    CAN2_SCE_IRQHandler                      0x080002bf   Thumb Code     0  startup_stm32f446xx.o(.text)
    CAN2_TX_IRQHandler                       0x080002bf   Thumb Code     0  startup_stm32f446xx.o(.text)
    CEC_IRQHandler                           0x080002bf   Thumb Code     0  startup_stm32f446xx.o(.text)
    DCMI_IRQHandler                          0x080002bf   Thumb Code     0  startup_stm32f446xx.o(.text)
    DMA1_Stream0_IRQHandler                  0x080002bf   Thumb Code     0  startup_stm32f446xx.o(.text)
    DMA1_Stream1_IRQHandler                  0x080002bf   Thumb Code     0  startup_stm32f446xx.o(.text)
    DMA1_Stream2_IRQHandler                  0x080002bf   Thumb Code     0  startup_stm32f446xx.o(.text)
    DMA1_Stream3_IRQHandler                  0x080002bf   Thumb Code     0  startup_stm32f446xx.o(.text)
    DMA1_Stream4_IRQHandler                  0x080002bf   Thumb Code     0  startup_stm32f446xx.o(.text)
    DMA1_Stream5_IRQHandler                  0x080002bf   Thumb Code     0  startup_stm32f446xx.o(.text)
    DMA1_Stream6_IRQHandler                  0x080002bf   Thumb Code     0  startup_stm32f446xx.o(.text)
    DMA1_Stream7_IRQHandler                  0x080002bf   Thumb Code     0  startup_stm32f446xx.o(.text)
    DMA2_Stream0_IRQHandler                  0x080002bf   Thumb Code     0  startup_stm32f446xx.o(.text)
    DMA2_Stream1_IRQHandler                  0x080002bf   Thumb Code     0  startup_stm32f446xx.o(.text)
    DMA2_Stream3_IRQHandler                  0x080002bf   Thumb Code     0  startup_stm32f446xx.o(.text)
    DMA2_Stream4_IRQHandler                  0x080002bf   Thumb Code     0  startup_stm32f446xx.o(.text)
    DMA2_Stream5_IRQHandler                  0x080002bf   Thumb Code     0  startup_stm32f446xx.o(.text)
    DMA2_Stream6_IRQHandler                  0x080002bf   Thumb Code     0  startup_stm32f446xx.o(.text)
    EXTI0_IRQHandler                         0x080002bf   Thumb Code     0  startup_stm32f446xx.o(.text)
    EXTI1_IRQHandler                         0x080002bf   Thumb Code     0  startup_stm32f446xx.o(.text)
    EXTI2_IRQHandler                         0x080002bf   Thumb Code     0  startup_stm32f446xx.o(.text)
    EXTI3_IRQHandler                         0x080002bf   Thumb Code     0  startup_stm32f446xx.o(.text)
    EXTI4_IRQHandler                         0x080002bf   Thumb Code     0  startup_stm32f446xx.o(.text)
    FLASH_IRQHandler                         0x080002bf   Thumb Code     0  startup_stm32f446xx.o(.text)
    FMC_IRQHandler                           0x080002bf   Thumb Code     0  startup_stm32f446xx.o(.text)
    FMPI2C1_ER_IRQHandler                    0x080002bf   Thumb Code     0  startup_stm32f446xx.o(.text)
    FMPI2C1_EV_IRQHandler                    0x080002bf   Thumb Code     0  startup_stm32f446xx.o(.text)
    FPU_IRQHandler                           0x080002bf   Thumb Code     0  startup_stm32f446xx.o(.text)
    I2C1_ER_IRQHandler                       0x080002bf   Thumb Code     0  startup_stm32f446xx.o(.text)
    I2C1_EV_IRQHandler                       0x080002bf   Thumb Code     0  startup_stm32f446xx.o(.text)
    I2C2_ER_IRQHandler                       0x080002bf   Thumb Code     0  startup_stm32f446xx.o(.text)
    I2C2_EV_IRQHandler                       0x080002bf   Thumb Code     0  startup_stm32f446xx.o(.text)
    I2C3_ER_IRQHandler                       0x080002bf   Thumb Code     0  startup_stm32f446xx.o(.text)
    I2C3_EV_IRQHandler                       0x080002bf   Thumb Code     0  startup_stm32f446xx.o(.text)
    OTG_FS_IRQHandler                        0x080002bf   Thumb Code     0  startup_stm32f446xx.o(.text)
    OTG_FS_WKUP_IRQHandler                   0x080002bf   Thumb Code     0  startup_stm32f446xx.o(.text)
    OTG_HS_EP1_IN_IRQHandler                 0x080002bf   Thumb Code     0  startup_stm32f446xx.o(.text)
    OTG_HS_EP1_OUT_IRQHandler                0x080002bf   Thumb Code     0  startup_stm32f446xx.o(.text)
    OTG_HS_IRQHandler                        0x080002bf   Thumb Code     0  startup_stm32f446xx.o(.text)
    OTG_HS_WKUP_IRQHandler                   0x080002bf   Thumb Code     0  startup_stm32f446xx.o(.text)
    PVD_IRQHandler                           0x080002bf   Thumb Code     0  startup_stm32f446xx.o(.text)
    QUADSPI_IRQHandler                       0x080002bf   Thumb Code     0  startup_stm32f446xx.o(.text)
    RCC_IRQHandler                           0x080002bf   Thumb Code     0  startup_stm32f446xx.o(.text)
    RTC_Alarm_IRQHandler                     0x080002bf   Thumb Code     0  startup_stm32f446xx.o(.text)
    RTC_WKUP_IRQHandler                      0x080002bf   Thumb Code     0  startup_stm32f446xx.o(.text)
    SAI1_IRQHandler                          0x080002bf   Thumb Code     0  startup_stm32f446xx.o(.text)
    SAI2_IRQHandler                          0x080002bf   Thumb Code     0  startup_stm32f446xx.o(.text)
    SDIO_IRQHandler                          0x080002bf   Thumb Code     0  startup_stm32f446xx.o(.text)
    SPDIF_RX_IRQHandler                      0x080002bf   Thumb Code     0  startup_stm32f446xx.o(.text)
    SPI1_IRQHandler                          0x080002bf   Thumb Code     0  startup_stm32f446xx.o(.text)
    SPI2_IRQHandler                          0x080002bf   Thumb Code     0  startup_stm32f446xx.o(.text)
    SPI3_IRQHandler                          0x080002bf   Thumb Code     0  startup_stm32f446xx.o(.text)
    SPI4_IRQHandler                          0x080002bf   Thumb Code     0  startup_stm32f446xx.o(.text)
    TAMP_STAMP_IRQHandler                    0x080002bf   Thumb Code     0  startup_stm32f446xx.o(.text)
    TIM1_BRK_TIM9_IRQHandler                 0x080002bf   Thumb Code     0  startup_stm32f446xx.o(.text)
    TIM1_CC_IRQHandler                       0x080002bf   Thumb Code     0  startup_stm32f446xx.o(.text)
    TIM1_TRG_COM_TIM11_IRQHandler            0x080002bf   Thumb Code     0  startup_stm32f446xx.o(.text)
    TIM1_UP_TIM10_IRQHandler                 0x080002bf   Thumb Code     0  startup_stm32f446xx.o(.text)
    TIM3_IRQHandler                          0x080002bf   Thumb Code     0  startup_stm32f446xx.o(.text)
    TIM5_IRQHandler                          0x080002bf   Thumb Code     0  startup_stm32f446xx.o(.text)
    TIM6_DAC_IRQHandler                      0x080002bf   Thumb Code     0  startup_stm32f446xx.o(.text)
    TIM7_IRQHandler                          0x080002bf   Thumb Code     0  startup_stm32f446xx.o(.text)
    TIM8_BRK_TIM12_IRQHandler                0x080002bf   Thumb Code     0  startup_stm32f446xx.o(.text)
    TIM8_CC_IRQHandler                       0x080002bf   Thumb Code     0  startup_stm32f446xx.o(.text)
    TIM8_TRG_COM_TIM14_IRQHandler            0x080002bf   Thumb Code     0  startup_stm32f446xx.o(.text)
    TIM8_UP_TIM13_IRQHandler                 0x080002bf   Thumb Code     0  startup_stm32f446xx.o(.text)
    UART4_IRQHandler                         0x080002bf   Thumb Code     0  startup_stm32f446xx.o(.text)
    UART5_IRQHandler                         0x080002bf   Thumb Code     0  startup_stm32f446xx.o(.text)
    USART2_IRQHandler                        0x080002bf   Thumb Code     0  startup_stm32f446xx.o(.text)
    USART3_IRQHandler                        0x080002bf   Thumb Code     0  startup_stm32f446xx.o(.text)
    WWDG_IRQHandler                          0x080002bf   Thumb Code     0  startup_stm32f446xx.o(.text)
    __user_initial_stackheap                 0x080002c1   Thumb Code     0  startup_stm32f446xx.o(.text)
    __aeabi_uldivmod                         0x080002e5   Thumb Code     0  lludivv7m.o(.text)
    _ll_udiv                                 0x080002e5   Thumb Code   238  lludivv7m.o(.text)
    __aeabi_ldivmod                          0x080003d3   Thumb Code     0  llsdiv.o(.text)
    _ll_sdiv                                 0x080003d3   Thumb Code    72  llsdiv.o(.text)
    __aeabi_memcpy                           0x0800041b   Thumb Code     0  rt_memcpy_v6.o(.text)
    __rt_memcpy                              0x0800041b   Thumb Code   138  rt_memcpy_v6.o(.text)
    _memcpy_lastbytes                        0x08000481   Thumb Code     0  rt_memcpy_v6.o(.text)
    __aeabi_memcpy4                          0x080004a5   Thumb Code     0  rt_memcpy_w.o(.text)
    __aeabi_memcpy8                          0x080004a5   Thumb Code     0  rt_memcpy_w.o(.text)
    __rt_memcpy_w                            0x080004a5   Thumb Code   100  rt_memcpy_w.o(.text)
    _memcpy_lastbytes_aligned                0x080004ed   Thumb Code     0  rt_memcpy_w.o(.text)
    __aeabi_memclr4                          0x08000509   Thumb Code     0  rt_memclr_w.o(.text)
    __aeabi_memclr8                          0x08000509   Thumb Code     0  rt_memclr_w.o(.text)
    __rt_memclr_w                            0x08000509   Thumb Code    78  rt_memclr_w.o(.text)
    _memset_w                                0x0800050d   Thumb Code     0  rt_memclr_w.o(.text)
    __use_two_region_memory                  0x08000557   Thumb Code     2  heapauxi.o(.text)
    __rt_heap_escrow$2region                 0x08000559   Thumb Code     2  heapauxi.o(.text)
    __rt_heap_expand$2region                 0x0800055b   Thumb Code     2  heapauxi.o(.text)
    __user_setup_stackheap                   0x0800055d   Thumb Code    74  sys_stackheap_outer.o(.text)
    exit                                     0x080005a7   Thumb Code    18  exit.o(.text)
    __user_libspace                          0x080005b9   Thumb Code     8  libspace.o(.text)
    __user_perproc_libspace                  0x080005b9   Thumb Code     0  libspace.o(.text)
    __user_perthread_libspace                0x080005b9   Thumb Code     0  libspace.o(.text)
    _sys_exit                                0x080005c1   Thumb Code     8  sys_exit.o(.text)
    __I$use$semihosting                      0x080005cd   Thumb Code     0  use_no_semi.o(.text)
    __use_no_semihosting_swi                 0x080005cd   Thumb Code     2  use_no_semi.o(.text)
    __semihosting_library_function           0x080005cf   Thumb Code     0  indicate_semi.o(.text)
    AX_LASER_Start                           0x080005d1   Thumb Code   102  rader.o(i.AX_LASER_Start)
    BusFault_Handler                         0x08000659   Thumb Code     2  stm32f4xx_it.o(i.BusFault_Handler)
    Change_PID_setpoint                      0x0800065b   Thumb Code     6  pid.o(i.Change_PID_setpoint)
    DMA2_Stream2_IRQHandler                  0x08000661   Thumb Code     6  stm32f4xx_it.o(i.DMA2_Stream2_IRQHandler)
    DMA2_Stream7_IRQHandler                  0x0800066d   Thumb Code     6  stm32f4xx_it.o(i.DMA2_Stream7_IRQHandler)
    DebugMon_Handler                         0x0800071d   Thumb Code     2  stm32f4xx_it.o(i.DebugMon_Handler)
    EXTI15_10_IRQHandler                     0x0800071f   Thumb Code    22  stm32f4xx_it.o(i.EXTI15_10_IRQHandler)
    EXTI9_5_IRQHandler                       0x08000735   Thumb Code     8  stm32f4xx_it.o(i.EXTI9_5_IRQHandler)
    Error_Handler                            0x0800073d   Thumb Code     4  main.o(i.Error_Handler)
    GetTime_us                               0x08000741   Thumb Code    36  my_systick.o(i.GetTime_us)
    HAL_DMA_Abort                            0x0800076d   Thumb Code   146  stm32f4xx_hal_dma.o(i.HAL_DMA_Abort)
    HAL_DMA_Abort_IT                         0x080007ff   Thumb Code    36  stm32f4xx_hal_dma.o(i.HAL_DMA_Abort_IT)
    HAL_DMA_IRQHandler                       0x08000825   Thumb Code   412  stm32f4xx_hal_dma.o(i.HAL_DMA_IRQHandler)
    HAL_DMA_Init                             0x080009c5   Thumb Code   206  stm32f4xx_hal_dma.o(i.HAL_DMA_Init)
    HAL_DMA_Start_IT                         0x08000a99   Thumb Code   110  stm32f4xx_hal_dma.o(i.HAL_DMA_Start_IT)
    HAL_Delay                                0x08000b09   Thumb Code    32  stm32f4xx_hal.o(i.HAL_Delay)
    HAL_GPIO_EXTI_Callback                   0x08000b2d   Thumb Code   334  encoder.o(i.HAL_GPIO_EXTI_Callback)
    HAL_GPIO_EXTI_IRQHandler                 0x08000c89   Thumb Code    18  stm32f4xx_hal_gpio.o(i.HAL_GPIO_EXTI_IRQHandler)
    HAL_GPIO_Init                            0x08000ca1   Thumb Code   436  stm32f4xx_hal_gpio.o(i.HAL_GPIO_Init)
    HAL_GPIO_ReadPin                         0x08000e7d   Thumb Code    10  stm32f4xx_hal_gpio.o(i.HAL_GPIO_ReadPin)
    HAL_GPIO_WritePin                        0x08000e87   Thumb Code    10  stm32f4xx_hal_gpio.o(i.HAL_GPIO_WritePin)
    HAL_GetTick                              0x08000e91   Thumb Code     6  stm32f4xx_hal.o(i.HAL_GetTick)
    HAL_IncTick                              0x08000e9d   Thumb Code    12  stm32f4xx_hal.o(i.HAL_IncTick)
    HAL_Init                                 0x08000ead   Thumb Code    48  stm32f4xx_hal.o(i.HAL_Init)
    HAL_InitTick                             0x08000ee1   Thumb Code    54  stm32f4xx_hal.o(i.HAL_InitTick)
    HAL_MspInit                              0x08000f21   Thumb Code    48  stm32f4xx_hal_msp.o(i.HAL_MspInit)
    HAL_NVIC_EnableIRQ                       0x08000f55   Thumb Code    26  stm32f4xx_hal_cortex.o(i.HAL_NVIC_EnableIRQ)
    HAL_NVIC_SetPriority                     0x08000f71   Thumb Code    60  stm32f4xx_hal_cortex.o(i.HAL_NVIC_SetPriority)
    HAL_NVIC_SetPriorityGrouping             0x08000fb1   Thumb Code    26  stm32f4xx_hal_cortex.o(i.HAL_NVIC_SetPriorityGrouping)
    HAL_RCC_ClockConfig                      0x08000fd5   Thumb Code   288  stm32f4xx_hal_rcc.o(i.HAL_RCC_ClockConfig)
    HAL_RCC_GetPCLK1Freq                     0x08001109   Thumb Code    20  stm32f4xx_hal_rcc.o(i.HAL_RCC_GetPCLK1Freq)
    HAL_RCC_GetPCLK2Freq                     0x08001129   Thumb Code    20  stm32f4xx_hal_rcc.o(i.HAL_RCC_GetPCLK2Freq)
    HAL_RCC_GetSysClockFreq                  0x08001149   Thumb Code   140  stm32f4xx_hal_rcc_ex.o(i.HAL_RCC_GetSysClockFreq)
    HAL_RCC_OscConfig                        0x080011dd   Thumb Code   900  stm32f4xx_hal_rcc_ex.o(i.HAL_RCC_OscConfig)
    HAL_SPI_Init                             0x08001575   Thumb Code   188  stm32f4xx_hal_spi.o(i.HAL_SPI_Init)
    HAL_SPI_MspInit                          0x08001631   Thumb Code   144  spi.o(i.HAL_SPI_MspInit)
    HAL_SPI_Transmit                         0x080016d1   Thumb Code   358  stm32f4xx_hal_spi.o(i.HAL_SPI_Transmit)
    HAL_SPI_TransmitReceive                  0x08001837   Thumb Code   496  stm32f4xx_hal_spi.o(i.HAL_SPI_TransmitReceive)
    HAL_SYSTICK_Config                       0x08001a27   Thumb Code    40  stm32f4xx_hal_cortex.o(i.HAL_SYSTICK_Config)
    HAL_TIMEx_BreakCallback                  0x08001a4f   Thumb Code     2  stm32f4xx_hal_tim_ex.o(i.HAL_TIMEx_BreakCallback)
    HAL_TIMEx_CommutCallback                 0x08001a51   Thumb Code     2  stm32f4xx_hal_tim_ex.o(i.HAL_TIMEx_CommutCallback)
    HAL_TIMEx_MasterConfigSynchronization    0x08001a55   Thumb Code   116  stm32f4xx_hal_tim_ex.o(i.HAL_TIMEx_MasterConfigSynchronization)
    HAL_TIM_Base_Init                        0x08001ae5   Thumb Code    90  stm32f4xx_hal_tim.o(i.HAL_TIM_Base_Init)
    HAL_TIM_Base_MspInit                     0x08001b41   Thumb Code   130  tim.o(i.HAL_TIM_Base_MspInit)
    HAL_TIM_Base_Start_IT                    0x08001bd5   Thumb Code   100  stm32f4xx_hal_tim.o(i.HAL_TIM_Base_Start_IT)
    HAL_TIM_ConfigClockSource                0x08001c55   Thumb Code   220  stm32f4xx_hal_tim.o(i.HAL_TIM_ConfigClockSource)
    HAL_TIM_IC_CaptureCallback               0x08001d31   Thumb Code     2  stm32f4xx_hal_tim.o(i.HAL_TIM_IC_CaptureCallback)
    HAL_TIM_IRQHandler                       0x08001d33   Thumb Code   304  stm32f4xx_hal_tim.o(i.HAL_TIM_IRQHandler)
    HAL_TIM_MspPostInit                      0x08001e65   Thumb Code   106  tim.o(i.HAL_TIM_MspPostInit)
    HAL_TIM_OC_DelayElapsedCallback          0x08001ee5   Thumb Code     2  stm32f4xx_hal_tim.o(i.HAL_TIM_OC_DelayElapsedCallback)
    HAL_TIM_PWM_ConfigChannel                0x08001ee7   Thumb Code   204  stm32f4xx_hal_tim.o(i.HAL_TIM_PWM_ConfigChannel)
    HAL_TIM_PWM_Init                         0x08001fb3   Thumb Code    90  stm32f4xx_hal_tim.o(i.HAL_TIM_PWM_Init)
    HAL_TIM_PWM_MspInit                      0x0800200d   Thumb Code     2  stm32f4xx_hal_tim.o(i.HAL_TIM_PWM_MspInit)
    HAL_TIM_PWM_PulseFinishedCallback        0x0800200f   Thumb Code     2  stm32f4xx_hal_tim.o(i.HAL_TIM_PWM_PulseFinishedCallback)
    HAL_TIM_PWM_Start                        0x08002011   Thumb Code   172  stm32f4xx_hal_tim.o(i.HAL_TIM_PWM_Start)
    HAL_TIM_PeriodElapsedCallback            0x080020d9   Thumb Code  1810  main.o(i.HAL_TIM_PeriodElapsedCallback)
    HAL_TIM_TriggerCallback                  0x0800280d   Thumb Code     2  stm32f4xx_hal_tim.o(i.HAL_TIM_TriggerCallback)
    HAL_UARTEx_RxEventCallback               0x0800280f   Thumb Code     2  stm32f4xx_hal_uart.o(i.HAL_UARTEx_RxEventCallback)
    HAL_UART_ErrorCallback                   0x08002811   Thumb Code    16  main.o(i.HAL_UART_ErrorCallback)
    HAL_UART_GetState                        0x08002829   Thumb Code    10  stm32f4xx_hal_uart.o(i.HAL_UART_GetState)
    HAL_UART_IRQHandler                      0x08002835   Thumb Code   636  stm32f4xx_hal_uart.o(i.HAL_UART_IRQHandler)
    HAL_UART_Init                            0x08002ab5   Thumb Code   100  stm32f4xx_hal_uart.o(i.HAL_UART_Init)
    HAL_UART_MspInit                         0x08002b19   Thumb Code   318  usart.o(i.HAL_UART_MspInit)
    HAL_UART_Receive_DMA                     0x08002c79   Thumb Code    28  stm32f4xx_hal_uart.o(i.HAL_UART_Receive_DMA)
    HAL_UART_Receive_IT                      0x08002c95   Thumb Code    28  stm32f4xx_hal_uart.o(i.HAL_UART_Receive_IT)
    HAL_UART_RxCpltCallback                  0x08002cb1   Thumb Code   144  main.o(i.HAL_UART_RxCpltCallback)
    HAL_UART_RxHalfCpltCallback              0x08002d59   Thumb Code     2  stm32f4xx_hal_uart.o(i.HAL_UART_RxHalfCpltCallback)
    HAL_UART_Transmit                        0x08002d5b   Thumb Code   160  stm32f4xx_hal_uart.o(i.HAL_UART_Transmit)
    HAL_UART_Transmit_DMA                    0x08002dfd   Thumb Code   120  stm32f4xx_hal_uart.o(i.HAL_UART_Transmit_DMA)
    HAL_UART_TxCpltCallback                  0x08002e81   Thumb Code    16  main.o(i.HAL_UART_TxCpltCallback)
    HAL_UART_TxHalfCpltCallback              0x08002e99   Thumb Code     2  stm32f4xx_hal_uart.o(i.HAL_UART_TxHalfCpltCallback)
    HardFault_Handler                        0x08002e9b   Thumb Code     2  stm32f4xx_it.o(i.HardFault_Handler)
    LS_DataHandle                            0x08002e9d   Thumb Code   316  rader.o(i.LS_DataHandle)
    MPU6500_Init                             0x08002ff5   Thumb Code    80  mpu6500.o(i.MPU6500_Init)
    MPU6500_Read_Data                        0x08003045   Thumb Code   158  mpu6500.o(i.MPU6500_Read_Data)
    MPU6500_Read_Data_float                  0x080030ed   Thumb Code   208  mpu6500.o(i.MPU6500_Read_Data_float)
    MPU6500_Write_Byte                       0x080031cd   Thumb Code    58  mpu6500.o(i.MPU6500_Write_Byte)
    MX_DMA_Init                              0x08003211   Thumb Code    56  dma.o(i.MX_DMA_Init)
    MX_GPIO_Init                             0x0800324d   Thumb Code   252  gpio.o(i.MX_GPIO_Init)
    MX_SPI2_Init                             0x08003359   Thumb Code    60  spi.o(i.MX_SPI2_Init)
    MX_TIM2_Init                             0x0800339d   Thumb Code    92  tim.o(i.MX_TIM2_Init)
    MX_TIM3_Init                             0x080033fd   Thumb Code   158  tim.o(i.MX_TIM3_Init)
    MX_TIM4_Init                             0x080034a5   Thumb Code    98  tim.o(i.MX_TIM4_Init)
    MX_TIM5_Init                             0x08003511   Thumb Code   158  tim.o(i.MX_TIM5_Init)
    MX_USART1_UART_Init                      0x080035b9   Thumb Code    48  usart.o(i.MX_USART1_UART_Init)
    MX_USART6_UART_Init                      0x080035f1   Thumb Code    48  usart.o(i.MX_USART6_UART_Init)
    MY_TIM2_IRQHandler                       0x08003629   Thumb Code    26  my_systick.o(i.MY_TIM2_IRQHandler)
    MemManage_Handler                        0x08003649   Thumb Code     2  stm32f4xx_it.o(i.MemManage_Handler)
    NMI_Handler                              0x0800364b   Thumb Code     2  stm32f4xx_it.o(i.NMI_Handler)
    PID_increment                            0x0800364d   Thumb Code  1580  pid.o(i.PID_increment)
    PID_init                                 0x08003ca9   Thumb Code   134  pid.o(i.PID_init)
    PendSV_Handler                           0x08003d41   Thumb Code     2  stm32f4xx_it.o(i.PendSV_Handler)
    ProcessSpeedCommandDMA                   0x08003d45   Thumb Code   220  main.o(i.ProcessSpeedCommandDMA)
    ReadDistance_A                           0x08003e35   Thumb Code     8  encoder.o(i.ReadDistance_A)
    ReadDistance_B                           0x08003e41   Thumb Code     8  encoder.o(i.ReadDistance_B)
    SVC_Handler                              0x08003f75   Thumb Code     2  stm32f4xx_it.o(i.SVC_Handler)
    Set_PWM_A                                0x08003f79   Thumb Code    10  pwm.o(i.Set_PWM_A)
    Set_PWM_B                                0x08003f89   Thumb Code    10  pwm.o(i.Set_PWM_B)
    SysTick_Handler                          0x08003f99   Thumb Code     4  stm32f4xx_it.o(i.SysTick_Handler)
    SystemClock_Config                       0x08003f9d   Thumb Code   142  main.o(i.SystemClock_Config)
    SystemInit                               0x08004035   Thumb Code    12  system_stm32f4xx.o(i.SystemInit)
    TIM2_IRQHandler                          0x08004045   Thumb Code     6  stm32f4xx_it.o(i.TIM2_IRQHandler)
    TIM4_IRQHandler                          0x08004051   Thumb Code     6  stm32f4xx_it.o(i.TIM4_IRQHandler)
    TIM_Base_SetConfig                       0x0800405d   Thumb Code   164  stm32f4xx_hal_tim.o(i.TIM_Base_SetConfig)
    TIM_CCxChannelCmd                        0x0800412d   Thumb Code    26  stm32f4xx_hal_tim.o(i.TIM_CCxChannelCmd)
    TIM_ETR_SetConfig                        0x08004147   Thumb Code    20  stm32f4xx_hal_tim.o(i.TIM_ETR_SetConfig)
    TIM_OC2_SetConfig                        0x080041cd   Thumb Code    98  stm32f4xx_hal_tim.o(i.TIM_OC2_SetConfig)
    UART_Start_Receive_DMA                   0x080046b9   Thumb Code   146  stm32f4xx_hal_uart.o(i.UART_Start_Receive_DMA)
    UART_Start_Receive_IT                    0x08004759   Thumb Code    54  stm32f4xx_hal_uart.o(i.UART_Start_Receive_IT)
    USART1_IRQHandler                        0x08004801   Thumb Code     6  stm32f4xx_it.o(i.USART1_IRQHandler)
    USART6_IRQHandler                        0x0800480d   Thumb Code     6  stm32f4xx_it.o(i.USART6_IRQHandler)
    UsageFault_Handler                       0x08004819   Thumb Code     2  stm32f4xx_it.o(i.UsageFault_Handler)
    Yaw_Update                               0x0800481d   Thumb Code   112  mpu6500.o(i.Yaw_Update)
    __hardfp_fabs                            0x080048c5   Thumb Code    20  fabs.o(i.__hardfp_fabs)
    main                                     0x080048d9   Thumb Code   192  main.o(i.main)
    swap_double                              0x080049c9   Thumb Code    50  frame.o(i.swap_double)
    swap_float                               0x080049fb   Thumb Code    12  frame.o(i.swap_float)
    swap_uint16                              0x08004a07   Thumb Code    10  frame.o(i.swap_uint16)
    __aeabi_d2f                              0x08004a11   Thumb Code     0  d2f.o(x$fpl$d2f)
    _d2f                                     0x08004a11   Thumb Code    98  d2f.o(x$fpl$d2f)
    __aeabi_dadd                             0x08004a75   Thumb Code     0  daddsub_clz.o(x$fpl$dadd)
    _dadd                                    0x08004a75   Thumb Code   332  daddsub_clz.o(x$fpl$dadd)
    __fpl_dcmp_Inf                           0x08004bc5   Thumb Code    24  dcmpi.o(x$fpl$dcmpinf)
    __aeabi_ddiv                             0x08004bdd   Thumb Code     0  ddiv.o(x$fpl$ddiv)
    _ddiv                                    0x08004bdd   Thumb Code   552  ddiv.o(x$fpl$ddiv)
    __aeabi_cdcmpeq                          0x08004e8d   Thumb Code     0  deqf.o(x$fpl$deqf)
    _dcmpeq                                  0x08004e8d   Thumb Code   120  deqf.o(x$fpl$deqf)
    __aeabi_d2iz                             0x08004f05   Thumb Code     0  dfix.o(x$fpl$dfix)
    _dfix                                    0x08004f05   Thumb Code    94  dfix.o(x$fpl$dfix)
    __aeabi_d2uiz                            0x08004f65   Thumb Code     0  dfixu.o(x$fpl$dfixu)
    _dfixu                                   0x08004f65   Thumb Code    90  dfixu.o(x$fpl$dfixu)
    __aeabi_l2d                              0x08004fc1   Thumb Code     0  dfltll_clz.o(x$fpl$dfltll)
    _ll_sto_d                                0x08004fc1   Thumb Code   162  dfltll_clz.o(x$fpl$dfltll)
    __aeabi_ui2d                             0x08005063   Thumb Code     0  dflt_clz.o(x$fpl$dfltu)
    _dfltu                                   0x08005063   Thumb Code    38  dflt_clz.o(x$fpl$dfltu)
    __aeabi_cdcmple                          0x08005089   Thumb Code     0  dleqf.o(x$fpl$dleqf)
    _dcmple                                  0x08005089   Thumb Code   120  dleqf.o(x$fpl$dleqf)
    __fpl_dcmple_InfNaN                      0x080050eb   Thumb Code     0  dleqf.o(x$fpl$dleqf)
    __aeabi_dmul                             0x08005101   Thumb Code     0  dmul.o(x$fpl$dmul)
    _dmul                                    0x08005101   Thumb Code   332  dmul.o(x$fpl$dmul)
    __fpl_dnaninf                            0x08005255   Thumb Code   156  dnaninf.o(x$fpl$dnaninf)
    __fpl_dretinf                            0x080052f1   Thumb Code    12  dretinf.o(x$fpl$dretinf)
    __aeabi_cdrcmple                         0x080052fd   Thumb Code     0  drleqf.o(x$fpl$drleqf)
    _drcmple                                 0x080052fd   Thumb Code   108  drleqf.o(x$fpl$drleqf)
    __aeabi_dsub                             0x08005369   Thumb Code     0  daddsub_clz.o(x$fpl$dsub)
    _dsub                                    0x08005369   Thumb Code   464  daddsub_clz.o(x$fpl$dsub)
    __aeabi_f2d                              0x0800553d   Thumb Code     0  f2d.o(x$fpl$f2d)
    _f2d                                     0x0800553d   Thumb Code    86  f2d.o(x$fpl$f2d)
    __fpl_fnaninf                            0x08005593   Thumb Code   140  fnaninf.o(x$fpl$fnaninf)
    _fp_init                                 0x0800561f   Thumb Code    10  fpinit.o(x$fpl$fpinit)
    __fplib_config_fpu_vfp                   0x08005627   Thumb Code     0  fpinit.o(x$fpl$fpinit)
    __fplib_config_pureend_doubles           0x08005627   Thumb Code     0  fpinit.o(x$fpl$fpinit)
    __fpl_fretinf                            0x08005629   Thumb Code    10  fretinf.o(x$fpl$fretinf)
    __I$use$fp                               0x08005632   Number         0  usenofp.o(x$fpl$usenofp)
    AHBPrescTable                            0x0800563a   Data          16  system_stm32f4xx.o(.constdata)
    APBPrescTable                            0x0800564a   Data           8  system_stm32f4xx.o(.constdata)
    Region$$Table$$Base                      0x08005654   Number         0  anon$$obj.o(Region$$Table)
    Region$$Table$$Limit                     0x08005674   Number         0  anon$$obj.o(Region$$Table)
    uart1_tx_dma_complete                    0x20000000   Data           1  main.o(.data)
    last_dma_counter                         0x20000004   Data           2  main.o(.data)
    EA_time_latest                           0x20000008   Data           4  main.o(.data)
    EA_time_last                             0x2000000c   Data           4  main.o(.data)
    EB_time_latest                           0x20000010   Data           4  main.o(.data)
    EB_time_last                             0x20000014   Data           4  main.o(.data)
    time_latest                              0x20000018   Data           4  main.o(.data)
    time_last                                0x2000001c   Data           4  main.o(.data)
    A_pwm_offset                             0x20000020   Data           4  main.o(.data)
    B_pwm_offset                             0x20000024   Data           4  main.o(.data)
    duty_A                                   0x20000028   Data           4  main.o(.data)
    duty_B                                   0x2000002c   Data           4  main.o(.data)
    linear_speed_cmd                         0x20000030   Data           4  main.o(.data)
    angular_speed_cmd                        0x20000034   Data           4  main.o(.data)
    count1                                   0x20000038   Data           4  main.o(.data)
    count2                                   0x2000003c   Data           4  main.o(.data)
    count3                                   0x20000040   Data           4  main.o(.data)
    ax                                       0x20000048   Data           4  main.o(.data)
    ay                                       0x2000004c   Data           4  main.o(.data)
    az                                       0x20000050   Data           4  main.o(.data)
    gx                                       0x20000054   Data           4  main.o(.data)
    gy                                       0x20000058   Data           4  main.o(.data)
    gz                                       0x2000005c   Data           4  main.o(.data)
    temp                                     0x20000060   Data           4  main.o(.data)
    gz_last                                  0x20000064   Data           4  main.o(.data)
    yaw_last                                 0x20000068   Data           4  main.o(.data)
    roll                                     0x2000006c   Data           4  main.o(.data)
    pitch                                    0x20000070   Data           4  main.o(.data)
    yaw                                      0x20000074   Data           4  main.o(.data)
    A_speed                                  0x20000078   Data           8  main.o(.data)
    B_speed                                  0x20000080   Data           8  main.o(.data)
    speed_linear                             0x20000088   Data           8  main.o(.data)
    dis_A_latest                             0x20000090   Data           8  main.o(.data)
    dis_A_last                               0x20000098   Data           8  main.o(.data)
    dis_B_latest                             0x200000a0   Data           8  main.o(.data)
    dis_B_last                               0x200000a8   Data           8  main.o(.data)
    linear_speed_goal                        0x200000b0   Data           8  main.o(.data)
    uwTickFreq                               0x200000c0   Data           1  stm32f4xx_hal.o(.data)
    uwTickPrio                               0x200000c4   Data           4  stm32f4xx_hal.o(.data)
    uwTick                                   0x200000c8   Data           4  stm32f4xx_hal.o(.data)
    SystemCoreClock                          0x200000cc   Data           4  system_stm32f4xx.o(.data)
    direction_A                              0x200000d0   Data           4  encoder.o(.data)
    direction_B                              0x200000d4   Data           4  encoder.o(.data)
    encoderA_line                            0x200000d8   Data           8  encoder.o(.data)
    encoderB_line                            0x200000e0   Data           8  encoder.o(.data)
    wheelA_dis                               0x200000e8   Data           8  encoder.o(.data)
    wheelB_dis                               0x200000f0   Data           8  encoder.o(.data)
    t0_A                                     0x200000f8   Data           8  encoder.o(.data)
    t1_A                                     0x20000100   Data           8  encoder.o(.data)
    t0_B                                     0x20000108   Data           8  encoder.o(.data)
    t1_B                                     0x20000110   Data           8  encoder.o(.data)
    period_num                               0x20000118   Data           8  my_systick.o(.data)
    uart4_rx_con                             0x20000120   Data           1  rader.o(.data)
    uart4_rx_data                            0x20000124   Data           1  rader.o(.data)
    uart4_rx_chksum                          0x2000012c   Data           1  rader.o(.data)
    sum_bound_A_up                           0x20000130   Data           4  pid.o(.data)
    sum_bound_A_down                         0x20000134   Data           4  pid.o(.data)
    sum_bound_B_up                           0x20000138   Data           4  pid.o(.data)
    sum_bound_B_down                         0x2000013c   Data           4  pid.o(.data)
    sum_bound_gz_up                          0x20000140   Data           4  pid.o(.data)
    sum_bound_gz_down                        0x20000144   Data           4  pid.o(.data)
    A_speed_low_PID_param                    0x20000148   Data          12  pid.o(.data)
    A_speed_mid_PID_param                    0x20000154   Data          12  pid.o(.data)
    A_speed_high_PID_param                   0x20000160   Data          12  pid.o(.data)
    B_speed_low_PID_param                    0x2000016c   Data          12  pid.o(.data)
    B_speed_mid_PID_param                    0x20000178   Data          12  pid.o(.data)
    B_speed_high_PID_param                   0x20000184   Data          12  pid.o(.data)
    gz_low_PID_param                         0x20000190   Data          12  pid.o(.data)
    frame                                    0x200001a8   Data         572  main.o(.bss)
    speed_cmd_dma_buffer                     0x200003e4   Data          64  main.o(.bss)
    hspi2                                    0x20000424   Data          88  spi.o(.bss)
    htim2                                    0x2000047c   Data          72  tim.o(.bss)
    htim3                                    0x200004c4   Data          72  tim.o(.bss)
    htim4                                    0x2000050c   Data          72  tim.o(.bss)
    htim5                                    0x20000554   Data          72  tim.o(.bss)
    huart1                                   0x2000059c   Data          72  usart.o(.bss)
    huart6                                   0x200005e4   Data          72  usart.o(.bss)
    hdma_usart1_tx                           0x2000062c   Data          96  usart.o(.bss)
    hdma_usart1_rx                           0x2000068c   Data          96  usart.o(.bss)
    uart4_rx_buf                             0x20000ad4   Data         100  rader.o(.bss)
    uart4_tx_buf                             0x20000b38   Data          10  rader.o(.bss)
    ax_ls_point                              0x20000b42   Data        1000  rader.o(.bss)
    attitude                                 0x20000f2c   Data          16  mpu6500.o(.bss)
    Mechanical_zero                          0x20000f40   Data          12  pid.o(.bss)
    A_speed_PID_controller                   0x20000f50   Data          64  pid.o(.bss)
    B_speed_PID_controller                   0x20000f90   Data          64  pid.o(.bss)
    gz_PID_controller                        0x20000fd0   Data          64  pid.o(.bss)
    __libspace_start                         0x20001010   Data          96  libspace.o(.bss)
    __temporary_stack_top$libspace           0x20001070   Data           0  libspace.o(.bss)



==============================================================================

Memory Map of the image

  Image Entry point : 0x080001c5

  Load Region LR_IROM1 (Base: 0x08000000, Size: 0x00005810, Max: 0x00080000, ABSOLUTE, COMPRESSED[0x000056c4])

    Execution Region ER_IROM1 (Exec base: 0x08000000, Load base: 0x08000000, Size: 0x00005674, Max: 0x00080000, ABSOLUTE)

    Exec Addr    Load Addr    Size         Type   Attr      Idx    E Section Name        Object

    0x08000000   0x08000000   0x000001c4   Data   RO            3    RESET               startup_stm32f446xx.o
    0x080001c4   0x080001c4   0x00000008   Code   RO         3912  * !!!main             c_w.l(__main.o)
    0x080001cc   0x080001cc   0x00000034   Code   RO         4140    !!!scatter          c_w.l(__scatter.o)
    0x08000200   0x08000200   0x0000005a   Code   RO         4138    !!dczerorl2         c_w.l(__dczerorl2.o)
    0x0800025a   0x0800025a   0x00000002   PAD
    0x0800025c   0x0800025c   0x0000001c   Code   RO         4142    !!handler_zi        c_w.l(__scatter_zi.o)
    0x08000278   0x08000278   0x00000002   Code   RO         4006    .ARM.Collect$$libinit$$00000000  c_w.l(libinit.o)
    0x0800027a   0x0800027a   0x00000004   Code   RO         4018    .ARM.Collect$$libinit$$00000001  c_w.l(libinit2.o)
    0x0800027e   0x0800027e   0x00000000   Code   RO         4021    .ARM.Collect$$libinit$$00000004  c_w.l(libinit2.o)
    0x0800027e   0x0800027e   0x00000000   Code   RO         4024    .ARM.Collect$$libinit$$0000000A  c_w.l(libinit2.o)
    0x0800027e   0x0800027e   0x00000000   Code   RO         4026    .ARM.Collect$$libinit$$0000000C  c_w.l(libinit2.o)
    0x0800027e   0x0800027e   0x00000000   Code   RO         4028    .ARM.Collect$$libinit$$0000000E  c_w.l(libinit2.o)
    0x0800027e   0x0800027e   0x00000000   Code   RO         4031    .ARM.Collect$$libinit$$00000011  c_w.l(libinit2.o)
    0x0800027e   0x0800027e   0x00000000   Code   RO         4033    .ARM.Collect$$libinit$$00000013  c_w.l(libinit2.o)
    0x0800027e   0x0800027e   0x00000000   Code   RO         4035    .ARM.Collect$$libinit$$00000015  c_w.l(libinit2.o)
    0x0800027e   0x0800027e   0x00000000   Code   RO         4037    .ARM.Collect$$libinit$$00000017  c_w.l(libinit2.o)
    0x0800027e   0x0800027e   0x00000000   Code   RO         4039    .ARM.Collect$$libinit$$00000019  c_w.l(libinit2.o)
    0x0800027e   0x0800027e   0x00000000   Code   RO         4041    .ARM.Collect$$libinit$$0000001B  c_w.l(libinit2.o)
    0x0800027e   0x0800027e   0x00000000   Code   RO         4043    .ARM.Collect$$libinit$$0000001D  c_w.l(libinit2.o)
    0x0800027e   0x0800027e   0x00000000   Code   RO         4045    .ARM.Collect$$libinit$$0000001F  c_w.l(libinit2.o)
    0x0800027e   0x0800027e   0x00000000   Code   RO         4047    .ARM.Collect$$libinit$$00000021  c_w.l(libinit2.o)
    0x0800027e   0x0800027e   0x00000000   Code   RO         4049    .ARM.Collect$$libinit$$00000023  c_w.l(libinit2.o)
    0x0800027e   0x0800027e   0x00000000   Code   RO         4051    .ARM.Collect$$libinit$$00000025  c_w.l(libinit2.o)
    0x0800027e   0x0800027e   0x00000000   Code   RO         4055    .ARM.Collect$$libinit$$0000002C  c_w.l(libinit2.o)
    0x0800027e   0x0800027e   0x00000000   Code   RO         4057    .ARM.Collect$$libinit$$0000002E  c_w.l(libinit2.o)
    0x0800027e   0x0800027e   0x00000000   Code   RO         4059    .ARM.Collect$$libinit$$00000030  c_w.l(libinit2.o)
    0x0800027e   0x0800027e   0x00000000   Code   RO         4061    .ARM.Collect$$libinit$$00000032  c_w.l(libinit2.o)
    0x0800027e   0x0800027e   0x00000002   Code   RO         4062    .ARM.Collect$$libinit$$00000033  c_w.l(libinit2.o)
    0x08000280   0x08000280   0x00000002   Code   RO         4093    .ARM.Collect$$libshutdown$$00000000  c_w.l(libshutdown.o)
    0x08000282   0x08000282   0x00000000   Code   RO         4119    .ARM.Collect$$libshutdown$$00000002  c_w.l(libshutdown2.o)
    0x08000282   0x08000282   0x00000000   Code   RO         4121    .ARM.Collect$$libshutdown$$00000004  c_w.l(libshutdown2.o)
    0x08000282   0x08000282   0x00000000   Code   RO         4123    .ARM.Collect$$libshutdown$$00000006  c_w.l(libshutdown2.o)
    0x08000282   0x08000282   0x00000000   Code   RO         4126    .ARM.Collect$$libshutdown$$00000009  c_w.l(libshutdown2.o)
    0x08000282   0x08000282   0x00000000   Code   RO         4129    .ARM.Collect$$libshutdown$$0000000C  c_w.l(libshutdown2.o)
    0x08000282   0x08000282   0x00000000   Code   RO         4131    .ARM.Collect$$libshutdown$$0000000E  c_w.l(libshutdown2.o)
    0x08000282   0x08000282   0x00000000   Code   RO         4134    .ARM.Collect$$libshutdown$$00000011  c_w.l(libshutdown2.o)
    0x08000282   0x08000282   0x00000002   Code   RO         4135    .ARM.Collect$$libshutdown$$00000012  c_w.l(libshutdown2.o)
    0x08000284   0x08000284   0x00000000   Code   RO         3960    .ARM.Collect$$rtentry$$00000000  c_w.l(__rtentry.o)
    0x08000284   0x08000284   0x00000000   Code   RO         3977    .ARM.Collect$$rtentry$$00000002  c_w.l(__rtentry2.o)
    0x08000284   0x08000284   0x00000006   Code   RO         3989    .ARM.Collect$$rtentry$$00000004  c_w.l(__rtentry4.o)
    0x0800028a   0x0800028a   0x00000000   Code   RO         3979    .ARM.Collect$$rtentry$$00000009  c_w.l(__rtentry2.o)
    0x0800028a   0x0800028a   0x00000004   Code   RO         3980    .ARM.Collect$$rtentry$$0000000A  c_w.l(__rtentry2.o)
    0x0800028e   0x0800028e   0x00000000   Code   RO         3982    .ARM.Collect$$rtentry$$0000000C  c_w.l(__rtentry2.o)
    0x0800028e   0x0800028e   0x00000008   Code   RO         3983    .ARM.Collect$$rtentry$$0000000D  c_w.l(__rtentry2.o)
    0x08000296   0x08000296   0x00000002   Code   RO         4010    .ARM.Collect$$rtexit$$00000000  c_w.l(rtexit.o)
    0x08000298   0x08000298   0x00000000   Code   RO         4066    .ARM.Collect$$rtexit$$00000002  c_w.l(rtexit2.o)
    0x08000298   0x08000298   0x00000004   Code   RO         4067    .ARM.Collect$$rtexit$$00000003  c_w.l(rtexit2.o)
    0x0800029c   0x0800029c   0x00000006   Code   RO         4068    .ARM.Collect$$rtexit$$00000004  c_w.l(rtexit2.o)
    0x080002a2   0x080002a2   0x00000002   PAD
    0x080002a4   0x080002a4   0x00000040   Code   RO            4    .text               startup_stm32f446xx.o
    0x080002e4   0x080002e4   0x000000ee   Code   RO         3900    .text               c_w.l(lludivv7m.o)
    0x080003d2   0x080003d2   0x00000048   Code   RO         3902    .text               c_w.l(llsdiv.o)
    0x0800041a   0x0800041a   0x0000008a   Code   RO         3904    .text               c_w.l(rt_memcpy_v6.o)
    0x080004a4   0x080004a4   0x00000064   Code   RO         3906    .text               c_w.l(rt_memcpy_w.o)
    0x08000508   0x08000508   0x0000004e   Code   RO         3908    .text               c_w.l(rt_memclr_w.o)
    0x08000556   0x08000556   0x00000006   Code   RO         3910    .text               c_w.l(heapauxi.o)
    0x0800055c   0x0800055c   0x0000004a   Code   RO         3993    .text               c_w.l(sys_stackheap_outer.o)
    0x080005a6   0x080005a6   0x00000012   Code   RO         3995    .text               c_w.l(exit.o)
    0x080005b8   0x080005b8   0x00000008   Code   RO         4007    .text               c_w.l(libspace.o)
    0x080005c0   0x080005c0   0x0000000c   Code   RO         4063    .text               c_w.l(sys_exit.o)
    0x080005cc   0x080005cc   0x00000002   Code   RO         4082    .text               c_w.l(use_no_semi.o)
    0x080005ce   0x080005ce   0x00000000   Code   RO         4084    .text               c_w.l(indicate_semi.o)
    0x080005ce   0x080005ce   0x00000002   PAD
    0x080005d0   0x080005d0   0x00000088   Code   RO         3708    i.AX_LASER_Start    rader.o
    0x08000658   0x08000658   0x00000002   Code   RO          444    i.BusFault_Handler  stm32f4xx_it.o
    0x0800065a   0x0800065a   0x00000006   Code   RO         3858    i.Change_PID_setpoint  pid.o
    0x08000660   0x08000660   0x0000000c   Code   RO          445    i.DMA2_Stream2_IRQHandler  stm32f4xx_it.o
    0x0800066c   0x0800066c   0x0000000c   Code   RO          446    i.DMA2_Stream7_IRQHandler  stm32f4xx_it.o
    0x08000678   0x08000678   0x00000028   Code   RO         1457    i.DMA_CalcBaseAndBitshift  stm32f4xx_hal_dma.o
    0x080006a0   0x080006a0   0x00000054   Code   RO         1458    i.DMA_CheckFifoParam  stm32f4xx_hal_dma.o
    0x080006f4   0x080006f4   0x00000028   Code   RO         1459    i.DMA_SetConfig     stm32f4xx_hal_dma.o
    0x0800071c   0x0800071c   0x00000002   Code   RO          447    i.DebugMon_Handler  stm32f4xx_it.o
    0x0800071e   0x0800071e   0x00000016   Code   RO          448    i.EXTI15_10_IRQHandler  stm32f4xx_it.o
    0x08000734   0x08000734   0x00000008   Code   RO          449    i.EXTI9_5_IRQHandler  stm32f4xx_it.o
    0x0800073c   0x0800073c   0x00000004   Code   RO           13    i.Error_Handler     main.o
    0x08000740   0x08000740   0x0000002c   Code   RO         3637    i.GetTime_us        my_systick.o
    0x0800076c   0x0800076c   0x00000092   Code   RO         1460    i.HAL_DMA_Abort     stm32f4xx_hal_dma.o
    0x080007fe   0x080007fe   0x00000024   Code   RO         1461    i.HAL_DMA_Abort_IT  stm32f4xx_hal_dma.o
    0x08000822   0x08000822   0x00000002   PAD
    0x08000824   0x08000824   0x000001a0   Code   RO         1465    i.HAL_DMA_IRQHandler  stm32f4xx_hal_dma.o
    0x080009c4   0x080009c4   0x000000d4   Code   RO         1466    i.HAL_DMA_Init      stm32f4xx_hal_dma.o
    0x08000a98   0x08000a98   0x0000006e   Code   RO         1470    i.HAL_DMA_Start_IT  stm32f4xx_hal_dma.o
    0x08000b06   0x08000b06   0x00000002   PAD
    0x08000b08   0x08000b08   0x00000024   Code   RO         1915    i.HAL_Delay         stm32f4xx_hal.o
    0x08000b2c   0x08000b2c   0x0000015c   Code   RO         3544    i.HAL_GPIO_EXTI_Callback  encoder.o
    0x08000c88   0x08000c88   0x00000018   Code   RO         1352    i.HAL_GPIO_EXTI_IRQHandler  stm32f4xx_hal_gpio.o
    0x08000ca0   0x08000ca0   0x000001dc   Code   RO         1353    i.HAL_GPIO_Init     stm32f4xx_hal_gpio.o
    0x08000e7c   0x08000e7c   0x0000000a   Code   RO         1355    i.HAL_GPIO_ReadPin  stm32f4xx_hal_gpio.o
    0x08000e86   0x08000e86   0x0000000a   Code   RO         1357    i.HAL_GPIO_WritePin  stm32f4xx_hal_gpio.o
    0x08000e90   0x08000e90   0x0000000c   Code   RO         1921    i.HAL_GetTick       stm32f4xx_hal.o
    0x08000e9c   0x08000e9c   0x00000010   Code   RO         1927    i.HAL_IncTick       stm32f4xx_hal.o
    0x08000eac   0x08000eac   0x00000034   Code   RO         1928    i.HAL_Init          stm32f4xx_hal.o
    0x08000ee0   0x08000ee0   0x00000040   Code   RO         1929    i.HAL_InitTick      stm32f4xx_hal.o
    0x08000f20   0x08000f20   0x00000034   Code   RO          568    i.HAL_MspInit       stm32f4xx_hal_msp.o
    0x08000f54   0x08000f54   0x0000001a   Code   RO         1763    i.HAL_NVIC_EnableIRQ  stm32f4xx_hal_cortex.o
    0x08000f6e   0x08000f6e   0x00000002   PAD
    0x08000f70   0x08000f70   0x00000040   Code   RO         1769    i.HAL_NVIC_SetPriority  stm32f4xx_hal_cortex.o
    0x08000fb0   0x08000fb0   0x00000024   Code   RO         1770    i.HAL_NVIC_SetPriorityGrouping  stm32f4xx_hal_cortex.o
    0x08000fd4   0x08000fd4   0x00000134   Code   RO          915    i.HAL_RCC_ClockConfig  stm32f4xx_hal_rcc.o
    0x08001108   0x08001108   0x00000020   Code   RO          922    i.HAL_RCC_GetPCLK1Freq  stm32f4xx_hal_rcc.o
    0x08001128   0x08001128   0x00000020   Code   RO          923    i.HAL_RCC_GetPCLK2Freq  stm32f4xx_hal_rcc.o
    0x08001148   0x08001148   0x00000094   Code   RO         1026    i.HAL_RCC_GetSysClockFreq  stm32f4xx_hal_rcc_ex.o
    0x080011dc   0x080011dc   0x00000398   Code   RO         1027    i.HAL_RCC_OscConfig  stm32f4xx_hal_rcc_ex.o
    0x08001574   0x08001574   0x000000bc   Code   RO          603    i.HAL_SPI_Init      stm32f4xx_hal_spi.o
    0x08001630   0x08001630   0x000000a0   Code   RO          289    i.HAL_SPI_MspInit   spi.o
    0x080016d0   0x080016d0   0x00000166   Code   RO          611    i.HAL_SPI_Transmit  stm32f4xx_hal_spi.o
    0x08001836   0x08001836   0x000001f0   Code   RO          612    i.HAL_SPI_TransmitReceive  stm32f4xx_hal_spi.o
    0x08001a26   0x08001a26   0x00000028   Code   RO         1774    i.HAL_SYSTICK_Config  stm32f4xx_hal_cortex.o
    0x08001a4e   0x08001a4e   0x00000002   Code   RO         2872    i.HAL_TIMEx_BreakCallback  stm32f4xx_hal_tim_ex.o
    0x08001a50   0x08001a50   0x00000002   Code   RO         2873    i.HAL_TIMEx_CommutCallback  stm32f4xx_hal_tim_ex.o
    0x08001a52   0x08001a52   0x00000002   PAD
    0x08001a54   0x08001a54   0x00000090   Code   RO         2891    i.HAL_TIMEx_MasterConfigSynchronization  stm32f4xx_hal_tim_ex.o
    0x08001ae4   0x08001ae4   0x0000005a   Code   RO         2168    i.HAL_TIM_Base_Init  stm32f4xx_hal_tim.o
    0x08001b3e   0x08001b3e   0x00000002   PAD
    0x08001b40   0x08001b40   0x00000094   Code   RO          331    i.HAL_TIM_Base_MspInit  tim.o
    0x08001bd4   0x08001bd4   0x00000080   Code   RO         2173    i.HAL_TIM_Base_Start_IT  stm32f4xx_hal_tim.o
    0x08001c54   0x08001c54   0x000000dc   Code   RO         2177    i.HAL_TIM_ConfigClockSource  stm32f4xx_hal_tim.o
    0x08001d30   0x08001d30   0x00000002   Code   RO         2202    i.HAL_TIM_IC_CaptureCallback  stm32f4xx_hal_tim.o
    0x08001d32   0x08001d32   0x00000130   Code   RO         2216    i.HAL_TIM_IRQHandler  stm32f4xx_hal_tim.o
    0x08001e62   0x08001e62   0x00000002   PAD
    0x08001e64   0x08001e64   0x00000080   Code   RO          332    i.HAL_TIM_MspPostInit  tim.o
    0x08001ee4   0x08001ee4   0x00000002   Code   RO         2219    i.HAL_TIM_OC_DelayElapsedCallback  stm32f4xx_hal_tim.o
    0x08001ee6   0x08001ee6   0x000000cc   Code   RO         2240    i.HAL_TIM_PWM_ConfigChannel  stm32f4xx_hal_tim.o
    0x08001fb2   0x08001fb2   0x0000005a   Code   RO         2243    i.HAL_TIM_PWM_Init  stm32f4xx_hal_tim.o
    0x0800200c   0x0800200c   0x00000002   Code   RO         2245    i.HAL_TIM_PWM_MspInit  stm32f4xx_hal_tim.o
    0x0800200e   0x0800200e   0x00000002   Code   RO         2246    i.HAL_TIM_PWM_PulseFinishedCallback  stm32f4xx_hal_tim.o
    0x08002010   0x08002010   0x000000c8   Code   RO         2248    i.HAL_TIM_PWM_Start  stm32f4xx_hal_tim.o
    0x080020d8   0x080020d8   0x00000734   Code   RO           14    i.HAL_TIM_PeriodElapsedCallback  main.o
    0x0800280c   0x0800280c   0x00000002   Code   RO         2259    i.HAL_TIM_TriggerCallback  stm32f4xx_hal_tim.o
    0x0800280e   0x0800280e   0x00000002   Code   RO         3151    i.HAL_UARTEx_RxEventCallback  stm32f4xx_hal_uart.o
    0x08002810   0x08002810   0x00000018   Code   RO           15    i.HAL_UART_ErrorCallback  main.o
    0x08002828   0x08002828   0x0000000a   Code   RO         3167    i.HAL_UART_GetState  stm32f4xx_hal_uart.o
    0x08002832   0x08002832   0x00000002   PAD
    0x08002834   0x08002834   0x00000280   Code   RO         3168    i.HAL_UART_IRQHandler  stm32f4xx_hal_uart.o
    0x08002ab4   0x08002ab4   0x00000064   Code   RO         3169    i.HAL_UART_Init     stm32f4xx_hal_uart.o
    0x08002b18   0x08002b18   0x00000160   Code   RO          397    i.HAL_UART_MspInit  usart.o
    0x08002c78   0x08002c78   0x0000001c   Code   RO         3173    i.HAL_UART_Receive_DMA  stm32f4xx_hal_uart.o
    0x08002c94   0x08002c94   0x0000001c   Code   RO         3174    i.HAL_UART_Receive_IT  stm32f4xx_hal_uart.o
    0x08002cb0   0x08002cb0   0x000000a8   Code   RO           16    i.HAL_UART_RxCpltCallback  main.o
    0x08002d58   0x08002d58   0x00000002   Code   RO         3176    i.HAL_UART_RxHalfCpltCallback  stm32f4xx_hal_uart.o
    0x08002d5a   0x08002d5a   0x000000a0   Code   RO         3177    i.HAL_UART_Transmit  stm32f4xx_hal_uart.o
    0x08002dfa   0x08002dfa   0x00000002   PAD
    0x08002dfc   0x08002dfc   0x00000084   Code   RO         3178    i.HAL_UART_Transmit_DMA  stm32f4xx_hal_uart.o
    0x08002e80   0x08002e80   0x00000018   Code   RO           17    i.HAL_UART_TxCpltCallback  main.o
    0x08002e98   0x08002e98   0x00000002   Code   RO         3181    i.HAL_UART_TxHalfCpltCallback  stm32f4xx_hal_uart.o
    0x08002e9a   0x08002e9a   0x00000002   Code   RO          450    i.HardFault_Handler  stm32f4xx_it.o
    0x08002e9c   0x08002e9c   0x00000158   Code   RO         3710    i.LS_DataHandle     rader.o
    0x08002ff4   0x08002ff4   0x00000050   Code   RO         3798    i.MPU6500_Init      mpu6500.o
    0x08003044   0x08003044   0x000000a8   Code   RO         3800    i.MPU6500_Read_Data  mpu6500.o
    0x080030ec   0x080030ec   0x000000e0   Code   RO         3801    i.MPU6500_Read_Data_float  mpu6500.o
    0x080031cc   0x080031cc   0x00000044   Code   RO         3802    i.MPU6500_Write_Byte  mpu6500.o
    0x08003210   0x08003210   0x0000003c   Code   RO          264    i.MX_DMA_Init       dma.o
    0x0800324c   0x0800324c   0x0000010c   Code   RO          240    i.MX_GPIO_Init      gpio.o
    0x08003358   0x08003358   0x00000044   Code   RO          290    i.MX_SPI2_Init      spi.o
    0x0800339c   0x0800339c   0x00000060   Code   RO          333    i.MX_TIM2_Init      tim.o
    0x080033fc   0x080033fc   0x000000a8   Code   RO          334    i.MX_TIM3_Init      tim.o
    0x080034a4   0x080034a4   0x0000006c   Code   RO          335    i.MX_TIM4_Init      tim.o
    0x08003510   0x08003510   0x000000a8   Code   RO          336    i.MX_TIM5_Init      tim.o
    0x080035b8   0x080035b8   0x00000038   Code   RO          398    i.MX_USART1_UART_Init  usart.o
    0x080035f0   0x080035f0   0x00000038   Code   RO          399    i.MX_USART6_UART_Init  usart.o
    0x08003628   0x08003628   0x00000020   Code   RO         3638    i.MY_TIM2_IRQHandler  my_systick.o
    0x08003648   0x08003648   0x00000002   Code   RO          451    i.MemManage_Handler  stm32f4xx_it.o
    0x0800364a   0x0800364a   0x00000002   Code   RO          452    i.NMI_Handler       stm32f4xx_it.o
    0x0800364c   0x0800364c   0x0000065c   Code   RO         3859    i.PID_increment     pid.o
    0x08003ca8   0x08003ca8   0x00000098   Code   RO         3860    i.PID_init          pid.o
    0x08003d40   0x08003d40   0x00000002   Code   RO          453    i.PendSV_Handler    stm32f4xx_it.o
    0x08003d42   0x08003d42   0x00000002   PAD
    0x08003d44   0x08003d44   0x000000f0   Code   RO           18    i.ProcessSpeedCommandDMA  main.o
    0x08003e34   0x08003e34   0x0000000c   Code   RO         3547    i.ReadDistance_A    encoder.o
    0x08003e40   0x08003e40   0x0000000c   Code   RO         3548    i.ReadDistance_B    encoder.o
    0x08003e4c   0x08003e4c   0x0000006c   Code   RO          641    i.SPI_EndRxTxTransaction  stm32f4xx_hal_spi.o
    0x08003eb8   0x08003eb8   0x000000bc   Code   RO          646    i.SPI_WaitFlagStateUntilTimeout  stm32f4xx_hal_spi.o
    0x08003f74   0x08003f74   0x00000002   Code   RO          454    i.SVC_Handler       stm32f4xx_it.o
    0x08003f76   0x08003f76   0x00000002   PAD
    0x08003f78   0x08003f78   0x00000010   Code   RO         3675    i.Set_PWM_A         pwm.o
    0x08003f88   0x08003f88   0x00000010   Code   RO         3676    i.Set_PWM_B         pwm.o
    0x08003f98   0x08003f98   0x00000004   Code   RO          455    i.SysTick_Handler   stm32f4xx_it.o
    0x08003f9c   0x08003f9c   0x00000098   Code   RO           19    i.SystemClock_Config  main.o
    0x08004034   0x08004034   0x00000010   Code   RO         3503    i.SystemInit        system_stm32f4xx.o
    0x08004044   0x08004044   0x0000000c   Code   RO          456    i.TIM2_IRQHandler   stm32f4xx_it.o
    0x08004050   0x08004050   0x0000000c   Code   RO          457    i.TIM4_IRQHandler   stm32f4xx_it.o
    0x0800405c   0x0800405c   0x000000d0   Code   RO         2261    i.TIM_Base_SetConfig  stm32f4xx_hal_tim.o
    0x0800412c   0x0800412c   0x0000001a   Code   RO         2262    i.TIM_CCxChannelCmd  stm32f4xx_hal_tim.o
    0x08004146   0x08004146   0x00000014   Code   RO         2272    i.TIM_ETR_SetConfig  stm32f4xx_hal_tim.o
    0x0800415a   0x0800415a   0x00000010   Code   RO         2273    i.TIM_ITRx_SetConfig  stm32f4xx_hal_tim.o
    0x0800416a   0x0800416a   0x00000002   PAD
    0x0800416c   0x0800416c   0x00000060   Code   RO         2274    i.TIM_OC1_SetConfig  stm32f4xx_hal_tim.o
    0x080041cc   0x080041cc   0x0000006c   Code   RO         2275    i.TIM_OC2_SetConfig  stm32f4xx_hal_tim.o
    0x08004238   0x08004238   0x00000068   Code   RO         2276    i.TIM_OC3_SetConfig  stm32f4xx_hal_tim.o
    0x080042a0   0x080042a0   0x00000050   Code   RO         2277    i.TIM_OC4_SetConfig  stm32f4xx_hal_tim.o
    0x080042f0   0x080042f0   0x00000022   Code   RO         2279    i.TIM_TI1_ConfigInputStage  stm32f4xx_hal_tim.o
    0x08004312   0x08004312   0x00000024   Code   RO         2281    i.TIM_TI2_ConfigInputStage  stm32f4xx_hal_tim.o
    0x08004336   0x08004336   0x0000000e   Code   RO         3182    i.UART_DMAAbortOnError  stm32f4xx_hal_uart.o
    0x08004344   0x08004344   0x0000004a   Code   RO         3183    i.UART_DMAError     stm32f4xx_hal_uart.o
    0x0800438e   0x0800438e   0x00000086   Code   RO         3184    i.UART_DMAReceiveCplt  stm32f4xx_hal_uart.o
    0x08004414   0x08004414   0x0000001e   Code   RO         3186    i.UART_DMARxHalfCplt  stm32f4xx_hal_uart.o
    0x08004432   0x08004432   0x00000042   Code   RO         3188    i.UART_DMATransmitCplt  stm32f4xx_hal_uart.o
    0x08004474   0x08004474   0x0000000a   Code   RO         3190    i.UART_DMATxHalfCplt  stm32f4xx_hal_uart.o
    0x0800447e   0x0800447e   0x0000004e   Code   RO         3192    i.UART_EndRxTransfer  stm32f4xx_hal_uart.o
    0x080044cc   0x080044cc   0x0000001c   Code   RO         3193    i.UART_EndTxTransfer  stm32f4xx_hal_uart.o
    0x080044e8   0x080044e8   0x000000c2   Code   RO         3194    i.UART_Receive_IT   stm32f4xx_hal_uart.o
    0x080045aa   0x080045aa   0x00000002   PAD
    0x080045ac   0x080045ac   0x0000010c   Code   RO         3195    i.UART_SetConfig    stm32f4xx_hal_uart.o
    0x080046b8   0x080046b8   0x000000a0   Code   RO         3196    i.UART_Start_Receive_DMA  stm32f4xx_hal_uart.o
    0x08004758   0x08004758   0x00000036   Code   RO         3197    i.UART_Start_Receive_IT  stm32f4xx_hal_uart.o
    0x0800478e   0x0800478e   0x00000072   Code   RO         3198    i.UART_WaitOnFlagUntilTimeout  stm32f4xx_hal_uart.o
    0x08004800   0x08004800   0x0000000c   Code   RO          458    i.USART1_IRQHandler  stm32f4xx_it.o
    0x0800480c   0x0800480c   0x0000000c   Code   RO          459    i.USART6_IRQHandler  stm32f4xx_it.o
    0x08004818   0x08004818   0x00000002   Code   RO          460    i.UsageFault_Handler  stm32f4xx_it.o
    0x0800481a   0x0800481a   0x00000002   PAD
    0x0800481c   0x0800481c   0x00000088   Code   RO         3803    i.Yaw_Update        mpu6500.o
    0x080048a4   0x080048a4   0x00000020   Code   RO         1776    i.__NVIC_SetPriority  stm32f4xx_hal_cortex.o
    0x080048c4   0x080048c4   0x00000014   Code   RO         3954    i.__hardfp_fabs     m_wm.l(fabs.o)
    0x080048d8   0x080048d8   0x000000f0   Code   RO           20    i.main              main.o
    0x080049c8   0x080049c8   0x00000032   Code   RO         3753    i.swap_double       frame.o
    0x080049fa   0x080049fa   0x0000000c   Code   RO         3754    i.swap_float        frame.o
    0x08004a06   0x08004a06   0x0000000a   Code   RO         3755    i.swap_uint16       frame.o
    0x08004a10   0x08004a10   0x00000062   Code   RO         3914    x$fpl$d2f           fz_wm.l(d2f.o)
    0x08004a72   0x08004a72   0x00000002   PAD
    0x08004a74   0x08004a74   0x00000150   Code   RO         3916    x$fpl$dadd          fz_wm.l(daddsub_clz.o)
    0x08004bc4   0x08004bc4   0x00000018   Code   RO         3965    x$fpl$dcmpinf       fz_wm.l(dcmpi.o)
    0x08004bdc   0x08004bdc   0x000002b0   Code   RO         3923    x$fpl$ddiv          fz_wm.l(ddiv.o)
    0x08004e8c   0x08004e8c   0x00000078   Code   RO         3926    x$fpl$deqf          fz_wm.l(deqf.o)
    0x08004f04   0x08004f04   0x0000005e   Code   RO         3928    x$fpl$dfix          fz_wm.l(dfix.o)
    0x08004f62   0x08004f62   0x00000002   PAD
    0x08004f64   0x08004f64   0x0000005a   Code   RO         3932    x$fpl$dfixu         fz_wm.l(dfixu.o)
    0x08004fbe   0x08004fbe   0x00000002   PAD
    0x08004fc0   0x08004fc0   0x000000a2   Code   RO         3942    x$fpl$dfltll        fz_wm.l(dfltll_clz.o)
    0x08005062   0x08005062   0x00000026   Code   RO         3936    x$fpl$dfltu         fz_wm.l(dflt_clz.o)
    0x08005088   0x08005088   0x00000078   Code   RO         3946    x$fpl$dleqf         fz_wm.l(dleqf.o)
    0x08005100   0x08005100   0x00000154   Code   RO         3948    x$fpl$dmul          fz_wm.l(dmul.o)
    0x08005254   0x08005254   0x0000009c   Code   RO         3967    x$fpl$dnaninf       fz_wm.l(dnaninf.o)
    0x080052f0   0x080052f0   0x0000000c   Code   RO         3969    x$fpl$dretinf       fz_wm.l(dretinf.o)
    0x080052fc   0x080052fc   0x0000006c   Code   RO         3950    x$fpl$drleqf        fz_wm.l(drleqf.o)
    0x08005368   0x08005368   0x000001d4   Code   RO         3918    x$fpl$dsub          fz_wm.l(daddsub_clz.o)
    0x0800553c   0x0800553c   0x00000056   Code   RO         3952    x$fpl$f2d           fz_wm.l(f2d.o)
    0x08005592   0x08005592   0x0000008c   Code   RO         3971    x$fpl$fnaninf       fz_wm.l(fnaninf.o)
    0x0800561e   0x0800561e   0x0000000a   Code   RO         4078    x$fpl$fpinit        fz_wm.l(fpinit.o)
    0x08005628   0x08005628   0x0000000a   Code   RO         3973    x$fpl$fretinf       fz_wm.l(fretinf.o)
    0x08005632   0x08005632   0x00000000   Code   RO         3975    x$fpl$usenofp       fz_wm.l(usenofp.o)
    0x08005632   0x08005632   0x00000008   Data   RO         1472    .constdata          stm32f4xx_hal_dma.o
    0x0800563a   0x0800563a   0x00000010   Data   RO         3504    .constdata          system_stm32f4xx.o
    0x0800564a   0x0800564a   0x00000008   Data   RO         3505    .constdata          system_stm32f4xx.o
    0x08005652   0x08005652   0x00000002   PAD
    0x08005654   0x08005654   0x00000020   Data   RO         4136    Region$$Table       anon$$obj.o


    Execution Region RW_IRAM1 (Exec base: 0x20000000, Load base: 0x08005674, Size: 0x00001670, Max: 0x00020000, ABSOLUTE, COMPRESSED[0x00000050])

    Exec Addr    Load Addr    Size         Type   Attr      Idx    E Section Name        Object

    0x20000000   COMPRESSED   0x000000c0   Data   RW           24    .data               main.o
    0x200000c0   COMPRESSED   0x0000000c   Data   RW         1935    .data               stm32f4xx_hal.o
    0x200000cc   COMPRESSED   0x00000004   Data   RW         3506    .data               system_stm32f4xx.o
    0x200000d0   COMPRESSED   0x00000048   Data   RW         3552    .data               encoder.o
    0x20000118   COMPRESSED   0x00000008   Data   RW         3639    .data               my_systick.o
    0x20000120   COMPRESSED   0x00000001   Data   RW         3712    .data               rader.o
    0x20000121   COMPRESSED   0x00000003   PAD
    0x20000124   COMPRESSED   0x00000008   Data   RW         3713    .data               rader.o
    0x2000012c   COMPRESSED   0x00000001   Data   RW         3714    .data               rader.o
    0x2000012d   COMPRESSED   0x00000003   PAD
    0x20000130   COMPRESSED   0x0000006c   Data   RW         3862    .data               pid.o
    0x2000019c        -       0x00000288   Zero   RW           22    .bss                main.o
    0x20000424        -       0x00000058   Zero   RW          291    .bss                spi.o
    0x2000047c        -       0x00000120   Zero   RW          337    .bss                tim.o
    0x2000059c        -       0x00000150   Zero   RW          400    .bss                usart.o
    0x200006ec        -       0x0000083e   Zero   RW         3711    .bss                rader.o
    0x20000f2a   COMPRESSED   0x00000002   PAD
    0x20000f2c        -       0x00000010   Zero   RW         3804    .bss                mpu6500.o
    0x20000f3c   COMPRESSED   0x00000004   PAD
    0x20000f40        -       0x000000d0   Zero   RW         3861    .bss                pid.o
    0x20001010        -       0x00000060   Zero   RW         4008    .bss                c_w.l(libspace.o)
    0x20001070        -       0x00000200   Zero   RW            2    HEAP                startup_stm32f446xx.o
    0x20001270        -       0x00000400   Zero   RW            1    STACK               startup_stm32f446xx.o


==============================================================================

Image component sizes


      Code (inc. data)   RO Data    RW Data    ZI Data      Debug   Object Name

        60          4          0          0          0        954   dma.o
       372         22          0         72          0       3515   encoder.o
        72          0          0          0          0       2507   frame.o
       268         16          0          0          0       1199   gpio.o
      2696        272          0        192        648     733332   main.o
       676         60          0          0         16       5522   mpu6500.o
        76         14          0          8          0       1983   my_systick.o
      1786        202          0        108        208       5408   pid.o
        32         12          0          0          0       1184   pwm.o
       480         62          0         10       2110       3044   rader.o
       228         24          0          0         88       2097   spi.o
        64         26        452          0       1536        908   startup_stm32f446xx.o
       180         28          0         12          0       9953   stm32f4xx_hal.o
       198         14          0          0          0      34359   stm32f4xx_hal_cortex.o
      1084         16          8          0          0       8122   stm32f4xx_hal_dma.o
       520         46          0          0          0       3902   stm32f4xx_hal_gpio.o
        52          4          0          0          0       1038   stm32f4xx_hal_msp.o
       372         44          0          0          0       3258   stm32f4xx_hal_rcc.o
      1068         28          0          0          0       3074   stm32f4xx_hal_rcc_ex.o
      1338         16          0          0          0       6864   stm32f4xx_hal_spi.o
      1974        136          0          0          0      19042   stm32f4xx_hal_tim.o
       148         28          0          0          0       2833   stm32f4xx_hal_tim_ex.o
      2328         40          0          0          0      20505   stm32f4xx_hal_uart.o
       122         36          0          0          0       9442   stm32f4xx_it.o
        16          4         24          4          0       1387   system_stm32f4xx.o
       816         74          0          0        288       5359   tim.o
       464         50          0          0        336       3093   usart.o

    ----------------------------------------------------------------------
     17516       1278        518        412       5236     893884   Object Totals
         0          0         32          0          0          0   (incl. Generated)
        26          0          2          6          6          0   (incl. Padding)

    ----------------------------------------------------------------------

      Code (inc. data)   RO Data    RW Data    ZI Data      Debug   Library Member Name

        90          0          0          0          0          0   __dczerorl2.o
         8          0          0          0          0         68   __main.o
         0          0          0          0          0          0   __rtentry.o
        12          0          0          0          0          0   __rtentry2.o
         6          0          0          0          0          0   __rtentry4.o
        52          8          0          0          0          0   __scatter.o
        28          0          0          0          0          0   __scatter_zi.o
        18          0          0          0          0         80   exit.o
         6          0          0          0          0        152   heapauxi.o
         0          0          0          0          0          0   indicate_semi.o
         2          0          0          0          0          0   libinit.o
         6          0          0          0          0          0   libinit2.o
         2          0          0          0          0          0   libshutdown.o
         2          0          0          0          0          0   libshutdown2.o
         8          4          0          0         96         68   libspace.o
        72          0          0          0          0         76   llsdiv.o
       238          0          0          0          0        100   lludivv7m.o
        78          0          0          0          0         80   rt_memclr_w.o
       138          0          0          0          0         68   rt_memcpy_v6.o
       100          0          0          0          0         80   rt_memcpy_w.o
         2          0          0          0          0          0   rtexit.o
        10          0          0          0          0          0   rtexit2.o
        12          4          0          0          0         68   sys_exit.o
        74          0          0          0          0         80   sys_stackheap_outer.o
         2          0          0          0          0         68   use_no_semi.o
        98          4          0          0          0        140   d2f.o
       804         16          0          0          0        368   daddsub_clz.o
        24          0          0          0          0        116   dcmpi.o
       688        140          0          0          0        256   ddiv.o
       120          4          0          0          0        140   deqf.o
        94          4          0          0          0        140   dfix.o
        90          4          0          0          0        140   dfixu.o
        38          0          0          0          0        116   dflt_clz.o
       162          0          0          0          0        132   dfltll_clz.o
       120          4          0          0          0        140   dleqf.o
       340         12          0          0          0        152   dmul.o
       156          4          0          0          0        140   dnaninf.o
        12          0          0          0          0        116   dretinf.o
       108          0          0          0          0        128   drleqf.o
        86          4          0          0          0        132   f2d.o
       140          4          0          0          0        132   fnaninf.o
        10          0          0          0          0        116   fpinit.o
        10          0          0          0          0        116   fretinf.o
         0          0          0          0          0          0   usenofp.o
        20          0          0          0          0        124   fabs.o

    ----------------------------------------------------------------------
      4098        216          0          0         96       3832   Library Totals
        12          0          0          0          0          0   (incl. Padding)

    ----------------------------------------------------------------------

      Code (inc. data)   RO Data    RW Data    ZI Data      Debug   Library Name

       966         16          0          0         96        988   c_w.l
      3100        200          0          0          0       2720   fz_wm.l
        20          0          0          0          0        124   m_wm.l

    ----------------------------------------------------------------------
      4098        216          0          0         96       3832   Library Totals

    ----------------------------------------------------------------------

==============================================================================


      Code (inc. data)   RO Data    RW Data    ZI Data      Debug   

     21614       1494        518        412       5332     882300   Grand Totals
     21614       1494        518         80       5332     882300   ELF Image Totals (compressed)
     21614       1494        518         80          0          0   ROM Totals

==============================================================================

    Total RO  Size (Code + RO Data)                22132 (  21.61kB)
    Total RW  Size (RW Data + ZI Data)              5744 (   5.61kB)
    Total ROM Size (Code + RO Data + RW Data)      22212 (  21.69kB)

==============================================================================

