<html>
<body>
<pre>
<h1>µVision Build Log</h1>
<h2>Tool Versions:</h2>
IDE-Version: ¦ÌVision V5.37.0.0
Copyright (C) 2022 ARM Ltd and ARM Germany GmbH. All rights reserved.
License Information: 11 2516222146@qq.com, 11, LIC=UB4EI-T4T11-NTF3G-V7543-3ITFI-5B55T
 
Tool Versions:
Toolchain:       MDK-ARM Professional  Version: 5.37.0.0
Toolchain Path:  D:\Program Files (x86)\Keil5\Core\ARM\ARMCC\Bin
C Compiler:      Armcc.exe V5.06 update 7 (build 960)
Assembler:       Armasm.exe V5.06 update 7 (build 960)
Linker/Locator:  ArmLink.exe V5.06 update 7 (build 960)
Library Manager: ArmAr.exe V5.06 update 7 (build 960)
Hex Converter:   FromElf.exe V5.06 update 7 (build 960)
CPU DLL:         SARMCM3.DLL V5.37.0.0
Dialog DLL:      DCM.DLL V1.17.5.0
Target DLL:      STLink\ST-LINKIII-KEIL_SWO.dll V3.0.9.0
Dialog DLL:      TCM.DLL V1.56.1.0
 
<h2>Project:</h2>
D:\workspace\stm32_hal_project\design_and_build\move_2.0\MDK-ARM\move_2.0.uvprojx
Project File Date:  10/11/2025

<h2>Output:</h2>
*** Using Compiler 'V5.06 update 7 (build 960)', folder: 'D:\Program Files (x86)\Keil5\Core\ARM\ARMCC\Bin'
Rebuild target 'move_2.0'
assembling startup_stm32f446xx.s...
compiling dma.c...
compiling stm32f4xx_hal_msp.c...
compiling gpio.c...
compiling stm32f4xx_it.c...
compiling tim.c...
compiling i2c.c...
compiling stm32f4xx_hal_i2c_ex.c...
compiling stm32f4xx_hal_flash.c...
compiling usart.c...
compiling stm32f4xx_hal_rcc.c...
compiling main.c...
../Code/frame.h(46): warning:  #1-D: last line of file ends without a newline
  #endif
../Core/Src/main.c(391): warning:  #1035-D: single-precision operand implicitly converted to double-precision
  				gz = gz +0.5;
../Core/Src/main.c(392): warning:  #1035-D: single-precision operand implicitly converted to double-precision
  				if(gz <= 1.4 && gz >= -1.4) gz = 0;
../Core/Src/main.c(393): warning:  #1035-D: single-precision operand implicitly converted to double-precision
  				gz = gz_last*0.3 + gz*0.7;
../Core/Src/main.c(393): warning:  #1035-D: single-precision operand implicitly converted to double-precision
  				gz = gz_last*0.3 + gz*0.7;
../Core/Src/main.c: 5 warnings, 0 errors
compiling stm32f4xx_hal_rcc_ex.c...
compiling stm32f4xx_hal_i2c.c...
compiling stm32f4xx_hal_flash_ramfunc.c...
compiling stm32f4xx_hal_exti.c...
compiling stm32f4xx_hal_dma.c...
compiling stm32f4xx_hal.c...
compiling stm32f4xx_hal_flash_ex.c...
compiling stm32f4xx_hal_pwr.c...
compiling stm32f4xx_hal_pwr_ex.c...
compiling stm32f4xx_hal_cortex.c...
compiling stm32f4xx_hal_dma_ex.c...
compiling stm32f4xx_hal_tim_ex.c...
compiling stm32f4xx_hal_gpio.c...
compiling stm32f4xx_hal_uart.c...
compiling stm32f4xx_hal_tim.c...
compiling system_stm32f4xx.c...
compiling pwm.c...
compiling rader.c...
compiling my_systick.c...
..\Code\my_systick.c(43): warning:  #1-D: last line of file ends without a newline
  	
..\Code\my_systick.c: 1 warning, 0 errors
compiling frame.c...
..\Code\frame.h(46): warning:  #1-D: last line of file ends without a newline
  #endif
..\Code\frame.c(70): warning:  #223-D: function "memcpy" declared implicitly
      memcpy(bytes, &d, sizeof(double));
..\Code\frame.c: 2 warnings, 0 errors
compiling encoder.c...
compiling mpu6500.c...
..\Code\mpu6500.c(129): warning:  #1035-D: single-precision operand implicitly converted to double-precision
      float acc_roll = atan2f(ay, az) * 180.0f / My_PI;
..\Code\mpu6500.c(130): warning:  #1035-D: single-precision operand implicitly converted to double-precision
      float acc_pitch = -atan2f(ax, sqrtf(ay * ay + az * az)) * 180.0f / My_PI;
..\Code\mpu6500.c: 2 warnings, 0 errors
linking...
Program Size: Code=21674 RO-data=518 RW-data=176 ZI-data=4936  
FromELF: creating hex file...
"move_2.0\move_2.0" - 0 Error(s), 10 Warning(s).

<h2>Software Packages used:</h2>

Package Vendor: ARM
                http://www.keil.com/pack/ARM.CMSIS.5.9.0.pack
                ARM.CMSIS.5.9.0
                CMSIS (Common Microcontroller Software Interface Standard)
   * Component: CORE Version: 5.6.0

Package Vendor: Keil
                http://www.keil.com/pack/Keil.STM32F4xx_DFP.2.16.0.pack
                Keil.STM32F4xx_DFP.2.16.0
                STMicroelectronics STM32F4 Series Device Support, Drivers and Examples

<h2>Collection of Component include folders:</h2>
  ./RTE/_move_2.0
  D:/Program Files (x86)/Keil5/Pack/ARM/CMSIS/5.9.0/CMSIS/Core/Include
  D:/Program Files (x86)/Keil5/Pack/Keil/STM32F4xx_DFP/2.16.0/Drivers/CMSIS/Device/ST/STM32F4xx/Include

<h2>Collection of Component Files used:</h2>

   * Component: ARM::CMSIS:CORE:5.6.0
Build Time Elapsed:  00:00:08
</pre>
</body>
</html>
