Component: ARM Compiler 5.06 update 7 (build 960) Tool: armlink [4d3601]

==============================================================================

Section Cross References

    startup_stm32f446xx.o(STACK) refers (Special) to heapauxi.o(.text) for __use_two_region_memory
    startup_stm32f446xx.o(HEAP) refers (Special) to heapauxi.o(.text) for __use_two_region_memory
    startup_stm32f446xx.o(RESET) refers (Special) to heapauxi.o(.text) for __use_two_region_memory
    startup_stm32f446xx.o(RESET) refers to startup_stm32f446xx.o(STACK) for __initial_sp
    startup_stm32f446xx.o(RESET) refers to startup_stm32f446xx.o(.text) for Reset_Handler
    startup_stm32f446xx.o(RESET) refers to stm32f4xx_it.o(i.NMI_Handler) for NMI_Handler
    startup_stm32f446xx.o(RESET) refers to stm32f4xx_it.o(i.HardFault_Handler) for HardFault_Handler
    startup_stm32f446xx.o(RESET) refers to stm32f4xx_it.o(i.MemManage_Handler) for MemManage_Handler
    startup_stm32f446xx.o(RESET) refers to stm32f4xx_it.o(i.BusFault_Handler) for BusFault_Handler
    startup_stm32f446xx.o(RESET) refers to stm32f4xx_it.o(i.UsageFault_Handler) for UsageFault_Handler
    startup_stm32f446xx.o(RESET) refers to stm32f4xx_it.o(i.SVC_Handler) for SVC_Handler
    startup_stm32f446xx.o(RESET) refers to stm32f4xx_it.o(i.DebugMon_Handler) for DebugMon_Handler
    startup_stm32f446xx.o(RESET) refers to stm32f4xx_it.o(i.PendSV_Handler) for PendSV_Handler
    startup_stm32f446xx.o(RESET) refers to stm32f4xx_it.o(i.SysTick_Handler) for SysTick_Handler
    startup_stm32f446xx.o(RESET) refers to stm32f4xx_it.o(i.EXTI9_5_IRQHandler) for EXTI9_5_IRQHandler
    startup_stm32f446xx.o(RESET) refers to stm32f4xx_it.o(i.TIM2_IRQHandler) for TIM2_IRQHandler
    startup_stm32f446xx.o(RESET) refers to stm32f4xx_it.o(i.TIM4_IRQHandler) for TIM4_IRQHandler
    startup_stm32f446xx.o(RESET) refers to stm32f4xx_it.o(i.USART1_IRQHandler) for USART1_IRQHandler
    startup_stm32f446xx.o(RESET) refers to stm32f4xx_it.o(i.EXTI15_10_IRQHandler) for EXTI15_10_IRQHandler
    startup_stm32f446xx.o(RESET) refers to stm32f4xx_it.o(i.DMA2_Stream7_IRQHandler) for DMA2_Stream7_IRQHandler
    startup_stm32f446xx.o(RESET) refers to stm32f4xx_it.o(i.USART6_IRQHandler) for USART6_IRQHandler
    startup_stm32f446xx.o(.text) refers (Special) to heapauxi.o(.text) for __use_two_region_memory
    startup_stm32f446xx.o(.text) refers to system_stm32f4xx.o(i.SystemInit) for SystemInit
    startup_stm32f446xx.o(.text) refers to __main.o(!!!main) for __main
    startup_stm32f446xx.o(.text) refers to startup_stm32f446xx.o(HEAP) for Heap_Mem
    startup_stm32f446xx.o(.text) refers to startup_stm32f446xx.o(STACK) for Stack_Mem
    main.o(i.HAL_TIM_PeriodElapsedCallback) refers to tim.o(.bss) for htim4
    main.o(i.HAL_TIM_PeriodElapsedCallback) refers to main.o(.data) for .data
    main.o(i.HAL_UART_ErrorCallback) refers to main.o(.data) for .data
    main.o(i.HAL_UART_RxCpltCallback) refers to rader.o(i.LS_DataHandle) for LS_DataHandle
    main.o(i.HAL_UART_RxCpltCallback) refers to stm32f4xx_hal_uart.o(i.HAL_UART_Receive_IT) for HAL_UART_Receive_IT
    main.o(i.HAL_UART_RxCpltCallback) refers to rader.o(.data) for uart4_rx_data
    main.o(i.HAL_UART_RxCpltCallback) refers to rader.o(.data) for uart4_rx_con
    main.o(i.HAL_UART_RxCpltCallback) refers to rader.o(.bss) for uart4_rx_buf
    main.o(i.HAL_UART_RxCpltCallback) refers to rader.o(.data) for uart4_rx_chksum
    main.o(i.HAL_UART_RxCpltCallback) refers to usart.o(.bss) for huart6
    main.o(i.HAL_UART_TxCpltCallback) refers to main.o(.data) for .data
    main.o(i.SystemClock_Config) refers to rt_memclr_w.o(.text) for __aeabi_memclr4
    main.o(i.SystemClock_Config) refers to stm32f4xx_hal_rcc_ex.o(i.HAL_RCC_OscConfig) for HAL_RCC_OscConfig
    main.o(i.SystemClock_Config) refers to stm32f4xx_hal_rcc.o(i.HAL_RCC_ClockConfig) for HAL_RCC_ClockConfig
    main.o(i.main) refers to _printf_percent.o(.ARM.Collect$$_printf_percent$$00000000) for _printf_percent
    main.o(i.main) refers to _printf_d.o(.ARM.Collect$$_printf_percent$$00000009) for _printf_d
    main.o(i.main) refers to _printf_dec.o(.text) for _printf_int_dec
    main.o(i.main) refers to _printf_pad.o(.text) for _printf_pre_padding
    main.o(i.main) refers to stm32f4xx_hal.o(i.HAL_Init) for HAL_Init
    main.o(i.main) refers to main.o(i.SystemClock_Config) for SystemClock_Config
    main.o(i.main) refers to gpio.o(i.MX_GPIO_Init) for MX_GPIO_Init
    main.o(i.main) refers to dma.o(i.MX_DMA_Init) for MX_DMA_Init
    main.o(i.main) refers to usart.o(i.MX_USART1_UART_Init) for MX_USART1_UART_Init
    main.o(i.main) refers to tim.o(i.MX_TIM2_Init) for MX_TIM2_Init
    main.o(i.main) refers to tim.o(i.MX_TIM3_Init) for MX_TIM3_Init
    main.o(i.main) refers to tim.o(i.MX_TIM5_Init) for MX_TIM5_Init
    main.o(i.main) refers to tim.o(i.MX_TIM4_Init) for MX_TIM4_Init
    main.o(i.main) refers to usart.o(i.MX_USART6_UART_Init) for MX_USART6_UART_Init
[...]
    .ARM.Collect$$libinit$$00000021          0x08000248   Section        0  libinit2.o(.ARM.Collect$$libinit$$00000021)
    .ARM.Collect$$libinit$$00000023          0x08000248   Section        0  libinit2.o(.ARM.Collect$$libinit$$00000023)
    .ARM.Collect$$libinit$$00000025          0x08000248   Section        0  libinit2.o(.ARM.Collect$$libinit$$00000025)
    .ARM.Collect$$libinit$$0000002C          0x08000248   Section        0  libinit2.o(.ARM.Collect$$libinit$$0000002C)
    .ARM.Collect$$libinit$$0000002E          0x08000248   Section        0  libinit2.o(.ARM.Collect$$libinit$$0000002E)
    .ARM.Collect$$libinit$$00000030          0x08000248   Section        0  libinit2.o(.ARM.Collect$$libinit$$00000030)
    .ARM.Collect$$libinit$$00000032          0x08000248   Section        0  libinit2.o(.ARM.Collect$$libinit$$00000032)
    .ARM.Collect$$libinit$$00000033          0x08000248   Section        2  libinit2.o(.ARM.Collect$$libinit$$00000033)
    .ARM.Collect$$libshutdown$$00000000      0x0800024a   Section        2  libshutdown.o(.ARM.Collect$$libshutdown$$00000000)
    .ARM.Collect$$libshutdown$$00000002      0x0800024c   Section        0  libshutdown2.o(.ARM.Collect$$libshutdown$$00000002)
    .ARM.Collect$$libshutdown$$00000004      0x0800024c   Section        0  libshutdown2.o(.ARM.Collect$$libshutdown$$00000004)
    .ARM.Collect$$libshutdown$$00000006      0x0800024c   Section        0  libshutdown2.o(.ARM.Collect$$libshutdown$$00000006)
    .ARM.Collect$$libshutdown$$00000009      0x0800024c   Section        0  libshutdown2.o(.ARM.Collect$$libshutdown$$00000009)
    .ARM.Collect$$libshutdown$$0000000C      0x0800024c   Section        0  libshutdown2.o(.ARM.Collect$$libshutdown$$0000000C)
    .ARM.Collect$$libshutdown$$0000000E      0x0800024c   Section        0  libshutdown2.o(.ARM.Collect$$libshutdown$$0000000E)
    .ARM.Collect$$libshutdown$$00000011      0x0800024c   Section        0  libshutdown2.o(.ARM.Collect$$libshutdown$$00000011)
    .ARM.Collect$$libshutdown$$00000012      0x0800024c   Section        2  libshutdown2.o(.ARM.Collect$$libshutdown$$00000012)
    .ARM.Collect$$rtentry$$00000000          0x0800024e   Section        0  __rtentry.o(.ARM.Collect$$rtentry$$00000000)
    .ARM.Collect$$rtentry$$00000002          0x0800024e   Section        0  __rtentry2.o(.ARM.Collect$$rtentry$$00000002)
    .ARM.Collect$$rtentry$$00000004          0x0800024e   Section        6  __rtentry4.o(.ARM.Collect$$rtentry$$00000004)
    .ARM.Collect$$rtentry$$00000009          0x08000254   Section        0  __rtentry2.o(.ARM.Collect$$rtentry$$00000009)
    .ARM.Collect$$rtentry$$0000000A          0x08000254   Section        4  __rtentry2.o(.ARM.Collect$$rtentry$$0000000A)
    .ARM.Collect$$rtentry$$0000000C          0x08000258   Section        0  __rtentry2.o(.ARM.Collect$$rtentry$$0000000C)
    .ARM.Collect$$rtentry$$0000000D          0x08000258   Section        8  __rtentry2.o(.ARM.Collect$$rtentry$$0000000D)
    .ARM.Collect$$rtexit$$00000000           0x08000260   Section        2  rtexit.o(.ARM.Collect$$rtexit$$00000000)
    .ARM.Collect$$rtexit$$00000002           0x08000262   Section        0  rtexit2.o(.ARM.Collect$$rtexit$$00000002)
    .ARM.Collect$$rtexit$$00000003           0x08000262   Section        4  rtexit2.o(.ARM.Collect$$rtexit$$00000003)
    .ARM.Collect$$rtexit$$00000004           0x08000266   Section        6  rtexit2.o(.ARM.Collect$$rtexit$$00000004)
    .text                                    0x0800026c   Section       64  startup_stm32f446xx.o(.text)
    $v0                                      0x0800026c   Number         0  startup_stm32f446xx.o(.text)
    .text                                    0x080002ac   Section      238  lludivv7m.o(.text)
    .text                                    0x0800039a   Section       72  llsdiv.o(.text)
    .text                                    0x080003e4   Section        0  __2sprintf.o(.text)
    .text                                    0x08000410   Section        0  _printf_pad.o(.text)
    .text                                    0x08000460   Section        0  _printf_dec.o(.text)
    .text                                    0x080004d8   Section        0  __printf_flags_wp.o(.text)
    .text                                    0x08000610   Section      138  rt_memcpy_v6.o(.text)
    .text                                    0x0800069a   Section      100  rt_memcpy_w.o(.text)
    .text                                    0x080006fe   Section       78  rt_memclr_w.o(.text)
    .text                                    0x0800074c   Section        0  heapauxi.o(.text)
    .text                                    0x08000752   Section        0  _printf_intcommon.o(.text)
    .text                                    0x08000804   Section        0  _printf_char_common.o(.text)
    _printf_input_char                       0x08000805   Thumb Code    10  _printf_char_common.o(.text)
    .text                                    0x08000834   Section        0  _sputc.o(.text)
    .text                                    0x0800083e   Section       74  sys_stackheap_outer.o(.text)
    .text                                    0x08000888   Section        0  exit.o(.text)
    .text                                    0x0800089c   Section        8  libspace.o(.text)
    .text                                    0x080008a4   Section        0  sys_exit.o(.text)
    .text                                    0x080008b0   Section        2  use_no_semi.o(.text)
    .text                                    0x080008b2   Section        0  indicate_semi.o(.text)
    i.AX_LASER_Start                         0x080008b4   Section        0  rader.o(i.AX_LASER_Start)
    i.BusFault_Handler                       0x0800093c   Section        0  stm32f4xx_it.o(i.BusFault_Handler)
    i.DMA2_Stream7_IRQHandler                0x08000940   Section        0  stm32f4xx_it.o(i.DMA2_Stream7_IRQHandler)
    i.DMA_CalcBaseAndBitshift                0x0800094c   Section        0  stm32f4xx_hal_dma.o(i.DMA_CalcBaseAndBitshift)
    DMA_CalcBaseAndBitshift                  0x0800094d   Thumb Code    34  stm32f4xx_hal_dma.o(i.DMA_CalcBaseAndBitshift)
    i.DMA_CheckFifoParam                     0x08000974   Section        0  stm32f4xx_hal_dma.o(i.DMA_CheckFifoParam)
    DMA_CheckFifoParam                       0x08000975   Thumb Code    84  stm32f4xx_hal_dma.o(i.DMA_CheckFifoParam)
    i.DMA_SetConfig                          0x080009c8   Section        0  stm32f4xx_hal_dma.o(i.DMA_SetConfig)
    DMA_SetConfig                            0x080009c9   Thumb Code    40  stm32f4xx_hal_dma.o(i.DMA_SetConfig)
    i.DebugMon_Handler                       0x080009f0   Section        0  stm32f4xx_it.o(i.DebugMon_Handler)
    i.EXTI15_10_IRQHandler                   0x080009f2   Section        0  stm32f4xx_it.o(i.EXTI15_10_IRQHandler)
    i.EXTI9_5_IRQHandler                     0x08000a08   Section        0  stm32f4xx_it.o(i.EXTI9_5_IRQHandler)
    i.Error_Handler                          0x08000a10   Section        0  main.o(i.Error_Handler)
    i.GetTime_us                             0x08000a14   Section        0  my_systick.o(i.GetTime_us)
    i.HAL_DMA_Abort                          0x08000a40   Section        0  stm32f4xx_hal_dma.o(i.HAL_DMA_Abort)
    i.HAL_DMA_Abort_IT                       0x08000ad2   Section        0  stm32f4xx_hal_dma.o(i.HAL_DMA_Abort_IT)
    i.HAL_DMA_IRQHandler                     0x08000af8   Section        0  stm32f4xx_hal_dma.o(i.HAL_DMA_IRQHandler)
    i.HAL_DMA_Init                           0x08000c98   Section        0  stm32f4xx_hal_dma.o(i.HAL_DMA_Init)
    i.HAL_DMA_Start_IT                       0x08000d6c   Section        0  stm32f4xx_hal_dma.o(i.HAL_DMA_Start_IT)
    i.HAL_Delay                              0x08000ddc   Section        0  stm32f4xx_hal.o(i.HAL_Delay)
    i.HAL_GPIO_EXTI_Callback                 0x08000e00   Section        0  encoder.o(i.HAL_GPIO_EXTI_Callback)
    i.HAL_GPIO_EXTI_IRQHandler               0x08000f5c   Section        0  stm32f4xx_hal_gpio.o(i.HAL_GPIO_EXTI_IRQHandler)
    i.HAL_GPIO_Init                          0x08000f74   Section        0  stm32f4xx_hal_gpio.o(i.HAL_GPIO_Init)
    i.HAL_GPIO_ReadPin                       0x08001150   Section        0  stm32f4xx_hal_gpio.o(i.HAL_GPIO_ReadPin)
    i.HAL_GPIO_WritePin                      0x0800115a   Section        0  stm32f4xx_hal_gpio.o(i.HAL_GPIO_WritePin)
    i.HAL_GetTick                            0x08001164   Section        0  stm32f4xx_hal.o(i.HAL_GetTick)
    i.HAL_IncTick                            0x08001170   Section        0  stm32f4xx_hal.o(i.HAL_IncTick)
    i.HAL_Init                               0x08001180   Section        0  stm32f4xx_hal.o(i.HAL_Init)
    i.HAL_InitTick                           0x080011b4   Section        0  stm32f4xx_hal.o(i.HAL_InitTick)
    i.HAL_MspInit                            0x080011f4   Section        0  stm32f4xx_hal_msp.o(i.HAL_MspInit)
    i.HAL_NVIC_EnableIRQ                     0x08001224   Section        0  stm32f4xx_hal_cortex.o(i.HAL_NVIC_EnableIRQ)
    i.HAL_NVIC_SetPriority                   0x08001240   Section        0  stm32f4xx_hal_cortex.o(i.HAL_NVIC_SetPriority)
    i.HAL_NVIC_SetPriorityGrouping           0x08001280   Section        0  stm32f4xx_hal_cortex.o(i.HAL_NVIC_SetPriorityGrouping)
    i.HAL_RCC_ClockConfig                    0x080012a4   Section        0  stm32f4xx_hal_rcc.o(i.HAL_RCC_ClockConfig)
    i.HAL_RCC_GetPCLK1Freq                   0x080013d8   Section        0  stm32f4xx_hal_rcc.o(i.HAL_RCC_GetPCLK1Freq)
    i.HAL_RCC_GetPCLK2Freq                   0x080013f8   Section        0  stm32f4xx_hal_rcc.o(i.HAL_RCC_GetPCLK2Freq)
    i.HAL_RCC_GetSysClockFreq                0x08001418   Section        0  stm32f4xx_hal_rcc_ex.o(i.HAL_RCC_GetSysClockFreq)
    i.HAL_RCC_OscConfig                      0x080014ac   Section        0  stm32f4xx_hal_rcc_ex.o(i.HAL_RCC_OscConfig)
    i.HAL_SYSTICK_Config                     0x08001844   Section        0  stm32f4xx_hal_cortex.o(i.HAL_SYSTICK_Config)
    i.HAL_TIMEx_BreakCallback                0x0800186c   Section        0  stm32f4xx_hal_tim_ex.o(i.HAL_TIMEx_BreakCallback)
    i.HAL_TIMEx_CommutCallback               0x0800186e   Section        0  stm32f4xx_hal_tim_ex.o(i.HAL_TIMEx_CommutCallback)
    i.HAL_TIMEx_MasterConfigSynchronization  0x08001870   Section        0  stm32f4xx_hal_tim_ex.o(i.HAL_TIMEx_MasterConfigSynchronization)
    i.HAL_TIM_Base_Init                      0x08001900   Section        0  stm32f4xx_hal_tim.o(i.HAL_TIM_Base_Init)
    i.HAL_TIM_Base_MspInit                   0x0800195c   Section        0  tim.o(i.HAL_TIM_Base_MspInit)
    i.HAL_TIM_Base_Start_IT                  0x080019f0   Section        0  stm32f4xx_hal_tim.o(i.HAL_TIM_Base_Start_IT)
    i.HAL_TIM_ConfigClockSource              0x08001a70   Section        0  stm32f4xx_hal_tim.o(i.HAL_TIM_ConfigClockSource)
    i.HAL_TIM_IC_CaptureCallback             0x08001b4c   Section        0  stm32f4xx_hal_tim.o(i.HAL_TIM_IC_CaptureCallback)
    i.HAL_TIM_IRQHandler                     0x08001b4e   Section        0  stm32f4xx_hal_tim.o(i.HAL_TIM_IRQHandler)
    i.HAL_TIM_MspPostInit                    0x08001c80   Section        0  tim.o(i.HAL_TIM_MspPostInit)
    i.HAL_TIM_OC_DelayElapsedCallback        0x08001d00   Section        0  stm32f4xx_hal_tim.o(i.HAL_TIM_OC_DelayElapsedCallback)
    i.HAL_TIM_PWM_ConfigChannel              0x08001d02   Section        0  stm32f4xx_hal_tim.o(i.HAL_TIM_PWM_ConfigChannel)
    i.HAL_TIM_PWM_Init                       0x08001dce   Section        0  stm32f4xx_hal_tim.o(i.HAL_TIM_PWM_Init)
    i.HAL_TIM_PWM_MspInit                    0x08001e28   Section        0  stm32f4xx_hal_tim.o(i.HAL_TIM_PWM_MspInit)
    i.HAL_TIM_PWM_PulseFinishedCallback      0x08001e2a   Section        0  stm32f4xx_hal_tim.o(i.HAL_TIM_PWM_PulseFinishedCallback)
    i.HAL_TIM_PWM_Start                      0x08001e2c   Section        0  stm32f4xx_hal_tim.o(i.HAL_TIM_PWM_Start)
    i.HAL_TIM_PeriodElapsedCallback          0x08001ef4   Section        0  main.o(i.HAL_TIM_PeriodElapsedCallback)
    i.HAL_TIM_TriggerCallback                0x08001f0c   Section        0  stm32f4xx_hal_tim.o(i.HAL_TIM_TriggerCallback)
    i.HAL_UARTEx_RxEventCallback             0x08001f0e   Section        0  stm32f4xx_hal_uart.o(i.HAL_UARTEx_RxEventCallback)
    i.HAL_UART_ErrorCallback                 0x08001f10   Section        0  main.o(i.HAL_UART_ErrorCallback)
    i.HAL_UART_GetState                      0x08001f28   Section        0  stm32f4xx_hal_uart.o(i.HAL_UART_GetState)
    i.HAL_UART_IRQHandler                    0x08001f34   Section        0  stm32f4xx_hal_uart.o(i.HAL_UART_IRQHandler)
    i.HAL_UART_Init                          0x080021b4   Section        0  stm32f4xx_hal_uart.o(i.HAL_UART_Init)
    i.HAL_UART_MspInit                       0x08002218   Section        0  usart.o(i.HAL_UART_MspInit)
    i.HAL_UART_Receive_IT                    0x08002348   Section        0  stm32f4xx_hal_uart.o(i.HAL_UART_Receive_IT)
    i.HAL_UART_RxCpltCallback                0x08002364   Section        0  main.o(i.HAL_UART_RxCpltCallback)
    i.HAL_UART_Transmit                      0x0800240c   Section        0  stm32f4xx_hal_uart.o(i.HAL_UART_Transmit)
    i.HAL_UART_Transmit_DMA                  0x080024ac   Section        0  stm32f4xx_hal_uart.o(i.HAL_UART_Transmit_DMA)
    i.HAL_UART_TxCpltCallback                0x08002530   Section        0  main.o(i.HAL_UART_TxCpltCallback)
    i.HAL_UART_TxHalfCpltCallback            0x08002548   Section        0  stm32f4xx_hal_uart.o(i.HAL_UART_TxHalfCpltCallback)
    i.HardFault_Handler                      0x0800254a   Section        0  stm32f4xx_it.o(i.HardFault_Handler)
    i.LS_DataHandle                          0x0800254c   Section        0  rader.o(i.LS_DataHandle)
    i.MX_DMA_Init                            0x080026a4   Section        0  dma.o(i.MX_DMA_Init)
    i.MX_GPIO_Init                           0x080026d0   Section        0  gpio.o(i.MX_GPIO_Init)
    i.MX_TIM2_Init                           0x080027c0   Section        0  tim.o(i.MX_TIM2_Init)
    i.MX_TIM3_Init                           0x08002820   Section        0  tim.o(i.MX_TIM3_Init)
    i.MX_TIM4_Init                           0x080028c8   Section        0  tim.o(i.MX_TIM4_Init)
    i.MX_TIM5_Init                           0x08002934   Section        0  tim.o(i.MX_TIM5_Init)
    i.MX_USART1_UART_Init                    0x080029dc   Section        0  usart.o(i.MX_USART1_UART_Init)
    i.MX_USART6_UART_Init                    0x08002a14   Section        0  usart.o(i.MX_USART6_UART_Init)
    i.MY_TIM2_IRQHandler                     0x08002a4c   Section        0  my_systick.o(i.MY_TIM2_IRQHandler)
    i.MemManage_Handler                      0x08002a6c   Section        0  stm32f4xx_it.o(i.MemManage_Handler)
    i.NMI_Handler                            0x08002a6e   Section        0  stm32f4xx_it.o(i.NMI_Handler)
    i.PendSV_Handler                         0x08002a70   Section        0  stm32f4xx_it.o(i.PendSV_Handler)
    i.SVC_Handler                            0x08002a72   Section        0  stm32f4xx_it.o(i.SVC_Handler)
    i.SysTick_Handler                        0x08002a74   Section        0  stm32f4xx_it.o(i.SysTick_Handler)
    i.SystemClock_Config                     0x08002a78   Section        0  main.o(i.SystemClock_Config)
    i.SystemInit                             0x08002b10   Section        0  system_stm32f4xx.o(i.SystemInit)
    i.TIM2_IRQHandler                        0x08002b20   Section        0  stm32f4xx_it.o(i.TIM2_IRQHandler)
    i.TIM4_IRQHandler                        0x08002b2c   Section        0  stm32f4xx_it.o(i.TIM4_IRQHandler)
    i.TIM_Base_SetConfig                     0x08002b38   Section        0  stm32f4xx_hal_tim.o(i.TIM_Base_SetConfig)
    i.TIM_CCxChannelCmd                      0x08002c08   Section        0  stm32f4xx_hal_tim.o(i.TIM_CCxChannelCmd)
    i.TIM_ETR_SetConfig                      0x08002c22   Section        0  stm32f4xx_hal_tim.o(i.TIM_ETR_SetConfig)
    i.TIM_ITRx_SetConfig                     0x08002c36   Section        0  stm32f4xx_hal_tim.o(i.TIM_ITRx_SetConfig)
    TIM_ITRx_SetConfig                       0x08002c37   Thumb Code    16  stm32f4xx_hal_tim.o(i.TIM_ITRx_SetConfig)
    i.TIM_OC1_SetConfig                      0x08002c48   Section        0  stm32f4xx_hal_tim.o(i.TIM_OC1_SetConfig)
    TIM_OC1_SetConfig                        0x08002c49   Thumb Code    88  stm32f4xx_hal_tim.o(i.TIM_OC1_SetConfig)
    i.TIM_OC2_SetConfig                      0x08002ca8   Section        0  stm32f4xx_hal_tim.o(i.TIM_OC2_SetConfig)
    i.TIM_OC3_SetConfig                      0x08002d14   Section        0  stm32f4xx_hal_tim.o(i.TIM_OC3_SetConfig)
    TIM_OC3_SetConfig                        0x08002d15   Thumb Code    96  stm32f4xx_hal_tim.o(i.TIM_OC3_SetConfig)
    i.TIM_OC4_SetConfig                      0x08002d7c   Section        0  stm32f4xx_hal_tim.o(i.TIM_OC4_SetConfig)
    TIM_OC4_SetConfig                        0x08002d7d   Thumb Code    70  stm32f4xx_hal_tim.o(i.TIM_OC4_SetConfig)
    i.TIM_TI1_ConfigInputStage               0x08002dcc   Section        0  stm32f4xx_hal_tim.o(i.TIM_TI1_ConfigInputStage)
    TIM_TI1_ConfigInputStage                 0x08002dcd   Thumb Code    34  stm32f4xx_hal_tim.o(i.TIM_TI1_ConfigInputStage)
    i.TIM_TI2_ConfigInputStage               0x08002dee   Section        0  stm32f4xx_hal_tim.o(i.TIM_TI2_ConfigInputStage)
    TIM_TI2_ConfigInputStage                 0x08002def   Thumb Code    36  stm32f4xx_hal_tim.o(i.TIM_TI2_ConfigInputStage)
    i.UART_DMAAbortOnError                   0x08002e12   Section        0  stm32f4xx_hal_uart.o(i.UART_DMAAbortOnError)
    UART_DMAAbortOnError                     0x08002e13   Thumb Code    14  stm32f4xx_hal_uart.o(i.UART_DMAAbortOnError)
    i.UART_DMAError                          0x08002e20   Section        0  stm32f4xx_hal_uart.o(i.UART_DMAError)
    UART_DMAError                            0x08002e21   Thumb Code    74  stm32f4xx_hal_uart.o(i.UART_DMAError)
    i.UART_DMATransmitCplt                   0x08002e6a   Section        0  stm32f4xx_hal_uart.o(i.UART_DMATransmitCplt)
    UART_DMATransmitCplt                     0x08002e6b   Thumb Code    66  stm32f4xx_hal_uart.o(i.UART_DMATransmitCplt)
    i.UART_DMATxHalfCplt                     0x08002eac   Section        0  stm32f4xx_hal_uart.o(i.UART_DMATxHalfCplt)
    UART_DMATxHalfCplt                       0x08002ead   Thumb Code    10  stm32f4xx_hal_uart.o(i.UART_DMATxHalfCplt)
    i.UART_EndRxTransfer                     0x08002eb6   Section        0  stm32f4xx_hal_uart.o(i.UART_EndRxTransfer)
    UART_EndRxTransfer                       0x08002eb7   Thumb Code    78  stm32f4xx_hal_uart.o(i.UART_EndRxTransfer)
    i.UART_EndTxTransfer                     0x08002f04   Section        0  stm32f4xx_hal_uart.o(i.UART_EndTxTransfer)
    UART_EndTxTransfer                       0x08002f05   Thumb Code    28  stm32f4xx_hal_uart.o(i.UART_EndTxTransfer)
    i.UART_Receive_IT                        0x08002f20   Section        0  stm32f4xx_hal_uart.o(i.UART_Receive_IT)
    UART_Receive_IT                          0x08002f21   Thumb Code   194  stm32f4xx_hal_uart.o(i.UART_Receive_IT)
    i.UART_SetConfig                         0x08002fe4   Section        0  stm32f4xx_hal_uart.o(i.UART_SetConfig)
    UART_SetConfig                           0x08002fe5   Thumb Code   258  stm32f4xx_hal_uart.o(i.UART_SetConfig)
    i.UART_Start_Receive_IT                  0x080030f0   Section        0  stm32f4xx_hal_uart.o(i.UART_Start_Receive_IT)
    i.UART_WaitOnFlagUntilTimeout            0x08003126   Section        0  stm32f4xx_hal_uart.o(i.UART_WaitOnFlagUntilTimeout)
    UART_WaitOnFlagUntilTimeout              0x08003127   Thumb Code   114  stm32f4xx_hal_uart.o(i.UART_WaitOnFlagUntilTimeout)
    i.USART1_IRQHandler                      0x08003198   Section        0  stm32f4xx_it.o(i.USART1_IRQHandler)
    i.USART6_IRQHandler                      0x080031a4   Section        0  stm32f4xx_it.o(i.USART6_IRQHandler)
    i.UsageFault_Handler                     0x080031b0   Section        0  stm32f4xx_it.o(i.UsageFault_Handler)
    i.__NVIC_SetPriority                     0x080031b2   Section        0  stm32f4xx_hal_cortex.o(i.__NVIC_SetPriority)
    __NVIC_SetPriority                       0x080031b3   Thumb Code    32  stm32f4xx_hal_cortex.o(i.__NVIC_SetPriority)
    i._is_digit                              0x080031d2   Section        0  __printf_wp.o(i._is_digit)
    i.main                                   0x080031e0   Section        0  main.o(i.main)
    x$fpl$d2f                                0x08003300   Section       98  d2f.o(x$fpl$d2f)
    $v0                                      0x08003300   Number         0  d2f.o(x$fpl$d2f)
    x$fpl$dfltll                             0x08003364   Section      162  dfltll_clz.o(x$fpl$dfltll)
    $v0                                      0x08003364   Number         0  dfltll_clz.o(x$fpl$dfltll)
    x$fpl$dfltu                              0x08003406   Section       38  dflt_clz.o(x$fpl$dfltu)
    $v0                                      0x08003406   Number         0  dflt_clz.o(x$fpl$dfltu)
    x$fpl$dmul                               0x0800342c   Section      340  dmul.o(x$fpl$dmul)
    $v0                                      0x0800342c   Number         0  dmul.o(x$fpl$dmul)
    x$fpl$dnaninf                            0x08003580   Section      156  dnaninf.o(x$fpl$dnaninf)
    $v0                                      0x08003580   Number         0  dnaninf.o(x$fpl$dnaninf)
    x$fpl$dretinf                            0x0800361c   Section       12  dretinf.o(x$fpl$dretinf)
    $v0                                      0x0800361c   Number         0  dretinf.o(x$fpl$dretinf)
    x$fpl$fpinit                             0x08003628   Section       10  fpinit.o(x$fpl$fpinit)
    $v0                                      0x08003628   Number         0  fpinit.o(x$fpl$fpinit)
    x$fpl$fretinf                            0x08003632   Section       10  fretinf.o(x$fpl$fretinf)
    $v0                                      0x08003632   Number         0  fretinf.o(x$fpl$fretinf)
    .constdata                               0x0800363c   Section        8  stm32f4xx_hal_dma.o(.constdata)
    x$fpl$usenofp                            0x0800363c   Section        0  usenofp.o(x$fpl$usenofp)
    flagBitshiftOffset                       0x0800363c   Data           8  stm32f4xx_hal_dma.o(.constdata)
    .constdata                               0x08003644   Section       16  system_stm32f4xx.o(.constdata)
    .constdata                               0x08003654   Section        8  system_stm32f4xx.o(.constdata)
    .constdata                               0x0800365c   Section       17  __printf_flags_wp.o(.constdata)
    maptable                                 0x0800365c   Data          17  __printf_flags_wp.o(.constdata)
    .data                                    0x20000000   Section       12  main.o(.data)
    .data                                    0x2000000c   Section       12  stm32f4xx_hal.o(.data)
    .data                                    0x20000018   Section        4  system_stm32f4xx.o(.data)
    .data                                    0x20000020   Section       72  encoder.o(.data)
    .data                                    0x20000068   Section        8  my_systick.o(.data)
    .data                                    0x20000070   Section        1  rader.o(.data)
    .data                                    0x20000074   Section        8  rader.o(.data)
    cnt                                      0x20000076   Data           2  rader.o(.data)
    angle_last                               0x20000078   Data           4  rader.o(.data)
    .data                                    0x2000007c   Section        1  rader.o(.data)
    .bss                                     0x20000080   Section    10000  main.o(.bss)
    ascii_buffer                             0x20000080   Data       10000  main.o(.bss)
    .bss                                     0x20002790   Section      288  tim.o(.bss)
    .bss                                     0x200028b0   Section      240  usart.o(.bss)
    .bss                                     0x200029a0   Section     2110  rader.o(.bss)
    point                                    0x200029a0   Data        1000  rader.o(.bss)
    .bss                                     0x200031e0   Section       96  libspace.o(.bss)
    HEAP                                     0x20003240   Section      512  startup_stm32f446xx.o(HEAP)
    Heap_Mem                                 0x20003240   Data         512  startup_stm32f446xx.o(HEAP)
    STACK                                    0x20003440   Section     1024  startup_stm32f446xx.o(STACK)
    Stack_Mem                                0x20003440   Data        1024  startup_stm32f446xx.o(STACK)
    __initial_sp                             0x20003840   Data           0  startup_stm32f446xx.o(STACK)

    Global Symbols

    Symbol Name                              Value     Ov Type        Size  Object(Section)

    BuildAttributes$$THM_ISAv4$E$P$D$K$B$S$7EM$VFPi3$EXTD16$VFPS$VFMA$PE$A:L22UL41UL21$X:L11$S22US41US21$IEEE1$IW$USESV6$~STKCKD$USESV7$~SHL$OTIME$ROPI$IEEEJ$EBA8$UX$STANDARDLIB$REQ8$PRES8$EABIv2 0x00000000   Number         0  anon$$obj.o ABSOLUTE
    __ARM_use_no_argv                        0x00000000   Number         0  main.o ABSOLUTE
    _printf_flags                            0x00000000   Number         0  printf_stubs.o ABSOLUTE
    _printf_return_value                     0x00000000   Number         0  printf_stubs.o ABSOLUTE
    _printf_sizespec                         0x00000000   Number         0  printf_stubs.o ABSOLUTE
    _printf_widthprec                        0x00000000   Number         0  printf_stubs.o ABSOLUTE
    __ARM_exceptions_init                     - Undefined Weak Reference
    __alloca_initialize                       - Undefined Weak Reference
    __arm_fini_                               - Undefined Weak Reference
    __arm_preinit_                            - Undefined Weak Reference
    __cpp_initialize__aeabi_                  - Undefined Weak Reference
    __cxa_finalize                            - Undefined Weak Reference
    __rt_locale                               - Undefined Weak Reference
    __sigvec_lookup                           - Undefined Weak Reference
    _atexit_init                              - Undefined Weak Reference
    _call_atexit_fns                          - Undefined Weak Reference
    _clock_init                               - Undefined Weak Reference
    _fp_trap_init                             - Undefined Weak Reference
    _fp_trap_shutdown                         - Undefined Weak Reference
    _get_lc_collate                           - Undefined Weak Reference
    _get_lc_ctype                             - Undefined Weak Reference
    _get_lc_monetary                          - Undefined Weak Reference
    _get_lc_numeric                           - Undefined Weak Reference
    _get_lc_time                              - Undefined Weak Reference
    _getenv_init                              - Undefined Weak Reference
    _handle_redirection                       - Undefined Weak Reference
    _init_alloc                               - Undefined Weak Reference
    _init_user_alloc                          - Undefined Weak Reference
    _initio                                   - Undefined Weak Reference
    _printf_truncate_signed                   - Undefined Weak Reference
    _printf_truncate_unsigned                 - Undefined Weak Reference
    _rand_init                                - Undefined Weak Reference
    _signal_finish                            - Undefined Weak Reference
    _signal_init                              - Undefined Weak Reference
    _terminate_alloc                          - Undefined Weak Reference
    _terminate_user_alloc                     - Undefined Weak Reference
    _terminateio                              - Undefined Weak Reference
    __Vectors_Size                           0x000001c4   Number         0  startup_stm32f446xx.o ABSOLUTE
    __Vectors                                0x08000000   Data           4  startup_stm32f446xx.o(RESET)
    __Vectors_End                            0x080001c4   Data           0  startup_stm32f446xx.o(RESET)
    __main                                   0x080001c5   Thumb Code     8  __main.o(!!!main)
    __scatterload                            0x080001cd   Thumb Code     0  __scatter.o(!!!scatter)
    __scatterload_rt2                        0x080001cd   Thumb Code    44  __scatter.o(!!!scatter)
    __scatterload_rt2_thumb_only             0x080001cd   Thumb Code     0  __scatter.o(!!!scatter)
    __scatterload_null                       0x080001db   Thumb Code     0  __scatter.o(!!!scatter)
    __scatterload_copy                       0x08000201   Thumb Code    26  __scatter_copy.o(!!handler_copy)
    __scatterload_zeroinit                   0x0800021d   Thumb Code    28  __scatter_zi.o(!!handler_zi)
    _printf_d                                0x08000239   Thumb Code     0  _printf_d.o(.ARM.Collect$$_printf_percent$$00000009)
    _printf_percent                          0x08000239   Thumb Code     0  _printf_percent.o(.ARM.Collect$$_printf_percent$$00000000)
    _printf_percent_end                      0x0800023f   Thumb Code     0  _printf_percent_end.o(.ARM.Collect$$_printf_percent$$00000017)
    __rt_lib_init                            0x08000243   Thumb Code     0  libinit.o(.ARM.Collect$$libinit$$00000000)
    __rt_lib_init_fp_1                       0x08000245   Thumb Code     0  libinit2.o(.ARM.Collect$$libinit$$00000001)
    __rt_lib_init_alloca_1                   0x08000249   Thumb Code     0  libinit2.o(.ARM.Collect$$libinit$$0000002E)
    __rt_lib_init_argv_1                     0x08000249   Thumb Code     0  libinit2.o(.ARM.Collect$$libinit$$0000002C)
    __rt_lib_init_atexit_1                   0x08000249   Thumb Code     0  libinit2.o(.ARM.Collect$$libinit$$0000001B)
    __rt_lib_init_clock_1                    0x08000249   Thumb Code     0  libinit2.o(.ARM.Collect$$libinit$$00000021)
    __rt_lib_init_cpp_1                      0x08000249   Thumb Code     0  libinit2.o(.ARM.Collect$$libinit$$00000032)
    __rt_lib_init_exceptions_1               0x08000249   Thumb Code     0  libinit2.o(.ARM.Collect$$libinit$$00000030)
    __rt_lib_init_fp_trap_1                  0x08000249   Thumb Code     0  libinit2.o(.ARM.Collect$$libinit$$0000001F)
    __rt_lib_init_getenv_1                   0x08000249   Thumb Code     0  libinit2.o(.ARM.Collect$$libinit$$00000023)
    __rt_lib_init_heap_1                     0x08000249   Thumb Code     0  libinit2.o(.ARM.Collect$$libinit$$0000000A)
    __rt_lib_init_lc_collate_1               0x08000249   Thumb Code     0  libinit2.o(.ARM.Collect$$libinit$$00000011)
    __rt_lib_init_lc_ctype_1                 0x08000249   Thumb Code     0  libinit2.o(.ARM.Collect$$libinit$$00000013)
    __rt_lib_init_lc_monetary_1              0x08000249   Thumb Code     0  libinit2.o(.ARM.Collect$$libinit$$00000015)
    __rt_lib_init_lc_numeric_1               0x08000249   Thumb Code     0  libinit2.o(.ARM.Collect$$libinit$$00000017)
    __rt_lib_init_lc_time_1                  0x08000249   Thumb Code     0  libinit2.o(.ARM.Collect$$libinit$$00000019)
    __rt_lib_init_preinit_1                  0x08000249   Thumb Code     0  libinit2.o(.ARM.Collect$$libinit$$00000004)
    __rt_lib_init_rand_1                     0x08000249   Thumb Code     0  libinit2.o(.ARM.Collect$$libinit$$0000000E)
    __rt_lib_init_return                     0x08000249   Thumb Code     0  libinit2.o(.ARM.Collect$$libinit$$00000033)
    __rt_lib_init_signal_1                   0x08000249   Thumb Code     0  libinit2.o(.ARM.Collect$$libinit$$0000001D)
    __rt_lib_init_stdio_1                    0x08000249   Thumb Code     0  libinit2.o(.ARM.Collect$$libinit$$00000025)
    __rt_lib_init_user_alloc_1               0x08000249   Thumb Code     0  libinit2.o(.ARM.Collect$$libinit$$0000000C)
    __rt_lib_shutdown                        0x0800024b   Thumb Code     0  libshutdown.o(.ARM.Collect$$libshutdown$$00000000)
    __rt_lib_shutdown_cpp_1                  0x0800024d   Thumb Code     0  libshutdown2.o(.ARM.Collect$$libshutdown$$00000004)
    __rt_lib_shutdown_fini_1                 0x0800024d   Thumb Code     0  libshutdown2.o(.ARM.Collect$$libshutdown$$00000002)
    __rt_lib_shutdown_fp_trap_1              0x0800024d   Thumb Code     0  libshutdown2.o(.ARM.Collect$$libshutdown$$00000009)
    __rt_lib_shutdown_heap_1                 0x0800024d   Thumb Code     0  libshutdown2.o(.ARM.Collect$$libshutdown$$00000011)
    __rt_lib_shutdown_return                 0x0800024d   Thumb Code     0  libshutdown2.o(.ARM.Collect$$libshutdown$$00000012)
    __rt_lib_shutdown_signal_1               0x0800024d   Thumb Code     0  libshutdown2.o(.ARM.Collect$$libshutdown$$0000000C)
    __rt_lib_shutdown_stdio_1                0x0800024d   Thumb Code     0  libshutdown2.o(.ARM.Collect$$libshutdown$$00000006)
    __rt_lib_shutdown_user_alloc_1           0x0800024d   Thumb Code     0  libshutdown2.o(.ARM.Collect$$libshutdown$$0000000E)
    __rt_entry                               0x0800024f   Thumb Code     0  __rtentry.o(.ARM.Collect$$rtentry$$00000000)
    __rt_entry_presh_1                       0x0800024f   Thumb Code     0  __rtentry2.o(.ARM.Collect$$rtentry$$00000002)
    __rt_entry_sh                            0x0800024f   Thumb Code     0  __rtentry4.o(.ARM.Collect$$rtentry$$00000004)
    __rt_entry_li                            0x08000255   Thumb Code     0  __rtentry2.o(.ARM.Collect$$rtentry$$0000000A)
    __rt_entry_postsh_1                      0x08000255   Thumb Code     0  __rtentry2.o(.ARM.Collect$$rtentry$$00000009)
    __rt_entry_main                          0x08000259   Thumb Code     0  __rtentry2.o(.ARM.Collect$$rtentry$$0000000D)
    __rt_entry_postli_1                      0x08000259   Thumb Code     0  __rtentry2.o(.ARM.Collect$$rtentry$$0000000C)
    __rt_exit                                0x08000261   Thumb Code     0  rtexit.o(.ARM.Collect$$rtexit$$00000000)
    __rt_exit_ls                             0x08000263   Thumb Code     0  rtexit2.o(.ARM.Collect$$rtexit$$00000003)
    __rt_exit_prels_1                        0x08000263   Thumb Code     0  rtexit2.o(.ARM.Collect$$rtexit$$00000002)
    __rt_exit_exit                           0x08000267   Thumb Code     0  rtexit2.o(.ARM.Collect$$rtexit$$00000004)
    Reset_Handler                            0x0800026d   Thumb Code     8  startup_stm32f446xx.o(.text)
    ADC_IRQHandler                           0x08000287   Thumb Code     0  startup_stm32f446xx.o(.text)
    CAN1_RX0_IRQHandler                      0x08000287   Thumb Code     0  startup_stm32f446xx.o(.text)
    CAN1_RX1_IRQHandler                      0x08000287   Thumb Code     0  startup_stm32f446xx.o(.text)
    CAN1_SCE_IRQHandler                      0x08000287   Thumb Code     0  startup_stm32f446xx.o(.text)
    CAN1_TX_IRQHandler                       0x08000287   Thumb Code     0  startup_stm32f446xx.o(.text)
    CAN2_RX0_IRQHandler                      0x08000287   Thumb Code     0  startup_stm32f446xx.o(.text)
    CAN2_RX1_IRQHandler                      0x08000287   Thumb Code     0  startup_stm32f446xx.o(.text)
    CAN2_SCE_IRQHandler                      0x08000287   Thumb Code     0  startup_stm32f446xx.o(.text)
    CAN2_TX_IRQHandler                       0x08000287   Thumb Code     0  startup_stm32f446xx.o(.text)
    CEC_IRQHandler                           0x08000287   Thumb Code     0  startup_stm32f446xx.o(.text)
    DCMI_IRQHandler                          0x08000287   Thumb Code     0  startup_stm32f446xx.o(.text)
    DMA1_Stream0_IRQHandler                  0x08000287   Thumb Code     0  startup_stm32f446xx.o(.text)
    DMA1_Stream1_IRQHandler                  0x08000287   Thumb Code     0  startup_stm32f446xx.o(.text)
    DMA1_Stream2_IRQHandler                  0x08000287   Thumb Code     0  startup_stm32f446xx.o(.text)
    DMA1_Stream3_IRQHandler                  0x08000287   Thumb Code     0  startup_stm32f446xx.o(.text)
    DMA1_Stream4_IRQHandler                  0x08000287   Thumb Code     0  startup_stm32f446xx.o(.text)
    DMA1_Stream5_IRQHandler                  0x08000287   Thumb Code     0  startup_stm32f446xx.o(.text)
    DMA1_Stream6_IRQHandler                  0x08000287   Thumb Code     0  startup_stm32f446xx.o(.text)
    DMA1_Stream7_IRQHandler                  0x08000287   Thumb Code     0  startup_stm32f446xx.o(.text)
    DMA2_Stream0_IRQHandler                  0x08000287   Thumb Code     0  startup_stm32f446xx.o(.text)
    DMA2_Stream1_IRQHandler                  0x08000287   Thumb Code     0  startup_stm32f446xx.o(.text)
    DMA2_Stream2_IRQHandler                  0x08000287   Thumb Code     0  startup_stm32f446xx.o(.text)
    DMA2_Stream3_IRQHandler                  0x08000287   Thumb Code     0  startup_stm32f446xx.o(.text)
    DMA2_Stream4_IRQHandler                  0x08000287   Thumb Code     0  startup_stm32f446xx.o(.text)
    DMA2_Stream5_IRQHandler                  0x08000287   Thumb Code     0  startup_stm32f446xx.o(.text)
    DMA2_Stream6_IRQHandler                  0x08000287   Thumb Code     0  startup_stm32f446xx.o(.text)
    EXTI0_IRQHandler                         0x08000287   Thumb Code     0  startup_stm32f446xx.o(.text)
    EXTI1_IRQHandler                         0x08000287   Thumb Code     0  startup_stm32f446xx.o(.text)
    EXTI2_IRQHandler                         0x08000287   Thumb Code     0  startup_stm32f446xx.o(.text)
    EXTI3_IRQHandler                         0x08000287   Thumb Code     0  startup_stm32f446xx.o(.text)
    EXTI4_IRQHandler                         0x08000287   Thumb Code     0  startup_stm32f446xx.o(.text)
    FLASH_IRQHandler                         0x08000287   Thumb Code     0  startup_stm32f446xx.o(.text)
    FMC_IRQHandler                           0x08000287   Thumb Code     0  startup_stm32f446xx.o(.text)
    FMPI2C1_ER_IRQHandler                    0x08000287   Thumb Code     0  startup_stm32f446xx.o(.text)
    FMPI2C1_EV_IRQHandler                    0x08000287   Thumb Code     0  startup_stm32f446xx.o(.text)
    FPU_IRQHandler                           0x08000287   Thumb Code     0  startup_stm32f446xx.o(.text)
    I2C1_ER_IRQHandler                       0x08000287   Thumb Code     0  startup_stm32f446xx.o(.text)
    I2C1_EV_IRQHandler                       0x08000287   Thumb Code     0  startup_stm32f446xx.o(.text)
    I2C2_ER_IRQHandler                       0x08000287   Thumb Code     0  startup_stm32f446xx.o(.text)
    I2C2_EV_IRQHandler                       0x08000287   Thumb Code     0  startup_stm32f446xx.o(.text)
    I2C3_ER_IRQHandler                       0x08000287   Thumb Code     0  startup_stm32f446xx.o(.text)
    I2C3_EV_IRQHandler                       0x08000287   Thumb Code     0  startup_stm32f446xx.o(.text)
    OTG_FS_IRQHandler                        0x08000287   Thumb Code     0  startup_stm32f446xx.o(.text)
    OTG_FS_WKUP_IRQHandler                   0x08000287   Thumb Code     0  startup_stm32f446xx.o(.text)
    OTG_HS_EP1_IN_IRQHandler                 0x08000287   Thumb Code     0  startup_stm32f446xx.o(.text)
    OTG_HS_EP1_OUT_IRQHandler                0x08000287   Thumb Code     0  startup_stm32f446xx.o(.text)
    OTG_HS_IRQHandler                        0x08000287   Thumb Code     0  startup_stm32f446xx.o(.text)
    OTG_HS_WKUP_IRQHandler                   0x08000287   Thumb Code     0  startup_stm32f446xx.o(.text)
    PVD_IRQHandler                           0x08000287   Thumb Code     0  startup_stm32f446xx.o(.text)
    QUADSPI_IRQHandler                       0x08000287   Thumb Code     0  startup_stm32f446xx.o(.text)
    RCC_IRQHandler                           0x08000287   Thumb Code     0  startup_stm32f446xx.o(.text)
    RTC_Alarm_IRQHandler                     0x08000287   Thumb Code     0  startup_stm32f446xx.o(.text)
    RTC_WKUP_IRQHandler                      0x08000287   Thumb Code     0  startup_stm32f446xx.o(.text)
    SAI1_IRQHandler                          0x08000287   Thumb Code     0  startup_stm32f446xx.o(.text)
    SAI2_IRQHandler                          0x08000287   Thumb Code     0  startup_stm32f446xx.o(.text)
    SDIO_IRQHandler                          0x08000287   Thumb Code     0  startup_stm32f446xx.o(.text)
    SPDIF_RX_IRQHandler                      0x08000287   Thumb Code     0  startup_stm32f446xx.o(.text)
    SPI1_IRQHandler                          0x08000287   Thumb Code     0  startup_stm32f446xx.o(.text)
    SPI2_IRQHandler                          0x08000287   Thumb Code     0  startup_stm32f446xx.o(.text)
    SPI3_IRQHandler                          0x08000287   Thumb Code     0  startup_stm32f446xx.o(.text)
    SPI4_IRQHandler                          0x08000287   Thumb Code     0  startup_stm32f446xx.o(.text)
    TAMP_STAMP_IRQHandler                    0x08000287   Thumb Code     0  startup_stm32f446xx.o(.text)
    TIM1_BRK_TIM9_IRQHandler                 0x08000287   Thumb Code     0  startup_stm32f446xx.o(.text)
    TIM1_CC_IRQHandler                       0x08000287   Thumb Code     0  startup_stm32f446xx.o(.text)
    TIM1_TRG_COM_TIM11_IRQHandler            0x08000287   Thumb Code     0  startup_stm32f446xx.o(.text)
    TIM1_UP_TIM10_IRQHandler                 0x08000287   Thumb Code     0  startup_stm32f446xx.o(.text)
    TIM3_IRQHandler                          0x08000287   Thumb Code     0  startup_stm32f446xx.o(.text)
    TIM5_IRQHandler                          0x08000287   Thumb Code     0  startup_stm32f446xx.o(.text)
    TIM6_DAC_IRQHandler                      0x08000287   Thumb Code     0  startup_stm32f446xx.o(.text)
    TIM7_IRQHandler                          0x08000287   Thumb Code     0  startup_stm32f446xx.o(.text)
    TIM8_BRK_TIM12_IRQHandler                0x08000287   Thumb Code     0  startup_stm32f446xx.o(.text)
    TIM8_CC_IRQHandler                       0x08000287   Thumb Code     0  startup_stm32f446xx.o(.text)
    TIM8_TRG_COM_TIM14_IRQHandler            0x08000287   Thumb Code     0  startup_stm32f446xx.o(.text)
    TIM8_UP_TIM13_IRQHandler                 0x08000287   Thumb Code     0  startup_stm32f446xx.o(.text)
    UART4_IRQHandler                         0x08000287   Thumb Code     0  startup_stm32f446xx.o(.text)
    UART5_IRQHandler                         0x08000287   Thumb Code     0  startup_stm32f446xx.o(.text)
    USART2_IRQHandler                        0x08000287   Thumb Code     0  startup_stm32f446xx.o(.text)
    USART3_IRQHandler                        0x08000287   Thumb Code     0  startup_stm32f446xx.o(.text)
    WWDG_IRQHandler                          0x08000287   Thumb Code     0  startup_stm32f446xx.o(.text)
    __user_initial_stackheap                 0x08000289   Thumb Code     0  startup_stm32f446xx.o(.text)
    __aeabi_uldivmod                         0x080002ad   Thumb Code     0  lludivv7m.o(.text)
    _ll_udiv                                 0x080002ad   Thumb Code   238  lludivv7m.o(.text)
    __aeabi_ldivmod                          0x0800039b   Thumb Code     0  llsdiv.o(.text)
    _ll_sdiv                                 0x0800039b   Thumb Code    72  llsdiv.o(.text)
    __2sprintf                               0x080003e5   Thumb Code    38  __2sprintf.o(.text)
    _printf_pre_padding                      0x08000411   Thumb Code    44  _printf_pad.o(.text)
    _printf_post_padding                     0x0800043d   Thumb Code    34  _printf_pad.o(.text)
    _printf_int_dec                          0x08000461   Thumb Code   104  _printf_dec.o(.text)
    __printf                                 0x080004d9   Thumb Code   308  __printf_flags_wp.o(.text)
    __aeabi_memcpy                           0x08000611   Thumb Code     0  rt_memcpy_v6.o(.text)
    __rt_memcpy                              0x08000611   Thumb Code   138  rt_memcpy_v6.o(.text)
    _memcpy_lastbytes                        0x08000677   Thumb Code     0  rt_memcpy_v6.o(.text)
    __aeabi_memcpy4                          0x0800069b   Thumb Code     0  rt_memcpy_w.o(.text)
    __aeabi_memcpy8                          0x0800069b   Thumb Code     0  rt_memcpy_w.o(.text)
    __rt_memcpy_w                            0x0800069b   Thumb Code   100  rt_memcpy_w.o(.text)
    _memcpy_lastbytes_aligned                0x080006e3   Thumb Code     0  rt_memcpy_w.o(.text)
    __aeabi_memclr4                          0x080006ff   Thumb Code     0  rt_memclr_w.o(.text)
    __aeabi_memclr8                          0x080006ff   Thumb Code     0  rt_memclr_w.o(.text)
    __rt_memclr_w                            0x080006ff   Thumb Code    78  rt_memclr_w.o(.text)
    _memset_w                                0x08000703   Thumb Code     0  rt_memclr_w.o(.text)
    __use_two_region_memory                  0x0800074d   Thumb Code     2  heapauxi.o(.text)
    __rt_heap_escrow$2region                 0x0800074f   Thumb Code     2  heapauxi.o(.text)
    __rt_heap_expand$2region                 0x08000751   Thumb Code     2  heapauxi.o(.text)
    _printf_int_common                       0x08000753   Thumb Code   178  _printf_intcommon.o(.text)
    _printf_char_common                      0x0800080f   Thumb Code    32  _printf_char_common.o(.text)
    _sputc                                   0x08000835   Thumb Code    10  _sputc.o(.text)
    __user_setup_stackheap                   0x0800083f   Thumb Code    74  sys_stackheap_outer.o(.text)
    exit                                     0x08000889   Thumb Code    18  exit.o(.text)
    __user_libspace                          0x0800089d   Thumb Code     8  libspace.o(.text)
    __user_perproc_libspace                  0x0800089d   Thumb Code     0  libspace.o(.text)
    __user_perthread_libspace                0x0800089d   Thumb Code     0  libspace.o(.text)
    _sys_exit                                0x080008a5   Thumb Code     8  sys_exit.o(.text)
    __I$use$semihosting                      0x080008b1   Thumb Code     0  use_no_semi.o(.text)
    __use_no_semihosting_swi                 0x080008b1   Thumb Code     2  use_no_semi.o(.text)
    __semihosting_library_function           0x080008b3   Thumb Code     0  indicate_semi.o(.text)
    AX_LASER_Start                           0x080008b5   Thumb Code   102  rader.o(i.AX_LASER_Start)
    BusFault_Handler                         0x0800093d   Thumb Code     2  stm32f4xx_it.o(i.BusFault_Handler)
    DMA2_Stream7_IRQHandler                  0x08000941   Thumb Code     6  stm32f4xx_it.o(i.DMA2_Stream7_IRQHandler)
    DebugMon_Handler                         0x080009f1   Thumb Code     2  stm32f4xx_it.o(i.DebugMon_Handler)
    EXTI15_10_IRQHandler                     0x080009f3   Thumb Code    22  stm32f4xx_it.o(i.EXTI15_10_IRQHandler)
    EXTI9_5_IRQHandler                       0x08000a09   Thumb Code     8  stm32f4xx_it.o(i.EXTI9_5_IRQHandler)
    Error_Handler                            0x08000a11   Thumb Code     4  main.o(i.Error_Handler)
    GetTime_us                               0x08000a15   Thumb Code    36  my_systick.o(i.GetTime_us)
    HAL_DMA_Abort                            0x08000a41   Thumb Code   146  stm32f4xx_hal_dma.o(i.HAL_DMA_Abort)
    HAL_DMA_Abort_IT                         0x08000ad3   Thumb Code    36  stm32f4xx_hal_dma.o(i.HAL_DMA_Abort_IT)
    HAL_DMA_IRQHandler                       0x08000af9   Thumb Code   412  stm32f4xx_hal_dma.o(i.HAL_DMA_IRQHandler)
    HAL_DMA_Init                             0x08000c99   Thumb Code   206  stm32f4xx_hal_dma.o(i.HAL_DMA_Init)
    HAL_DMA_Start_IT                         0x08000d6d   Thumb Code   110  stm32f4xx_hal_dma.o(i.HAL_DMA_Start_IT)
    HAL_Delay                                0x08000ddd   Thumb Code    32  stm32f4xx_hal.o(i.HAL_Delay)
    HAL_GPIO_EXTI_Callback                   0x08000e01   Thumb Code   334  encoder.o(i.HAL_GPIO_EXTI_Callback)
    HAL_GPIO_EXTI_IRQHandler                 0x08000f5d   Thumb Code    18  stm32f4xx_hal_gpio.o(i.HAL_GPIO_EXTI_IRQHandler)
    HAL_GPIO_Init                            0x08000f75   Thumb Code   436  stm32f4xx_hal_gpio.o(i.HAL_GPIO_Init)
    HAL_GPIO_ReadPin                         0x08001151   Thumb Code    10  stm32f4xx_hal_gpio.o(i.HAL_GPIO_ReadPin)
    HAL_GPIO_WritePin                        0x0800115b   Thumb Code    10  stm32f4xx_hal_gpio.o(i.HAL_GPIO_WritePin)
    HAL_GetTick                              0x08001165   Thumb Code     6  stm32f4xx_hal.o(i.HAL_GetTick)
    HAL_IncTick                              0x08001171   Thumb Code    12  stm32f4xx_hal.o(i.HAL_IncTick)
    HAL_Init                                 0x08001181   Thumb Code    48  stm32f4xx_hal.o(i.HAL_Init)
    HAL_InitTick                             0x080011b5   Thumb Code    54  stm32f4xx_hal.o(i.HAL_InitTick)
    HAL_MspInit                              0x080011f5   Thumb Code    42  stm32f4xx_hal_msp.o(i.HAL_MspInit)
    HAL_NVIC_EnableIRQ                       0x08001225   Thumb Code    26  stm32f4xx_hal_cortex.o(i.HAL_NVIC_EnableIRQ)
    HAL_NVIC_SetPriority                     0x08001241   Thumb Code    60  stm32f4xx_hal_cortex.o(i.HAL_NVIC_SetPriority)
    HAL_NVIC_SetPriorityGrouping             0x08001281   Thumb Code    26  stm32f4xx_hal_cortex.o(i.HAL_NVIC_SetPriorityGrouping)
    HAL_RCC_ClockConfig                      0x080012a5   Thumb Code   288  stm32f4xx_hal_rcc.o(i.HAL_RCC_ClockConfig)
    HAL_RCC_GetPCLK1Freq                     0x080013d9   Thumb Code    20  stm32f4xx_hal_rcc.o(i.HAL_RCC_GetPCLK1Freq)
    HAL_RCC_GetPCLK2Freq                     0x080013f9   Thumb Code    20  stm32f4xx_hal_rcc.o(i.HAL_RCC_GetPCLK2Freq)
    HAL_RCC_GetSysClockFreq                  0x08001419   Thumb Code   140  stm32f4xx_hal_rcc_ex.o(i.HAL_RCC_GetSysClockFreq)
    HAL_RCC_OscConfig                        0x080014ad   Thumb Code   900  stm32f4xx_hal_rcc_ex.o(i.HAL_RCC_OscConfig)
    HAL_SYSTICK_Config                       0x08001845   Thumb Code    40  stm32f4xx_hal_cortex.o(i.HAL_SYSTICK_Config)
    HAL_TIMEx_BreakCallback                  0x0800186d   Thumb Code     2  stm32f4xx_hal_tim_ex.o(i.HAL_TIMEx_BreakCallback)
    HAL_TIMEx_CommutCallback                 0x0800186f   Thumb Code     2  stm32f4xx_hal_tim_ex.o(i.HAL_TIMEx_CommutCallback)
    HAL_TIMEx_MasterConfigSynchronization    0x08001871   Thumb Code   116  stm32f4xx_hal_tim_ex.o(i.HAL_TIMEx_MasterConfigSynchronization)
    HAL_TIM_Base_Init                        0x08001901   Thumb Code    90  stm32f4xx_hal_tim.o(i.HAL_TIM_Base_Init)
    HAL_TIM_Base_MspInit                     0x0800195d   Thumb Code   130  tim.o(i.HAL_TIM_Base_MspInit)
    HAL_TIM_Base_Start_IT                    0x080019f1   Thumb Code   100  stm32f4xx_hal_tim.o(i.HAL_TIM_Base_Start_IT)
    HAL_TIM_ConfigClockSource                0x08001a71   Thumb Code   220  stm32f4xx_hal_tim.o(i.HAL_TIM_ConfigClockSource)
    HAL_TIM_IC_CaptureCallback               0x08001b4d   Thumb Code     2  stm32f4xx_hal_tim.o(i.HAL_TIM_IC_CaptureCallback)
    HAL_TIM_IRQHandler                       0x08001b4f   Thumb Code   304  stm32f4xx_hal_tim.o(i.HAL_TIM_IRQHandler)
    HAL_TIM_MspPostInit                      0x08001c81   Thumb Code   106  tim.o(i.HAL_TIM_MspPostInit)
    HAL_TIM_OC_DelayElapsedCallback          0x08001d01   Thumb Code     2  stm32f4xx_hal_tim.o(i.HAL_TIM_OC_DelayElapsedCallback)
    HAL_TIM_PWM_ConfigChannel                0x08001d03   Thumb Code   204  stm32f4xx_hal_tim.o(i.HAL_TIM_PWM_ConfigChannel)
    HAL_TIM_PWM_Init                         0x08001dcf   Thumb Code    90  stm32f4xx_hal_tim.o(i.HAL_TIM_PWM_Init)
    HAL_TIM_PWM_MspInit                      0x08001e29   Thumb Code     2  stm32f4xx_hal_tim.o(i.HAL_TIM_PWM_MspInit)
    HAL_TIM_PWM_PulseFinishedCallback        0x08001e2b   Thumb Code     2  stm32f4xx_hal_tim.o(i.HAL_TIM_PWM_PulseFinishedCallback)
    HAL_TIM_PWM_Start                        0x08001e2d   Thumb Code   172  stm32f4xx_hal_tim.o(i.HAL_TIM_PWM_Start)
    HAL_TIM_PeriodElapsedCallback            0x08001ef5   Thumb Code    16  main.o(i.HAL_TIM_PeriodElapsedCallback)
    HAL_TIM_TriggerCallback                  0x08001f0d   Thumb Code     2  stm32f4xx_hal_tim.o(i.HAL_TIM_TriggerCallback)
    HAL_UARTEx_RxEventCallback               0x08001f0f   Thumb Code     2  stm32f4xx_hal_uart.o(i.HAL_UARTEx_RxEventCallback)
    HAL_UART_ErrorCallback                   0x08001f11   Thumb Code    16  main.o(i.HAL_UART_ErrorCallback)
    HAL_UART_GetState                        0x08001f29   Thumb Code    10  stm32f4xx_hal_uart.o(i.HAL_UART_GetState)
    HAL_UART_IRQHandler                      0x08001f35   Thumb Code   636  stm32f4xx_hal_uart.o(i.HAL_UART_IRQHandler)
    HAL_UART_Init                            0x080021b5   Thumb Code   100  stm32f4xx_hal_uart.o(i.HAL_UART_Init)
    HAL_UART_MspInit                         0x08002219   Thumb Code   270  usart.o(i.HAL_UART_MspInit)
    HAL_UART_Receive_IT                      0x08002349   Thumb Code    28  stm32f4xx_hal_uart.o(i.HAL_UART_Receive_IT)
    HAL_UART_RxCpltCallback                  0x08002365   Thumb Code   144  main.o(i.HAL_UART_RxCpltCallback)
    HAL_UART_Transmit                        0x0800240d   Thumb Code   160  stm32f4xx_hal_uart.o(i.HAL_UART_Transmit)
    HAL_UART_Transmit_DMA                    0x080024ad   Thumb Code   120  stm32f4xx_hal_uart.o(i.HAL_UART_Transmit_DMA)
    HAL_UART_TxCpltCallback                  0x08002531   Thumb Code    16  main.o(i.HAL_UART_TxCpltCallback)
    HAL_UART_TxHalfCpltCallback              0x08002549   Thumb Code     2  stm32f4xx_hal_uart.o(i.HAL_UART_TxHalfCpltCallback)
    HardFault_Handler                        0x0800254b   Thumb Code     2  stm32f4xx_it.o(i.HardFault_Handler)
    LS_DataHandle                            0x0800254d   Thumb Code   316  rader.o(i.LS_DataHandle)
    MX_DMA_Init                              0x080026a5   Thumb Code    40  dma.o(i.MX_DMA_Init)
    MX_GPIO_Init                             0x080026d1   Thumb Code   222  gpio.o(i.MX_GPIO_Init)
    MX_TIM2_Init                             0x080027c1   Thumb Code    92  tim.o(i.MX_TIM2_Init)
    MX_TIM3_Init                             0x08002821   Thumb Code   158  tim.o(i.MX_TIM3_Init)
    MX_TIM4_Init                             0x080028c9   Thumb Code    98  tim.o(i.MX_TIM4_Init)
    MX_TIM5_Init                             0x08002935   Thumb Code   158  tim.o(i.MX_TIM5_Init)
    MX_USART1_UART_Init                      0x080029dd   Thumb Code    48  usart.o(i.MX_USART1_UART_Init)
    MX_USART6_UART_Init                      0x08002a15   Thumb Code    48  usart.o(i.MX_USART6_UART_Init)
    MY_TIM2_IRQHandler                       0x08002a4d   Thumb Code    26  my_systick.o(i.MY_TIM2_IRQHandler)
    MemManage_Handler                        0x08002a6d   Thumb Code     2  stm32f4xx_it.o(i.MemManage_Handler)
    NMI_Handler                              0x08002a6f   Thumb Code     2  stm32f4xx_it.o(i.NMI_Handler)
    PendSV_Handler                           0x08002a71   Thumb Code     2  stm32f4xx_it.o(i.PendSV_Handler)
    SVC_Handler                              0x08002a73   Thumb Code     2  stm32f4xx_it.o(i.SVC_Handler)
    SysTick_Handler                          0x08002a75   Thumb Code     4  stm32f4xx_it.o(i.SysTick_Handler)
    SystemClock_Config                       0x08002a79   Thumb Code   142  main.o(i.SystemClock_Config)
    SystemInit                               0x08002b11   Thumb Code    12  system_stm32f4xx.o(i.SystemInit)
    TIM2_IRQHandler                          0x08002b21   Thumb Code     6  stm32f4xx_it.o(i.TIM2_IRQHandler)
    TIM4_IRQHandler                          0x08002b2d   Thumb Code     6  stm32f4xx_it.o(i.TIM4_IRQHandler)
    TIM_Base_SetConfig                       0x08002b39   Thumb Code   164  stm32f4xx_hal_tim.o(i.TIM_Base_SetConfig)
    TIM_CCxChannelCmd                        0x08002c09   Thumb Code    26  stm32f4xx_hal_tim.o(i.TIM_CCxChannelCmd)
    TIM_ETR_SetConfig                        0x08002c23   Thumb Code    20  stm32f4xx_hal_tim.o(i.TIM_ETR_SetConfig)
    TIM_OC2_SetConfig                        0x08002ca9   Thumb Code    98  stm32f4xx_hal_tim.o(i.TIM_OC2_SetConfig)
    UART_Start_Receive_IT                    0x080030f1   Thumb Code    54  stm32f4xx_hal_uart.o(i.UART_Start_Receive_IT)
    USART1_IRQHandler                        0x08003199   Thumb Code     6  stm32f4xx_it.o(i.USART1_IRQHandler)
    USART6_IRQHandler                        0x080031a5   Thumb Code     6  stm32f4xx_it.o(i.USART6_IRQHandler)
    UsageFault_Handler                       0x080031b1   Thumb Code     2  stm32f4xx_it.o(i.UsageFault_Handler)
    _is_digit                                0x080031d3   Thumb Code    14  __printf_wp.o(i._is_digit)
    main                                     0x080031e1   Thumb Code   224  main.o(i.main)
    __aeabi_d2f                              0x08003301   Thumb Code     0  d2f.o(x$fpl$d2f)
    _d2f                                     0x08003301   Thumb Code    98  d2f.o(x$fpl$d2f)
    __aeabi_l2d                              0x08003365   Thumb Code     0  dfltll_clz.o(x$fpl$dfltll)
    _ll_sto_d                                0x08003365   Thumb Code   162  dfltll_clz.o(x$fpl$dfltll)
    __aeabi_ui2d                             0x08003407   Thumb Code     0  dflt_clz.o(x$fpl$dfltu)
    _dfltu                                   0x08003407   Thumb Code    38  dflt_clz.o(x$fpl$dfltu)
    __aeabi_dmul                             0x0800342d   Thumb Code     0  dmul.o(x$fpl$dmul)
    _dmul                                    0x0800342d   Thumb Code   332  dmul.o(x$fpl$dmul)
    __fpl_dnaninf                            0x08003581   Thumb Code   156  dnaninf.o(x$fpl$dnaninf)
    __fpl_dretinf                            0x0800361d   Thumb Code    12  dretinf.o(x$fpl$dretinf)
    _fp_init                                 0x08003629   Thumb Code    10  fpinit.o(x$fpl$fpinit)
    __fplib_config_fpu_vfp                   0x08003631   Thumb Code     0  fpinit.o(x$fpl$fpinit)
    __fplib_config_pureend_doubles           0x08003631   Thumb Code     0  fpinit.o(x$fpl$fpinit)
    __fpl_fretinf                            0x08003633   Thumb Code    10  fretinf.o(x$fpl$fretinf)
    __I$use$fp                               0x0800363c   Number         0  usenofp.o(x$fpl$usenofp)
    AHBPrescTable                            0x08003644   Data          16  system_stm32f4xx.o(.constdata)
    APBPrescTable                            0x08003654   Data           8  system_stm32f4xx.o(.constdata)
    Region$$Table$$Base                      0x08003670   Number         0  anon$$obj.o(Region$$Table)
    Region$$Table$$Limit                     0x08003690   Number         0  anon$$obj.o(Region$$Table)
    uart1_tx_dma_complete                    0x20000000   Data           1  main.o(.data)
    sent_cnt                                 0x20000004   Data           4  main.o(.data)
    count1                                   0x20000008   Data           4  main.o(.data)
    uwTickFreq                               0x2000000c   Data           1  stm32f4xx_hal.o(.data)
    uwTickPrio                               0x20000010   Data           4  stm32f4xx_hal.o(.data)
    uwTick                                   0x20000014   Data           4  stm32f4xx_hal.o(.data)
    SystemCoreClock                          0x20000018   Data           4  system_stm32f4xx.o(.data)
    direction_A                              0x20000020   Data           4  encoder.o(.data)
    direction_B                              0x20000024   Data           4  encoder.o(.data)
    encoderA_line                            0x20000028   Data           8  encoder.o(.data)
    encoderB_line                            0x20000030   Data           8  encoder.o(.data)
    wheelA_dis                               0x20000038   Data           8  encoder.o(.data)
    wheelB_dis                               0x20000040   Data           8  encoder.o(.data)
    t0_A                                     0x20000048   Data           8  encoder.o(.data)
    t1_A                                     0x20000050   Data           8  encoder.o(.data)
    t0_B                                     0x20000058   Data           8  encoder.o(.data)
    t1_B                                     0x20000060   Data           8  encoder.o(.data)
    period_num                               0x20000068   Data           8  my_systick.o(.data)
    uart4_rx_con                             0x20000070   Data           1  rader.o(.data)
    uart4_rx_data                            0x20000074   Data           1  rader.o(.data)
    uart4_rx_chksum                          0x2000007c   Data           1  rader.o(.data)
    htim2                                    0x20002790   Data          72  tim.o(.bss)
    htim3                                    0x200027d8   Data          72  tim.o(.bss)
    htim4                                    0x20002820   Data          72  tim.o(.bss)
    htim5                                    0x20002868   Data          72  tim.o(.bss)
    huart1                                   0x200028b0   Data          72  usart.o(.bss)
    huart6                                   0x200028f8   Data          72  usart.o(.bss)
    hdma_usart1_tx                           0x20002940   Data          96  usart.o(.bss)
    uart4_rx_buf                             0x20002d88   Data         100  rader.o(.bss)
    uart4_tx_buf                             0x20002dec   Data          10  rader.o(.bss)
    ax_ls_point                              0x20002df6   Data        1000  rader.o(.bss)
    __libspace_start                         0x200031e0   Data          96  libspace.o(.bss)
    __temporary_stack_top$libspace           0x20003240   Data           0  libspace.o(.bss)



==============================================================================

Memory Map of the image

  Image Entry point : 0x080001c5

  Load Region LR_IROM1 (Base: 0x08000000, Size: 0x00003710, Max: 0x00080000, ABSOLUTE)

    Execution Region ER_IROM1 (Exec base: 0x08000000, Load base: 0x08000000, Size: 0x00003690, Max: 0x00080000, ABSOLUTE)

    Exec Addr    Load Addr    Size         Type   Attr      Idx    E Section Name        Object

    0x08000000   0x08000000   0x000001c4   Data   RO            3    RESET               startup_stm32f446xx.o
    0x080001c4   0x080001c4   0x00000008   Code   RO         3400  * !!!main             c_w.l(__main.o)
    0x080001cc   0x080001cc   0x00000034   Code   RO         3621    !!!scatter          c_w.l(__scatter.o)
    0x08000200   0x08000200   0x0000001a   Code   RO         3623    !!handler_copy      c_w.l(__scatter_copy.o)
    0x0800021a   0x0800021a   0x00000002   PAD
    0x0800021c   0x0800021c   0x0000001c   Code   RO         3625    !!handler_zi        c_w.l(__scatter_zi.o)
    0x08000238   0x08000238   0x00000000   Code   RO         3391    .ARM.Collect$$_printf_percent$$00000000  c_w.l(_printf_percent.o)
    0x08000238   0x08000238   0x00000006   Code   RO         3390    .ARM.Collect$$_printf_percent$$00000009  c_w.l(_printf_d.o)
    0x0800023e   0x0800023e   0x00000004   Code   RO         3447    .ARM.Collect$$_printf_percent$$00000017  c_w.l(_printf_percent_end.o)
    0x08000242   0x08000242   0x00000002   Code   RO         3489    .ARM.Collect$$libinit$$00000000  c_w.l(libinit.o)
    0x08000244   0x08000244   0x00000004   Code   RO         3501    .ARM.Collect$$libinit$$00000001  c_w.l(libinit2.o)
    0x08000248   0x08000248   0x00000000   Code   RO         3504    .ARM.Collect$$libinit$$00000004  c_w.l(libinit2.o)
    0x08000248   0x08000248   0x00000000   Code   RO         3507    .ARM.Collect$$libinit$$0000000A  c_w.l(libinit2.o)
    0x08000248   0x08000248   0x00000000   Code   RO         3509    .ARM.Collect$$libinit$$0000000C  c_w.l(libinit2.o)
    0x08000248   0x08000248   0x00000000   Code   RO         3511    .ARM.Collect$$libinit$$0000000E  c_w.l(libinit2.o)
    0x08000248   0x08000248   0x00000000   Code   RO         3514    .ARM.Collect$$libinit$$00000011  c_w.l(libinit2.o)
    0x08000248   0x08000248   0x00000000   Code   RO         3516    .ARM.Collect$$libinit$$00000013  c_w.l(libinit2.o)
    0x08000248   0x08000248   0x00000000   Code   RO         3518    .ARM.Collect$$libinit$$00000015  c_w.l(libinit2.o)
    0x08000248   0x08000248   0x00000000   Code   RO         3520    .ARM.Collect$$libinit$$00000017  c_w.l(libinit2.o)
    0x08000248   0x08000248   0x00000000   Code   RO         3522    .ARM.Collect$$libinit$$00000019  c_w.l(libinit2.o)
    0x08000248   0x08000248   0x00000000   Code   RO         3524    .ARM.Collect$$libinit$$0000001B  c_w.l(libinit2.o)
    0x08000248   0x08000248   0x00000000   Code   RO         3526    .ARM.Collect$$libinit$$0000001D  c_w.l(libinit2.o)
    0x08000248   0x08000248   0x00000000   Code   RO         3528    .ARM.Collect$$libinit$$0000001F  c_w.l(libinit2.o)
    0x08000248   0x08000248   0x00000000   Code   RO         3530    .ARM.Collect$$libinit$$00000021  c_w.l(libinit2.o)
    0x08000248   0x08000248   0x00000000   Code   RO         3532    .ARM.Collect$$libinit$$00000023  c_w.l(libinit2.o)
    0x08000248   0x08000248   0x00000000   Code   RO         3534    .ARM.Collect$$libinit$$00000025  c_w.l(libinit2.o)
    0x08000248   0x08000248   0x00000000   Code   RO         3538    .ARM.Collect$$libinit$$0000002C  c_w.l(libinit2.o)
    0x08000248   0x08000248   0x00000000   Code   RO         3540    .ARM.Collect$$libinit$$0000002E  c_w.l(libinit2.o)
    0x08000248   0x08000248   0x00000000   Code   RO         3542    .ARM.Collect$$libinit$$00000030  c_w.l(libinit2.o)
    0x08000248   0x08000248   0x00000000   Code   RO         3544    .ARM.Collect$$libinit$$00000032  c_w.l(libinit2.o)
    0x08000248   0x08000248   0x00000002   Code   RO         3545    .ARM.Collect$$libinit$$00000033  c_w.l(libinit2.o)
    0x0800024a   0x0800024a   0x00000002   Code   RO         3576    .ARM.Collect$$libshutdown$$00000000  c_w.l(libshutdown.o)
    0x0800024c   0x0800024c   0x00000000   Code   RO         3602    .ARM.Collect$$libshutdown$$00000002  c_w.l(libshutdown2.o)
    0x0800024c   0x0800024c   0x00000000   Code   RO         3604    .ARM.Collect$$libshutdown$$00000004  c_w.l(libshutdown2.o)
    0x0800024c   0x0800024c   0x00000000   Code   RO         3606    .ARM.Collect$$libshutdown$$00000006  c_w.l(libshutdown2.o)
    0x0800024c   0x0800024c   0x00000000   Code   RO         3609    .ARM.Collect$$libshutdown$$00000009  c_w.l(libshutdown2.o)
    0x0800024c   0x0800024c   0x00000000   Code   RO         3612    .ARM.Collect$$libshutdown$$0000000C  c_w.l(libshutdown2.o)
    0x0800024c   0x0800024c   0x00000000   Code   RO         3614    .ARM.Collect$$libshutdown$$0000000E  c_w.l(libshutdown2.o)
    0x0800024c   0x0800024c   0x00000000   Code   RO         3617    .ARM.Collect$$libshutdown$$00000011  c_w.l(libshutdown2.o)
    0x0800024c   0x0800024c   0x00000002   Code   RO         3618    .ARM.Collect$$libshutdown$$00000012  c_w.l(libshutdown2.o)
    0x0800024e   0x0800024e   0x00000000   Code   RO         3436    .ARM.Collect$$rtentry$$00000000  c_w.l(__rtentry.o)
    0x0800024e   0x0800024e   0x00000000   Code   RO         3458    .ARM.Collect$$rtentry$$00000002  c_w.l(__rtentry2.o)
    0x0800024e   0x0800024e   0x00000006   Code   RO         3470    .ARM.Collect$$rtentry$$00000004  c_w.l(__rtentry4.o)
    0x08000254   0x08000254   0x00000000   Code   RO         3460    .ARM.Collect$$rtentry$$00000009  c_w.l(__rtentry2.o)
    0x08000254   0x08000254   0x00000004   Code   RO         3461    .ARM.Collect$$rtentry$$0000000A  c_w.l(__rtentry2.o)
    0x08000258   0x08000258   0x00000000   Code   RO         3463    .ARM.Collect$$rtentry$$0000000C  c_w.l(__rtentry2.o)
    0x08000258   0x08000258   0x00000008   Code   RO         3464    .ARM.Collect$$rtentry$$0000000D  c_w.l(__rtentry2.o)
    0x08000260   0x08000260   0x00000002   Code   RO         3493    .ARM.Collect$$rtexit$$00000000  c_w.l(rtexit.o)
    0x08000262   0x08000262   0x00000000   Code   RO         3549    .ARM.Collect$$rtexit$$00000002  c_w.l(rtexit2.o)
    0x08000262   0x08000262   0x00000004   Code   RO         3550    .ARM.Collect$$rtexit$$00000003  c_w.l(rtexit2.o)
    0x08000266   0x08000266   0x00000006   Code   RO         3551    .ARM.Collect$$rtexit$$00000004  c_w.l(rtexit2.o)
    0x0800026c   0x0800026c   0x00000040   Code   RO            4    .text               startup_stm32f446xx.o
    0x080002ac   0x080002ac   0x000000ee   Code   RO         3356    .text               c_w.l(lludivv7m.o)
    0x0800039a   0x0800039a   0x00000048   Code   RO         3358    .text               c_w.l(llsdiv.o)
    0x080003e2   0x080003e2   0x00000002   PAD
    0x080003e4   0x080003e4   0x0000002c   Code   RO         3360    .text               c_w.l(__2sprintf.o)
    0x08000410   0x08000410   0x0000004e   Code   RO         3366    .text               c_w.l(_printf_pad.o)
    0x0800045e   0x0800045e   0x00000002   PAD
    0x08000460   0x08000460   0x00000078   Code   RO         3368    .text               c_w.l(_printf_dec.o)
    0x080004d8   0x080004d8   0x00000138   Code   RO         3382    .text               c_w.l(__printf_flags_wp.o)
    0x08000610   0x08000610   0x0000008a   Code   RO         3392    .text               c_w.l(rt_memcpy_v6.o)
    0x0800069a   0x0800069a   0x00000064   Code   RO         3394    .text               c_w.l(rt_memcpy_w.o)
    0x080006fe   0x080006fe   0x0000004e   Code   RO         3396    .text               c_w.l(rt_memclr_w.o)
    0x0800074c   0x0800074c   0x00000006   Code   RO         3398    .text               c_w.l(heapauxi.o)
    0x08000752   0x08000752   0x000000b2   Code   RO         3441    .text               c_w.l(_printf_intcommon.o)
    0x08000804   0x08000804   0x00000030   Code   RO         3443    .text               c_w.l(_printf_char_common.o)
    0x08000834   0x08000834   0x0000000a   Code   RO         3445    .text               c_w.l(_sputc.o)
    0x0800083e   0x0800083e   0x0000004a   Code   RO         3476    .text               c_w.l(sys_stackheap_outer.o)
    0x08000888   0x08000888   0x00000012   Code   RO         3478    .text               c_w.l(exit.o)
    0x0800089a   0x0800089a   0x00000002   PAD
    0x0800089c   0x0800089c   0x00000008   Code   RO         3490    .text               c_w.l(libspace.o)
    0x080008a4   0x080008a4   0x0000000c   Code   RO         3546    .text               c_w.l(sys_exit.o)
    0x080008b0   0x080008b0   0x00000002   Code   RO         3565    .text               c_w.l(use_no_semi.o)
    0x080008b2   0x080008b2   0x00000000   Code   RO         3567    .text               c_w.l(indicate_semi.o)
    0x080008b2   0x080008b2   0x00000002   PAD
    0x080008b4   0x080008b4   0x00000088   Code   RO         3312    i.AX_LASER_Start    rader.o
    0x0800093c   0x0800093c   0x00000002   Code   RO          376    i.BusFault_Handler  stm32f4xx_it.o
    0x0800093e   0x0800093e   0x00000002   PAD
    0x08000940   0x08000940   0x0000000c   Code   RO          377    i.DMA2_Stream7_IRQHandler  stm32f4xx_it.o
    0x0800094c   0x0800094c   0x00000028   Code   RO         2034    i.DMA_CalcBaseAndBitshift  stm32f4xx_hal_dma.o
    0x08000974   0x08000974   0x00000054   Code   RO         2035    i.DMA_CheckFifoParam  stm32f4xx_hal_dma.o
    0x080009c8   0x080009c8   0x00000028   Code   RO         2036    i.DMA_SetConfig     stm32f4xx_hal_dma.o
    0x080009f0   0x080009f0   0x00000002   Code   RO          378    i.DebugMon_Handler  stm32f4xx_it.o
    0x080009f2   0x080009f2   0x00000016   Code   RO          379    i.EXTI15_10_IRQHandler  stm32f4xx_it.o
    0x08000a08   0x08000a08   0x00000008   Code   RO          380    i.EXTI9_5_IRQHandler  stm32f4xx_it.o
    0x08000a10   0x08000a10   0x00000004   Code   RO           13    i.Error_Handler     main.o
    0x08000a14   0x08000a14   0x0000002c   Code   RO         3241    i.GetTime_us        my_systick.o
    0x08000a40   0x08000a40   0x00000092   Code   RO         2037    i.HAL_DMA_Abort     stm32f4xx_hal_dma.o
    0x08000ad2   0x08000ad2   0x00000024   Code   RO         2038    i.HAL_DMA_Abort_IT  stm32f4xx_hal_dma.o
    0x08000af6   0x08000af6   0x00000002   PAD
    0x08000af8   0x08000af8   0x000001a0   Code   RO         2042    i.HAL_DMA_IRQHandler  stm32f4xx_hal_dma.o
    0x08000c98   0x08000c98   0x000000d4   Code   RO         2043    i.HAL_DMA_Init      stm32f4xx_hal_dma.o
    0x08000d6c   0x08000d6c   0x0000006e   Code   RO         2047    i.HAL_DMA_Start_IT  stm32f4xx_hal_dma.o
    0x08000dda   0x08000dda   0x00000002   PAD
    0x08000ddc   0x08000ddc   0x00000024   Code   RO         2492    i.HAL_Delay         stm32f4xx_hal.o
    0x08000e00   0x08000e00   0x0000015c   Code   RO         3148    i.HAL_GPIO_EXTI_Callback  encoder.o
    0x08000f5c   0x08000f5c   0x00000018   Code   RO         1929    i.HAL_GPIO_EXTI_IRQHandler  stm32f4xx_hal_gpio.o
    0x08000f74   0x08000f74   0x000001dc   Code   RO         1930    i.HAL_GPIO_Init     stm32f4xx_hal_gpio.o
    0x08001150   0x08001150   0x0000000a   Code   RO         1932    i.HAL_GPIO_ReadPin  stm32f4xx_hal_gpio.o
    0x0800115a   0x0800115a   0x0000000a   Code   RO         1934    i.HAL_GPIO_WritePin  stm32f4xx_hal_gpio.o
    0x08001164   0x08001164   0x0000000c   Code   RO         2498    i.HAL_GetTick       stm32f4xx_hal.o
    0x08001170   0x08001170   0x00000010   Code   RO         2504    i.HAL_IncTick       stm32f4xx_hal.o
    0x08001180   0x08001180   0x00000034   Code   RO         2505    i.HAL_Init          stm32f4xx_hal.o
    0x080011b4   0x080011b4   0x00000040   Code   RO         2506    i.HAL_InitTick      stm32f4xx_hal.o
    0x080011f4   0x080011f4   0x00000030   Code   RO          494    i.HAL_MspInit       stm32f4xx_hal_msp.o
    0x08001224   0x08001224   0x0000001a   Code   RO         2340    i.HAL_NVIC_EnableIRQ  stm32f4xx_hal_cortex.o
    0x0800123e   0x0800123e   0x00000002   PAD
    0x08001240   0x08001240   0x00000040   Code   RO         2346    i.HAL_NVIC_SetPriority  stm32f4xx_hal_cortex.o
    0x08001280   0x08001280   0x00000024   Code   RO         2347    i.HAL_NVIC_SetPriorityGrouping  stm32f4xx_hal_cortex.o
    0x080012a4   0x080012a4   0x00000134   Code   RO         1492    i.HAL_RCC_ClockConfig  stm32f4xx_hal_rcc.o
    0x080013d8   0x080013d8   0x00000020   Code   RO         1499    i.HAL_RCC_GetPCLK1Freq  stm32f4xx_hal_rcc.o
    0x080013f8   0x080013f8   0x00000020   Code   RO         1500    i.HAL_RCC_GetPCLK2Freq  stm32f4xx_hal_rcc.o
    0x08001418   0x08001418   0x00000094   Code   RO         1603    i.HAL_RCC_GetSysClockFreq  stm32f4xx_hal_rcc_ex.o
    0x080014ac   0x080014ac   0x00000398   Code   RO         1604    i.HAL_RCC_OscConfig  stm32f4xx_hal_rcc_ex.o
    0x08001844   0x08001844   0x00000028   Code   RO         2351    i.HAL_SYSTICK_Config  stm32f4xx_hal_cortex.o
    0x0800186c   0x0800186c   0x00000002   Code   RO         1224    i.HAL_TIMEx_BreakCallback  stm32f4xx_hal_tim_ex.o
    0x0800186e   0x0800186e   0x00000002   Code   RO         1225    i.HAL_TIMEx_CommutCallback  stm32f4xx_hal_tim_ex.o
    0x08001870   0x08001870   0x00000090   Code   RO         1243    i.HAL_TIMEx_MasterConfigSynchronization  stm32f4xx_hal_tim_ex.o
    0x08001900   0x08001900   0x0000005a   Code   RO          520    i.HAL_TIM_Base_Init  stm32f4xx_hal_tim.o
    0x0800195a   0x0800195a   0x00000002   PAD
    0x0800195c   0x0800195c   0x00000094   Code   RO          263    i.HAL_TIM_Base_MspInit  tim.o
    0x080019f0   0x080019f0   0x00000080   Code   RO          525    i.HAL_TIM_Base_Start_IT  stm32f4xx_hal_tim.o
    0x08001a70   0x08001a70   0x000000dc   Code   RO          529    i.HAL_TIM_ConfigClockSource  stm32f4xx_hal_tim.o
    0x08001b4c   0x08001b4c   0x00000002   Code   RO          554    i.HAL_TIM_IC_CaptureCallback  stm32f4xx_hal_tim.o
    0x08001b4e   0x08001b4e   0x00000130   Code   RO          568    i.HAL_TIM_IRQHandler  stm32f4xx_hal_tim.o
    0x08001c7e   0x08001c7e   0x00000002   PAD
    0x08001c80   0x08001c80   0x00000080   Code   RO          264    i.HAL_TIM_MspPostInit  tim.o
    0x08001d00   0x08001d00   0x00000002   Code   RO          571    i.HAL_TIM_OC_DelayElapsedCallback  stm32f4xx_hal_tim.o
    0x08001d02   0x08001d02   0x000000cc   Code   RO          592    i.HAL_TIM_PWM_ConfigChannel  stm32f4xx_hal_tim.o
    0x08001dce   0x08001dce   0x0000005a   Code   RO          595    i.HAL_TIM_PWM_Init  stm32f4xx_hal_tim.o
    0x08001e28   0x08001e28   0x00000002   Code   RO          597    i.HAL_TIM_PWM_MspInit  stm32f4xx_hal_tim.o
    0x08001e2a   0x08001e2a   0x00000002   Code   RO          598    i.HAL_TIM_PWM_PulseFinishedCallback  stm32f4xx_hal_tim.o
    0x08001e2c   0x08001e2c   0x000000c8   Code   RO          600    i.HAL_TIM_PWM_Start  stm32f4xx_hal_tim.o
    0x08001ef4   0x08001ef4   0x00000018   Code   RO           14    i.HAL_TIM_PeriodElapsedCallback  main.o
    0x08001f0c   0x08001f0c   0x00000002   Code   RO          611    i.HAL_TIM_TriggerCallback  stm32f4xx_hal_tim.o
    0x08001f0e   0x08001f0e   0x00000002   Code   RO         2755    i.HAL_UARTEx_RxEventCallback  stm32f4xx_hal_uart.o
    0x08001f10   0x08001f10   0x00000018   Code   RO           15    i.HAL_UART_ErrorCallback  main.o
    0x08001f28   0x08001f28   0x0000000a   Code   RO         2771    i.HAL_UART_GetState  stm32f4xx_hal_uart.o
    0x08001f32   0x08001f32   0x00000002   PAD
    0x08001f34   0x08001f34   0x00000280   Code   RO         2772    i.HAL_UART_IRQHandler  stm32f4xx_hal_uart.o
    0x080021b4   0x080021b4   0x00000064   Code   RO         2773    i.HAL_UART_Init     stm32f4xx_hal_uart.o
    0x08002218   0x08002218   0x00000130   Code   RO          329    i.HAL_UART_MspInit  usart.o
    0x08002348   0x08002348   0x0000001c   Code   RO         2778    i.HAL_UART_Receive_IT  stm32f4xx_hal_uart.o
    0x08002364   0x08002364   0x000000a8   Code   RO           16    i.HAL_UART_RxCpltCallback  main.o
    0x0800240c   0x0800240c   0x000000a0   Code   RO         2781    i.HAL_UART_Transmit  stm32f4xx_hal_uart.o
    0x080024ac   0x080024ac   0x00000084   Code   RO         2782    i.HAL_UART_Transmit_DMA  stm32f4xx_hal_uart.o
    0x08002530   0x08002530   0x00000018   Code   RO           17    i.HAL_UART_TxCpltCallback  main.o
    0x08002548   0x08002548   0x00000002   Code   RO         2785    i.HAL_UART_TxHalfCpltCallback  stm32f4xx_hal_uart.o
    0x0800254a   0x0800254a   0x00000002   Code   RO          381    i.HardFault_Handler  stm32f4xx_it.o
    0x0800254c   0x0800254c   0x00000158   Code   RO         3314    i.LS_DataHandle     rader.o
    0x080026a4   0x080026a4   0x0000002c   Code   RO          238    i.MX_DMA_Init       dma.o
    0x080026d0   0x080026d0   0x000000f0   Code   RO          214    i.MX_GPIO_Init      gpio.o
    0x080027c0   0x080027c0   0x00000060   Code   RO          265    i.MX_TIM2_Init      tim.o
    0x08002820   0x08002820   0x000000a8   Code   RO          266    i.MX_TIM3_Init      tim.o
    0x080028c8   0x080028c8   0x0000006c   Code   RO          267    i.MX_TIM4_Init      tim.o
    0x08002934   0x08002934   0x000000a8   Code   RO          268    i.MX_TIM5_Init      tim.o
    0x080029dc   0x080029dc   0x00000038   Code   RO          330    i.MX_USART1_UART_Init  usart.o
    0x08002a14   0x08002a14   0x00000038   Code   RO          331    i.MX_USART6_UART_Init  usart.o
    0x08002a4c   0x08002a4c   0x00000020   Code   RO         3242    i.MY_TIM2_IRQHandler  my_systick.o
    0x08002a6c   0x08002a6c   0x00000002   Code   RO          382    i.MemManage_Handler  stm32f4xx_it.o
    0x08002a6e   0x08002a6e   0x00000002   Code   RO          383    i.NMI_Handler       stm32f4xx_it.o
    0x08002a70   0x08002a70   0x00000002   Code   RO          384    i.PendSV_Handler    stm32f4xx_it.o
    0x08002a72   0x08002a72   0x00000002   Code   RO          385    i.SVC_Handler       stm32f4xx_it.o
    0x08002a74   0x08002a74   0x00000004   Code   RO          386    i.SysTick_Handler   stm32f4xx_it.o
    0x08002a78   0x08002a78   0x00000098   Code   RO           18    i.SystemClock_Config  main.o
    0x08002b10   0x08002b10   0x00000010   Code   RO         3107    i.SystemInit        system_stm32f4xx.o
    0x08002b20   0x08002b20   0x0000000c   Code   RO          387    i.TIM2_IRQHandler   stm32f4xx_it.o
    0x08002b2c   0x08002b2c   0x0000000c   Code   RO          388    i.TIM4_IRQHandler   stm32f4xx_it.o
    0x08002b38   0x08002b38   0x000000d0   Code   RO          613    i.TIM_Base_SetConfig  stm32f4xx_hal_tim.o
    0x08002c08   0x08002c08   0x0000001a   Code   RO          614    i.TIM_CCxChannelCmd  stm32f4xx_hal_tim.o
    0x08002c22   0x08002c22   0x00000014   Code   RO          624    i.TIM_ETR_SetConfig  stm32f4xx_hal_tim.o
    0x08002c36   0x08002c36   0x00000010   Code   RO          625    i.TIM_ITRx_SetConfig  stm32f4xx_hal_tim.o
    0x08002c46   0x08002c46   0x00000002   PAD
    0x08002c48   0x08002c48   0x00000060   Code   RO          626    i.TIM_OC1_SetConfig  stm32f4xx_hal_tim.o
    0x08002ca8   0x08002ca8   0x0000006c   Code   RO          627    i.TIM_OC2_SetConfig  stm32f4xx_hal_tim.o
    0x08002d14   0x08002d14   0x00000068   Code   RO          628    i.TIM_OC3_SetConfig  stm32f4xx_hal_tim.o
    0x08002d7c   0x08002d7c   0x00000050   Code   RO          629    i.TIM_OC4_SetConfig  stm32f4xx_hal_tim.o
    0x08002dcc   0x08002dcc   0x00000022   Code   RO          631    i.TIM_TI1_ConfigInputStage  stm32f4xx_hal_tim.o
    0x08002dee   0x08002dee   0x00000024   Code   RO          633    i.TIM_TI2_ConfigInputStage  stm32f4xx_hal_tim.o
    0x08002e12   0x08002e12   0x0000000e   Code   RO         2786    i.UART_DMAAbortOnError  stm32f4xx_hal_uart.o
    0x08002e20   0x08002e20   0x0000004a   Code   RO         2787    i.UART_DMAError     stm32f4xx_hal_uart.o
    0x08002e6a   0x08002e6a   0x00000042   Code   RO         2792    i.UART_DMATransmitCplt  stm32f4xx_hal_uart.o
    0x08002eac   0x08002eac   0x0000000a   Code   RO         2794    i.UART_DMATxHalfCplt  stm32f4xx_hal_uart.o
    0x08002eb6   0x08002eb6   0x0000004e   Code   RO         2796    i.UART_EndRxTransfer  stm32f4xx_hal_uart.o
    0x08002f04   0x08002f04   0x0000001c   Code   RO         2797    i.UART_EndTxTransfer  stm32f4xx_hal_uart.o
    0x08002f20   0x08002f20   0x000000c2   Code   RO         2798    i.UART_Receive_IT   stm32f4xx_hal_uart.o
    0x08002fe2   0x08002fe2   0x00000002   PAD
    0x08002fe4   0x08002fe4   0x0000010c   Code   RO         2799    i.UART_SetConfig    stm32f4xx_hal_uart.o
    0x080030f0   0x080030f0   0x00000036   Code   RO         2801    i.UART_Start_Receive_IT  stm32f4xx_hal_uart.o
    0x08003126   0x08003126   0x00000072   Code   RO         2802    i.UART_WaitOnFlagUntilTimeout  stm32f4xx_hal_uart.o
    0x08003198   0x08003198   0x0000000c   Code   RO          389    i.USART1_IRQHandler  stm32f4xx_it.o
    0x080031a4   0x080031a4   0x0000000c   Code   RO          390    i.USART6_IRQHandler  stm32f4xx_it.o
    0x080031b0   0x080031b0   0x00000002   Code   RO          391    i.UsageFault_Handler  stm32f4xx_it.o
    0x080031b2   0x080031b2   0x00000020   Code   RO         2353    i.__NVIC_SetPriority  stm32f4xx_hal_cortex.o
    0x080031d2   0x080031d2   0x0000000e   Code   RO         3380    i._is_digit         c_w.l(__printf_wp.o)
    0x080031e0   0x080031e0   0x00000120   Code   RO           19    i.main              main.o
    0x08003300   0x08003300   0x00000062   Code   RO         3402    x$fpl$d2f           fz_wm.l(d2f.o)
    0x08003362   0x08003362   0x00000002   PAD
    0x08003364   0x08003364   0x000000a2   Code   RO         3420    x$fpl$dfltll        fz_wm.l(dfltll_clz.o)
    0x08003406   0x08003406   0x00000026   Code   RO         3414    x$fpl$dfltu         fz_wm.l(dflt_clz.o)
    0x0800342c   0x0800342c   0x00000154   Code   RO         3426    x$fpl$dmul          fz_wm.l(dmul.o)
    0x08003580   0x08003580   0x0000009c   Code   RO         3450    x$fpl$dnaninf       fz_wm.l(dnaninf.o)
    0x0800361c   0x0800361c   0x0000000c   Code   RO         3452    x$fpl$dretinf       fz_wm.l(dretinf.o)
    0x08003628   0x08003628   0x0000000a   Code   RO         3561    x$fpl$fpinit        fz_wm.l(fpinit.o)
    0x08003632   0x08003632   0x0000000a   Code   RO         3454    x$fpl$fretinf       fz_wm.l(fretinf.o)
    0x0800363c   0x0800363c   0x00000000   Code   RO         3456    x$fpl$usenofp       fz_wm.l(usenofp.o)
    0x0800363c   0x0800363c   0x00000008   Data   RO         2049    .constdata          stm32f4xx_hal_dma.o
    0x08003644   0x08003644   0x00000010   Data   RO         3108    .constdata          system_stm32f4xx.o
    0x08003654   0x08003654   0x00000008   Data   RO         3109    .constdata          system_stm32f4xx.o
    0x0800365c   0x0800365c   0x00000011   Data   RO         3383    .constdata          c_w.l(__printf_flags_wp.o)
    0x0800366d   0x0800366d   0x00000003   PAD
    0x08003670   0x08003670   0x00000020   Data   RO         3619    Region$$Table       anon$$obj.o


    Execution Region RW_IRAM1 (Exec base: 0x20000000, Load base: 0x08003690, Size: 0x00003840, Max: 0x00020000, ABSOLUTE)

    Exec Addr    Load Addr    Size         Type   Attr      Idx    E Section Name        Object

    0x20000000   0x08003690   0x0000000c   Data   RW           22    .data               main.o
    0x2000000c   0x0800369c   0x0000000c   Data   RW         2512    .data               stm32f4xx_hal.o
    0x20000018   0x080036a8   0x00000004   Data   RW         3110    .data               system_stm32f4xx.o
    0x2000001c   0x080036ac   0x00000004   PAD
    0x20000020   0x080036b0   0x00000048   Data   RW         3156    .data               encoder.o
    0x20000068   0x080036f8   0x00000008   Data   RW         3243    .data               my_systick.o
    0x20000070   0x08003700   0x00000001   Data   RW         3316    .data               rader.o
    0x20000071   0x08003701   0x00000003   PAD
    0x20000074   0x08003704   0x00000008   Data   RW         3317    .data               rader.o
    0x2000007c   0x0800370c   0x00000001   Data   RW         3318    .data               rader.o
    0x2000007d   0x0800370d   0x00000003   PAD
    0x20000080        -       0x00002710   Zero   RW           20    .bss                main.o
    0x20002790        -       0x00000120   Zero   RW          269    .bss                tim.o
    0x200028b0        -       0x000000f0   Zero   RW          332    .bss                usart.o
    0x200029a0        -       0x0000083e   Zero   RW         3315    .bss                rader.o
    0x200031de   0x0800370d   0x00000002   PAD
    0x200031e0        -       0x00000060   Zero   RW         3491    .bss                c_w.l(libspace.o)
    0x20003240        -       0x00000200   Zero   RW            2    HEAP                startup_stm32f446xx.o
    0x20003440        -       0x00000400   Zero   RW            1    STACK               startup_stm32f446xx.o


==============================================================================

Image component sizes


      Code (inc. data)   RO Data    RW Data    ZI Data      Debug   Object Name

        44          4          0          0          0        814   dma.o
       348         14          0         72          0       2193   encoder.o
       240         18          0          0          0       1059   gpio.o
       684        122          0         12      10000     718555   main.o
        76         14          0          8          0       1723   my_systick.o
       480         62          0         10       2110       2708   rader.o
        64         26        452          0       1536        864   startup_stm32f446xx.o
       180         28          0         12          0       9429   stm32f4xx_hal.o
       198         14          0          0          0      33967   stm32f4xx_hal_cortex.o
      1084         16          8          0          0       7526   stm32f4xx_hal_dma.o
       520         46          0          0          0       3570   stm32f4xx_hal_gpio.o
        48          6          0          0          0        898   stm32f4xx_hal_msp.o
       372         44          0          0          0       2990   stm32f4xx_hal_rcc.o
      1068         28          0          0          0       2874   stm32f4xx_hal_rcc_ex.o
      1974        136          0          0          0      17494   stm32f4xx_hal_tim.o
       148         28          0          0          0       2565   stm32f4xx_hal_tim_ex.o
      1974         26          0          0          0      15211   stm32f4xx_hal_uart.o
       110         30          0          0          0       7812   stm32f4xx_it.o
        16          4         24          4          0       1187   system_stm32f4xx.o
       816         74          0          0        288       4839   tim.o
       416         50          0          0        240       2666   usart.o

    ----------------------------------------------------------------------
     10878        790        516        128      14176     840944   Object Totals
         0          0         32          0          0          0   (incl. Generated)
        18          0          0         10          2          0   (incl. Padding)

    ----------------------------------------------------------------------

      Code (inc. data)   RO Data    RW Data    ZI Data      Debug   Library Member Name

        44          6          0          0          0         84   __2sprintf.o
         8          0          0          0          0         68   __main.o
       312          4         17          0          0         92   __printf_flags_wp.o
        14          0          0          0          0         68   __printf_wp.o
         0          0          0          0          0          0   __rtentry.o
        12          0          0          0          0          0   __rtentry2.o
         6          0          0          0          0          0   __rtentry4.o
        52          8          0          0          0          0   __scatter.o
        26          0          0          0          0          0   __scatter_copy.o
        28          0          0          0          0          0   __scatter_zi.o
        48          6          0          0          0         96   _printf_char_common.o
         6          0          0          0          0          0   _printf_d.o
       120         16          0          0          0         92   _printf_dec.o
       178          0          0          0          0         88   _printf_intcommon.o
        78          0          0          0          0        108   _printf_pad.o
         0          0          0          0          0          0   _printf_percent.o
         4          0          0          0          0          0   _printf_percent_end.o
        10          0          0          0          0         68   _sputc.o
        18          0          0          0          0         80   exit.o
         6          0          0          0          0        152   heapauxi.o
         0          0          0          0          0          0   indicate_semi.o
         2          0          0          0          0          0   libinit.o
         6          0          0          0          0          0   libinit2.o
         2          0          0          0          0          0   libshutdown.o
         2          0          0          0          0          0   libshutdown2.o
         8          4          0          0         96         68   libspace.o
        72          0          0          0          0         76   llsdiv.o
       238          0          0          0          0        100   lludivv7m.o
        78          0          0          0          0         80   rt_memclr_w.o
       138          0          0          0          0         68   rt_memcpy_v6.o
       100          0          0          0          0         80   rt_memcpy_w.o
         2          0          0          0          0          0   rtexit.o
        10          0          0          0          0          0   rtexit2.o
        12          4          0          0          0         68   sys_exit.o
        74          0          0          0          0         80   sys_stackheap_outer.o
         2          0          0          0          0         68   use_no_semi.o
        98          4          0          0          0        140   d2f.o
        38          0          0          0          0        116   dflt_clz.o
       162          0          0          0          0        132   dfltll_clz.o
       340         12          0          0          0        152   dmul.o
       156          4          0          0          0        140   dnaninf.o
        12          0          0          0          0        116   dretinf.o
        10          0          0          0          0        116   fpinit.o
        10          0          0          0          0        116   fretinf.o
         0          0          0          0          0          0   usenofp.o

    ----------------------------------------------------------------------
      2554         68         20          0         96       2712   Library Totals
        12          0          3          0          0          0   (incl. Padding)

    ----------------------------------------------------------------------

      Code (inc. data)   RO Data    RW Data    ZI Data      Debug   Library Name

      1716         48         17          0         96       1684   c_w.l
       826         20          0          0          0       1028   fz_wm.l

    ----------------------------------------------------------------------
      2554         68         20          0         96       2712   Library Totals

    ----------------------------------------------------------------------

==============================================================================


      Code (inc. data)   RO Data    RW Data    ZI Data      Debug   

     13432        858        536        128      14272     831724   Grand Totals
     13432        858        536        128      14272     831724   ELF Image Totals
     13432        858        536        128          0          0   ROM Totals

==============================================================================

    Total RO  Size (Code + RO Data)                13968 (  13.64kB)
    Total RW  Size (RW Data + ZI Data)             14400 (  14.06kB)
    Total ROM Size (Code + RO Data + RW Data)      14096 (  13.77kB)

==============================================================================

