Component: ARM Compiler 5.06 update 7 (build 960) Tool: armlink [4d3601]

==============================================================================

Section Cross References

    startup_stm32f446xx.o(STACK) refers (Special) to heapauxi.o(.text) for __use_two_region_memory
    startup_stm32f446xx.o(HEAP) refers (Special) to heapauxi.o(.text) for __use_two_region_memory
    startup_stm32f446xx.o(RESET) refers (Special) to heapauxi.o(.text) for __use_two_region_memory
    startup_stm32f446xx.o(RESET) refers to startup_stm32f446xx.o(STACK) for __initial_sp
    startup_stm32f446xx.o(RESET) refers to startup_stm32f446xx.o(.text) for Reset_Handler
    startup_stm32f446xx.o(RESET) refers to stm32f4xx_it.o(i.NMI_Handler) for NMI_Handler
    startup_stm32f446xx.o(RESET) refers to stm32f4xx_it.o(i.HardFault_Handler) for HardFault_Handler
    startup_stm32f446xx.o(RESET) refers to stm32f4xx_it.o(i.MemManage_Handler) for MemManage_Handler
    startup_stm32f446xx.o(RESET) refers to stm32f4xx_it.o(i.BusFault_Handler) for BusFault_Handler
    startup_stm32f446xx.o(RESET) refers to stm32f4xx_it.o(i.UsageFault_Handler) for UsageFault_Handler
    startup_stm32f446xx.o(RESET) refers to stm32f4xx_it.o(i.SVC_Handler) for SVC_Handler
    startup_stm32f446xx.o(RESET) refers to stm32f4xx_it.o(i.DebugMon_Handler) for DebugMon_Handler
    startup_stm32f446xx.o(RESET) refers to stm32f4xx_it.o(i.PendSV_Handler) for PendSV_Handler
    startup_stm32f446xx.o(RESET) refers to stm32f4xx_it.o(i.SysTick_Handler) for SysTick_Handler
    startup_stm32f446xx.o(RESET) refers to stm32f4xx_it.o(i.EXTI9_5_IRQHandler) for EXTI9_5_IRQHandler
    startup_stm32f446xx.o(RESET) refers to stm32f4xx_it.o(i.TIM2_IRQHandler) for TIM2_IRQHandler
    startup_stm32f446xx.o(RESET) refers to stm32f4xx_it.o(i.TIM4_IRQHandler) for TIM4_IRQHandler
    startup_stm32f446xx.o(RESET) refers to stm32f4xx_it.o(i.I2C1_EV_IRQHandler) for I2C1_EV_IRQHandler
    startup_stm32f446xx.o(RESET) refers to stm32f4xx_it.o(i.I2C1_ER_IRQHandler) for I2C1_ER_IRQHandler
    startup_stm32f446xx.o(RESET) refers to stm32f4xx_it.o(i.USART1_IRQHandler) for USART1_IRQHandler
    startup_stm32f446xx.o(RESET) refers to stm32f4xx_it.o(i.EXTI15_10_IRQHandler) for EXTI15_10_IRQHandler
    startup_stm32f446xx.o(RESET) refers to stm32f4xx_it.o(i.DMA2_Stream7_IRQHandler) for DMA2_Stream7_IRQHandler
    startup_stm32f446xx.o(RESET) refers to stm32f4xx_it.o(i.USART6_IRQHandler) for USART6_IRQHandler
    startup_stm32f446xx.o(.text) refers (Special) to heapauxi.o(.text) for __use_two_region_memory
    startup_stm32f446xx.o(.text) refers to system_stm32f4xx.o(i.SystemInit) for SystemInit
    startup_stm32f446xx.o(.text) refers to __main.o(!!!main) for __main
    startup_stm32f446xx.o(.text) refers to startup_stm32f446xx.o(HEAP) for Heap_Mem
    startup_stm32f446xx.o(.text) refers to startup_stm32f446xx.o(STACK) for Stack_Mem
    main.o(i.HAL_TIM_PeriodElapsedCallback) refers to encoder.o(i.ReadDistance_A) for ReadDistance_A
    main.o(i.HAL_TIM_PeriodElapsedCallback) refers to encoder.o(i.ReadDistance_B) for ReadDistance_B
    main.o(i.HAL_TIM_PeriodElapsedCallback) refers to mpu6500.o(i.MPU6500_Read_Accel) for MPU6500_Read_Accel
    main.o(i.HAL_TIM_PeriodElapsedCallback) refers to mpu6500.o(i.MPU6500_Read_Gyro) for MPU6500_Read_Gyro
    main.o(i.HAL_TIM_PeriodElapsedCallback) refers to stm32f4xx_hal.o(i.HAL_GetTick) for HAL_GetTick
    main.o(i.HAL_TIM_PeriodElapsedCallback) refers to f2d.o(x$fpl$f2d) for __aeabi_f2d
    main.o(i.HAL_TIM_PeriodElapsedCallback) refers to dmul.o(x$fpl$dmul) for __aeabi_dmul
    main.o(i.HAL_TIM_PeriodElapsedCallback) refers to daddsub_clz.o(x$fpl$dadd) for __aeabi_dadd
    main.o(i.HAL_TIM_PeriodElapsedCallback) refers to d2f.o(x$fpl$d2f) for __aeabi_d2f
    main.o(i.HAL_TIM_PeriodElapsedCallback) refers to mpu6500.o(i.Yaw_Update) for Yaw_Update
    main.o(i.HAL_TIM_PeriodElapsedCallback) refers to frame.o(i.swap_float) for swap_float
    main.o(i.HAL_TIM_PeriodElapsedCallback) refers to frame.o(i.swap_double) for swap_double
    main.o(i.HAL_TIM_PeriodElapsedCallback) refers to dfixu.o(x$fpl$dfixu) for __aeabi_d2uiz
    main.o(i.HAL_TIM_PeriodElapsedCallback) refers to rt_memcpy_v6.o(.text) for __aeabi_memcpy
    main.o(i.HAL_TIM_PeriodElapsedCallback) refers to frame.o(i.swap_uint16) for swap_uint16
    main.o(i.HAL_TIM_PeriodElapsedCallback) refers to stm32f4xx_hal_uart.o(i.HAL_UART_Transmit_DMA) for HAL_UART_Transmit_DMA
    main.o(i.HAL_TIM_PeriodElapsedCallback) refers to tim.o(.bss) for htim4
    main.o(i.HAL_TIM_PeriodElapsedCallback) refers to main.o(.data) for .data
    main.o(i.HAL_TIM_PeriodElapsedCallback) refers to i2c.o(.bss) for hi2c1
    main.o(i.HAL_TIM_PeriodElapsedCallback) refers to mpu6500.o(.bss) for attitude
    main.o(i.HAL_TIM_PeriodElapsedCallback) refers to main.o(.bss) for .bss
    main.o(i.HAL_TIM_PeriodElapsedCallback) refers to rader.o(.bss) for ax_ls_point
[...]
    i.I2C_WaitOnRXNEFlagUntilTimeout         0x08003d9c   Section        0  stm32f4xx_hal_i2c.o(i.I2C_WaitOnRXNEFlagUntilTimeout)
    I2C_WaitOnRXNEFlagUntilTimeout           0x08003d9d   Thumb Code   112  stm32f4xx_hal_i2c.o(i.I2C_WaitOnRXNEFlagUntilTimeout)
    i.I2C_WaitOnTXEFlagUntilTimeout          0x08003e0c   Section        0  stm32f4xx_hal_i2c.o(i.I2C_WaitOnTXEFlagUntilTimeout)
    I2C_WaitOnTXEFlagUntilTimeout            0x08003e0d   Thumb Code    86  stm32f4xx_hal_i2c.o(i.I2C_WaitOnTXEFlagUntilTimeout)
    i.LS_DataHandle                          0x08003e64   Section        0  rader.o(i.LS_DataHandle)
    i.MPU6500_Init                           0x08003fbc   Section        0  mpu6500.o(i.MPU6500_Init)
    i.MPU6500_Read_Accel                     0x08004040   Section        0  mpu6500.o(i.MPU6500_Read_Accel)
    i.MPU6500_Read_Gyro                      0x080040e4   Section        0  mpu6500.o(i.MPU6500_Read_Gyro)
    i.MX_DMA_Init                            0x08004188   Section        0  dma.o(i.MX_DMA_Init)
    i.MX_GPIO_Init                           0x080041b4   Section        0  gpio.o(i.MX_GPIO_Init)
    i.MX_I2C1_Init                           0x080042a4   Section        0  i2c.o(i.MX_I2C1_Init)
    i.MX_TIM2_Init                           0x080042e4   Section        0  tim.o(i.MX_TIM2_Init)
    i.MX_TIM3_Init                           0x08004344   Section        0  tim.o(i.MX_TIM3_Init)
    i.MX_TIM4_Init                           0x080043ec   Section        0  tim.o(i.MX_TIM4_Init)
    i.MX_TIM5_Init                           0x08004458   Section        0  tim.o(i.MX_TIM5_Init)
    i.MX_USART1_UART_Init                    0x08004500   Section        0  usart.o(i.MX_USART1_UART_Init)
    i.MX_USART6_UART_Init                    0x08004538   Section        0  usart.o(i.MX_USART6_UART_Init)
    i.MY_TIM2_IRQHandler                     0x08004570   Section        0  my_systick.o(i.MY_TIM2_IRQHandler)
    i.MemManage_Handler                      0x08004590   Section        0  stm32f4xx_it.o(i.MemManage_Handler)
    i.NMI_Handler                            0x08004592   Section        0  stm32f4xx_it.o(i.NMI_Handler)
    i.PendSV_Handler                         0x08004594   Section        0  stm32f4xx_it.o(i.PendSV_Handler)
    i.ReadDistance_A                         0x08004598   Section        0  encoder.o(i.ReadDistance_A)
    i.ReadDistance_B                         0x080045a4   Section        0  encoder.o(i.ReadDistance_B)
    i.SVC_Handler                            0x080045b0   Section        0  stm32f4xx_it.o(i.SVC_Handler)
    i.SysTick_Handler                        0x080045b2   Section        0  stm32f4xx_it.o(i.SysTick_Handler)
    i.SystemClock_Config                     0x080045b8   Section        0  main.o(i.SystemClock_Config)
    i.SystemInit                             0x08004650   Section        0  system_stm32f4xx.o(i.SystemInit)
    i.TIM2_IRQHandler                        0x08004660   Section        0  stm32f4xx_it.o(i.TIM2_IRQHandler)
    i.TIM4_IRQHandler                        0x0800466c   Section        0  stm32f4xx_it.o(i.TIM4_IRQHandler)
    i.TIM_Base_SetConfig                     0x08004678   Section        0  stm32f4xx_hal_tim.o(i.TIM_Base_SetConfig)
    i.TIM_CCxChannelCmd                      0x08004748   Section        0  stm32f4xx_hal_tim.o(i.TIM_CCxChannelCmd)
    i.TIM_ETR_SetConfig                      0x08004762   Section        0  stm32f4xx_hal_tim.o(i.TIM_ETR_SetConfig)
    i.TIM_ITRx_SetConfig                     0x08004776   Section        0  stm32f4xx_hal_tim.o(i.TIM_ITRx_SetConfig)
    TIM_ITRx_SetConfig                       0x08004777   Thumb Code    16  stm32f4xx_hal_tim.o(i.TIM_ITRx_SetConfig)
    i.TIM_OC1_SetConfig                      0x08004788   Section        0  stm32f4xx_hal_tim.o(i.TIM_OC1_SetConfig)
    TIM_OC1_SetConfig                        0x08004789   Thumb Code    88  stm32f4xx_hal_tim.o(i.TIM_OC1_SetConfig)
    i.TIM_OC2_SetConfig                      0x080047e8   Section        0  stm32f4xx_hal_tim.o(i.TIM_OC2_SetConfig)
    i.TIM_OC3_SetConfig                      0x08004854   Section        0  stm32f4xx_hal_tim.o(i.TIM_OC3_SetConfig)
    TIM_OC3_SetConfig                        0x08004855   Thumb Code    96  stm32f4xx_hal_tim.o(i.TIM_OC3_SetConfig)
    i.TIM_OC4_SetConfig                      0x080048bc   Section        0  stm32f4xx_hal_tim.o(i.TIM_OC4_SetConfig)
    TIM_OC4_SetConfig                        0x080048bd   Thumb Code    70  stm32f4xx_hal_tim.o(i.TIM_OC4_SetConfig)
    i.TIM_TI1_ConfigInputStage               0x0800490c   Section        0  stm32f4xx_hal_tim.o(i.TIM_TI1_ConfigInputStage)
    TIM_TI1_ConfigInputStage                 0x0800490d   Thumb Code    34  stm32f4xx_hal_tim.o(i.TIM_TI1_ConfigInputStage)
    i.TIM_TI2_ConfigInputStage               0x0800492e   Section        0  stm32f4xx_hal_tim.o(i.TIM_TI2_ConfigInputStage)
    TIM_TI2_ConfigInputStage                 0x0800492f   Thumb Code    36  stm32f4xx_hal_tim.o(i.TIM_TI2_ConfigInputStage)
    i.UART_DMAAbortOnError                   0x08004952   Section        0  stm32f4xx_hal_uart.o(i.UART_DMAAbortOnError)
    UART_DMAAbortOnError                     0x08004953   Thumb Code    14  stm32f4xx_hal_uart.o(i.UART_DMAAbortOnError)
    i.UART_DMAError                          0x08004960   Section        0  stm32f4xx_hal_uart.o(i.UART_DMAError)
    UART_DMAError                            0x08004961   Thumb Code    74  stm32f4xx_hal_uart.o(i.UART_DMAError)
    i.UART_DMATransmitCplt                   0x080049aa   Section        0  stm32f4xx_hal_uart.o(i.UART_DMATransmitCplt)
    UART_DMATransmitCplt                     0x080049ab   Thumb Code    66  stm32f4xx_hal_uart.o(i.UART_DMATransmitCplt)
    i.UART_DMATxHalfCplt                     0x080049ec   Section        0  stm32f4xx_hal_uart.o(i.UART_DMATxHalfCplt)
    UART_DMATxHalfCplt                       0x080049ed   Thumb Code    10  stm32f4xx_hal_uart.o(i.UART_DMATxHalfCplt)
    i.UART_EndRxTransfer                     0x080049f6   Section        0  stm32f4xx_hal_uart.o(i.UART_EndRxTransfer)
    UART_EndRxTransfer                       0x080049f7   Thumb Code    78  stm32f4xx_hal_uart.o(i.UART_EndRxTransfer)
    i.UART_EndTxTransfer                     0x08004a44   Section        0  stm32f4xx_hal_uart.o(i.UART_EndTxTransfer)
    UART_EndTxTransfer                       0x08004a45   Thumb Code    28  stm32f4xx_hal_uart.o(i.UART_EndTxTransfer)
    i.UART_Receive_IT                        0x08004a60   Section        0  stm32f4xx_hal_uart.o(i.UART_Receive_IT)
    UART_Receive_IT                          0x08004a61   Thumb Code   194  stm32f4xx_hal_uart.o(i.UART_Receive_IT)
    i.UART_SetConfig                         0x08004b24   Section        0  stm32f4xx_hal_uart.o(i.UART_SetConfig)
    UART_SetConfig                           0x08004b25   Thumb Code   258  stm32f4xx_hal_uart.o(i.UART_SetConfig)
    i.UART_Start_Receive_IT                  0x08004c30   Section        0  stm32f4xx_hal_uart.o(i.UART_Start_Receive_IT)
    i.UART_WaitOnFlagUntilTimeout            0x08004c66   Section        0  stm32f4xx_hal_uart.o(i.UART_WaitOnFlagUntilTimeout)
    UART_WaitOnFlagUntilTimeout              0x08004c67   Thumb Code   114  stm32f4xx_hal_uart.o(i.UART_WaitOnFlagUntilTimeout)
    i.USART1_IRQHandler                      0x08004cd8   Section        0  stm32f4xx_it.o(i.USART1_IRQHandler)
    i.USART6_IRQHandler                      0x08004ce4   Section        0  stm32f4xx_it.o(i.USART6_IRQHandler)
    i.UsageFault_Handler                     0x08004cf0   Section        0  stm32f4xx_it.o(i.UsageFault_Handler)
    i.Yaw_Update                             0x08004cf4   Section        0  mpu6500.o(i.Yaw_Update)
    i.__NVIC_SetPriority                     0x08004d7c   Section        0  stm32f4xx_hal_cortex.o(i.__NVIC_SetPriority)
    __NVIC_SetPriority                       0x08004d7d   Thumb Code    32  stm32f4xx_hal_cortex.o(i.__NVIC_SetPriority)
    i.main                                   0x08004d9c   Section        0  main.o(i.main)
    i.swap_double                            0x08004e88   Section        0  frame.o(i.swap_double)
    i.swap_float                             0x08004eba   Section        0  frame.o(i.swap_float)
    i.swap_uint16                            0x08004ec6   Section        0  frame.o(i.swap_uint16)
    x$fpl$d2f                                0x08004ed0   Section       98  d2f.o(x$fpl$d2f)
    $v0                                      0x08004ed0   Number         0  d2f.o(x$fpl$d2f)
    x$fpl$dadd                               0x08004f34   Section      336  daddsub_clz.o(x$fpl$dadd)
    $v0                                      0x08004f34   Number         0  daddsub_clz.o(x$fpl$dadd)
    _dadd1                                   0x08004f45   Thumb Code     0  daddsub_clz.o(x$fpl$dadd)
    x$fpl$dfixu                              0x08005084   Section       90  dfixu.o(x$fpl$dfixu)
    $v0                                      0x08005084   Number         0  dfixu.o(x$fpl$dfixu)
    x$fpl$dfltll                             0x080050e0   Section      162  dfltll_clz.o(x$fpl$dfltll)
    $v0                                      0x080050e0   Number         0  dfltll_clz.o(x$fpl$dfltll)
    x$fpl$dfltu                              0x08005182   Section       38  dflt_clz.o(x$fpl$dfltu)
    $v0                                      0x08005182   Number         0  dflt_clz.o(x$fpl$dfltu)
    x$fpl$dmul                               0x080051a8   Section      340  dmul.o(x$fpl$dmul)
    $v0                                      0x080051a8   Number         0  dmul.o(x$fpl$dmul)
    x$fpl$dnaninf                            0x080052fc   Section      156  dnaninf.o(x$fpl$dnaninf)
    $v0                                      0x080052fc   Number         0  dnaninf.o(x$fpl$dnaninf)
    x$fpl$dretinf                            0x08005398   Section       12  dretinf.o(x$fpl$dretinf)
    $v0                                      0x08005398   Number         0  dretinf.o(x$fpl$dretinf)
    x$fpl$dsub                               0x080053a4   Section      468  daddsub_clz.o(x$fpl$dsub)
    $v0                                      0x080053a4   Number         0  daddsub_clz.o(x$fpl$dsub)
    _dsub1                                   0x080053b5   Thumb Code     0  daddsub_clz.o(x$fpl$dsub)
    x$fpl$f2d                                0x08005578   Section       86  f2d.o(x$fpl$f2d)
    $v0                                      0x08005578   Number         0  f2d.o(x$fpl$f2d)
    x$fpl$fnaninf                            0x080055ce   Section      140  fnaninf.o(x$fpl$fnaninf)
    $v0                                      0x080055ce   Number         0  fnaninf.o(x$fpl$fnaninf)
    x$fpl$fpinit                             0x0800565a   Section       10  fpinit.o(x$fpl$fpinit)
    $v0                                      0x0800565a   Number         0  fpinit.o(x$fpl$fpinit)
    x$fpl$fretinf                            0x08005664   Section       10  fretinf.o(x$fpl$fretinf)
    $v0                                      0x08005664   Number         0  fretinf.o(x$fpl$fretinf)
    .constdata                               0x0800566e   Section        8  stm32f4xx_hal_dma.o(.constdata)
    x$fpl$usenofp                            0x0800566e   Section        0  usenofp.o(x$fpl$usenofp)
    flagBitshiftOffset                       0x0800566e   Data           8  stm32f4xx_hal_dma.o(.constdata)
    .constdata                               0x08005676   Section       16  system_stm32f4xx.o(.constdata)
    .constdata                               0x08005686   Section        8  system_stm32f4xx.o(.constdata)
    .data                                    0x20000000   Section       60  main.o(.data)
    .data                                    0x2000003c   Section       12  stm32f4xx_hal.o(.data)
    .data                                    0x20000048   Section        4  system_stm32f4xx.o(.data)
    .data                                    0x20000050   Section       72  encoder.o(.data)
    .data                                    0x20000098   Section        8  my_systick.o(.data)
    .data                                    0x200000a0   Section        1  rader.o(.data)
    .data                                    0x200000a4   Section        8  rader.o(.data)
    cnt                                      0x200000a6   Data           2  rader.o(.data)
    angle_last                               0x200000a8   Data           4  rader.o(.data)
    .data                                    0x200000ac   Section        1  rader.o(.data)
    .bss                                     0x200000b0   Section      564  main.o(.bss)
    .bss                                     0x200002e4   Section       84  i2c.o(.bss)
    .bss                                     0x20000338   Section      288  tim.o(.bss)
    .bss                                     0x20000458   Section      240  usart.o(.bss)
    .bss                                     0x20000548   Section     2110  rader.o(.bss)
    point                                    0x20000548   Data        1000  rader.o(.bss)
    .bss                                     0x20000d88   Section       12  mpu6500.o(.bss)
    .bss                                     0x20000d94   Section       96  libspace.o(.bss)
    HEAP                                     0x20000df8   Section      512  startup_stm32f446xx.o(HEAP)
    Heap_Mem                                 0x20000df8   Data         512  startup_stm32f446xx.o(HEAP)
    STACK                                    0x20000ff8   Section     1024  startup_stm32f446xx.o(STACK)
    Stack_Mem                                0x20000ff8   Data        1024  startup_stm32f446xx.o(STACK)
    __initial_sp                             0x200013f8   Data           0  startup_stm32f446xx.o(STACK)

    Global Symbols

    Symbol Name                              Value     Ov Type        Size  Object(Section)

    BuildAttributes$$THM_ISAv4$E$P$D$K$B$S$7EM$VFPi3$EXTD16$VFPS$VFMA$PE$A:L22UL41UL21$X:L11$S22US41US21$IEEE1$IW$USESV6$~STKCKD$USESV7$~SHL$OTIME$ROPI$IEEEX$EBA8$UX$STANDARDLIB$REQ8$PRES8$EABIv2 0x00000000   Number         0  anon$$obj.o ABSOLUTE
    __ARM_use_no_argv                        0x00000000   Number         0  main.o ABSOLUTE
    __ARM_exceptions_init                     - Undefined Weak Reference
    __alloca_initialize                       - Undefined Weak Reference
    __arm_fini_                               - Undefined Weak Reference
    __arm_preinit_                            - Undefined Weak Reference
    __cpp_initialize__aeabi_                  - Undefined Weak Reference
    __cxa_finalize                            - Undefined Weak Reference
    __rt_locale                               - Undefined Weak Reference
    __sigvec_lookup                           - Undefined Weak Reference
    _atexit_init                              - Undefined Weak Reference
    _call_atexit_fns                          - Undefined Weak Reference
    _clock_init                               - Undefined Weak Reference
    _fp_trap_init                             - Undefined Weak Reference
    _fp_trap_shutdown                         - Undefined Weak Reference
    _get_lc_collate                           - Undefined Weak Reference
    _get_lc_ctype                             - Undefined Weak Reference
    _get_lc_monetary                          - Undefined Weak Reference
    _get_lc_numeric                           - Undefined Weak Reference
    _get_lc_time                              - Undefined Weak Reference
    _getenv_init                              - Undefined Weak Reference
    _handle_redirection                       - Undefined Weak Reference
    _init_alloc                               - Undefined Weak Reference
    _init_user_alloc                          - Undefined Weak Reference
    _initio                                   - Undefined Weak Reference
    _rand_init                                - Undefined Weak Reference
    _signal_finish                            - Undefined Weak Reference
    _signal_init                              - Undefined Weak Reference
    _terminate_alloc                          - Undefined Weak Reference
    _terminate_user_alloc                     - Undefined Weak Reference
    _terminateio                              - Undefined Weak Reference
    __Vectors_Size                           0x000001c4   Number         0  startup_stm32f446xx.o ABSOLUTE
    __Vectors                                0x08000000   Data           4  startup_stm32f446xx.o(RESET)
    __Vectors_End                            0x080001c4   Data           0  startup_stm32f446xx.o(RESET)
    __main                                   0x080001c5   Thumb Code     8  __main.o(!!!main)
    __scatterload                            0x080001cd   Thumb Code     0  __scatter.o(!!!scatter)
    __scatterload_rt2                        0x080001cd   Thumb Code    44  __scatter.o(!!!scatter)
    __scatterload_rt2_thumb_only             0x080001cd   Thumb Code     0  __scatter.o(!!!scatter)
    __scatterload_null                       0x080001db   Thumb Code     0  __scatter.o(!!!scatter)
    __scatterload_copy                       0x08000201   Thumb Code    26  __scatter_copy.o(!!handler_copy)
    __scatterload_zeroinit                   0x0800021d   Thumb Code    28  __scatter_zi.o(!!handler_zi)
    __rt_lib_init                            0x08000239   Thumb Code     0  libinit.o(.ARM.Collect$$libinit$$00000000)
    __rt_lib_init_fp_1                       0x0800023b   Thumb Code     0  libinit2.o(.ARM.Collect$$libinit$$00000001)
    __rt_lib_init_alloca_1                   0x0800023f   Thumb Code     0  libinit2.o(.ARM.Collect$$libinit$$0000002E)
    __rt_lib_init_argv_1                     0x0800023f   Thumb Code     0  libinit2.o(.ARM.Collect$$libinit$$0000002C)
    __rt_lib_init_atexit_1                   0x0800023f   Thumb Code     0  libinit2.o(.ARM.Collect$$libinit$$0000001B)
    __rt_lib_init_clock_1                    0x0800023f   Thumb Code     0  libinit2.o(.ARM.Collect$$libinit$$00000021)
    __rt_lib_init_cpp_1                      0x0800023f   Thumb Code     0  libinit2.o(.ARM.Collect$$libinit$$00000032)
    __rt_lib_init_exceptions_1               0x0800023f   Thumb Code     0  libinit2.o(.ARM.Collect$$libinit$$00000030)
    __rt_lib_init_fp_trap_1                  0x0800023f   Thumb Code     0  libinit2.o(.ARM.Collect$$libinit$$0000001F)
    __rt_lib_init_getenv_1                   0x0800023f   Thumb Code     0  libinit2.o(.ARM.Collect$$libinit$$00000023)
    __rt_lib_init_heap_1                     0x0800023f   Thumb Code     0  libinit2.o(.ARM.Collect$$libinit$$0000000A)
    __rt_lib_init_lc_collate_1               0x0800023f   Thumb Code     0  libinit2.o(.ARM.Collect$$libinit$$00000011)
    __rt_lib_init_lc_ctype_1                 0x0800023f   Thumb Code     0  libinit2.o(.ARM.Collect$$libinit$$00000013)
    __rt_lib_init_lc_monetary_1              0x0800023f   Thumb Code     0  libinit2.o(.ARM.Collect$$libinit$$00000015)
    __rt_lib_init_lc_numeric_1               0x0800023f   Thumb Code     0  libinit2.o(.ARM.Collect$$libinit$$00000017)
    __rt_lib_init_lc_time_1                  0x0800023f   Thumb Code     0  libinit2.o(.ARM.Collect$$libinit$$00000019)
    __rt_lib_init_preinit_1                  0x0800023f   Thumb Code     0  libinit2.o(.ARM.Collect$$libinit$$00000004)
    __rt_lib_init_rand_1                     0x0800023f   Thumb Code     0  libinit2.o(.ARM.Collect$$libinit$$0000000E)
    __rt_lib_init_return                     0x0800023f   Thumb Code     0  libinit2.o(.ARM.Collect$$libinit$$00000033)
    __rt_lib_init_signal_1                   0x0800023f   Thumb Code     0  libinit2.o(.ARM.Collect$$libinit$$0000001D)
    __rt_lib_init_stdio_1                    0x0800023f   Thumb Code     0  libinit2.o(.ARM.Collect$$libinit$$00000025)
    __rt_lib_init_user_alloc_1               0x0800023f   Thumb Code     0  libinit2.o(.ARM.Collect$$libinit$$0000000C)
    __rt_lib_shutdown                        0x08000241   Thumb Code     0  libshutdown.o(.ARM.Collect$$libshutdown$$00000000)
    __rt_lib_shutdown_cpp_1                  0x08000243   Thumb Code     0  libshutdown2.o(.ARM.Collect$$libshutdown$$00000004)
    __rt_lib_shutdown_fini_1                 0x08000243   Thumb Code     0  libshutdown2.o(.ARM.Collect$$libshutdown$$00000002)
    __rt_lib_shutdown_fp_trap_1              0x08000243   Thumb Code     0  libshutdown2.o(.ARM.Collect$$libshutdown$$00000009)
    __rt_lib_shutdown_heap_1                 0x08000243   Thumb Code     0  libshutdown2.o(.ARM.Collect$$libshutdown$$00000011)
    __rt_lib_shutdown_return                 0x08000243   Thumb Code     0  libshutdown2.o(.ARM.Collect$$libshutdown$$00000012)
    __rt_lib_shutdown_signal_1               0x08000243   Thumb Code     0  libshutdown2.o(.ARM.Collect$$libshutdown$$0000000C)
    __rt_lib_shutdown_stdio_1                0x08000243   Thumb Code     0  libshutdown2.o(.ARM.Collect$$libshutdown$$00000006)
    __rt_lib_shutdown_user_alloc_1           0x08000243   Thumb Code     0  libshutdown2.o(.ARM.Collect$$libshutdown$$0000000E)
    __rt_entry                               0x08000245   Thumb Code     0  __rtentry.o(.ARM.Collect$$rtentry$$00000000)
    __rt_entry_presh_1                       0x08000245   Thumb Code     0  __rtentry2.o(.ARM.Collect$$rtentry$$00000002)
    __rt_entry_sh                            0x08000245   Thumb Code     0  __rtentry4.o(.ARM.Collect$$rtentry$$00000004)
    __rt_entry_li                            0x0800024b   Thumb Code     0  __rtentry2.o(.ARM.Collect$$rtentry$$0000000A)
    __rt_entry_postsh_1                      0x0800024b   Thumb Code     0  __rtentry2.o(.ARM.Collect$$rtentry$$00000009)
    __rt_entry_main                          0x0800024f   Thumb Code     0  __rtentry2.o(.ARM.Collect$$rtentry$$0000000D)
    __rt_entry_postli_1                      0x0800024f   Thumb Code     0  __rtentry2.o(.ARM.Collect$$rtentry$$0000000C)
    __rt_exit                                0x08000257   Thumb Code     0  rtexit.o(.ARM.Collect$$rtexit$$00000000)
    __rt_exit_ls                             0x08000259   Thumb Code     0  rtexit2.o(.ARM.Collect$$rtexit$$00000003)
    __rt_exit_prels_1                        0x08000259   Thumb Code     0  rtexit2.o(.ARM.Collect$$rtexit$$00000002)
    __rt_exit_exit                           0x0800025d   Thumb Code     0  rtexit2.o(.ARM.Collect$$rtexit$$00000004)
    Reset_Handler                            0x08000265   Thumb Code     8  startup_stm32f446xx.o(.text)
    ADC_IRQHandler                           0x0800027f   Thumb Code     0  startup_stm32f446xx.o(.text)
    CAN1_RX0_IRQHandler                      0x0800027f   Thumb Code     0  startup_stm32f446xx.o(.text)
    CAN1_RX1_IRQHandler                      0x0800027f   Thumb Code     0  startup_stm32f446xx.o(.text)
    CAN1_SCE_IRQHandler                      0x0800027f   Thumb Code     0  startup_stm32f446xx.o(.text)
    CAN1_TX_IRQHandler                       0x0800027f   Thumb Code     0  startup_stm32f446xx.o(.text)
    CAN2_RX0_IRQHandler                      0x0800027f   Thumb Code     0  startup_stm32f446xx.o(.text)
    CAN2_RX1_IRQHandler                      0x0800027f   Thumb Code     0  startup_stm32f446xx.o(.text)
    CAN2_SCE_IRQHandler                      0x0800027f   Thumb Code     0  startup_stm32f446xx.o(.text)
    CAN2_TX_IRQHandler                       0x0800027f   Thumb Code     0  startup_stm32f446xx.o(.text)
    CEC_IRQHandler                           0x0800027f   Thumb Code     0  startup_stm32f446xx.o(.text)
    DCMI_IRQHandler                          0x0800027f   Thumb Code     0  startup_stm32f446xx.o(.text)
    DMA1_Stream0_IRQHandler                  0x0800027f   Thumb Code     0  startup_stm32f446xx.o(.text)
    DMA1_Stream1_IRQHandler                  0x0800027f   Thumb Code     0  startup_stm32f446xx.o(.text)
    DMA1_Stream2_IRQHandler                  0x0800027f   Thumb Code     0  startup_stm32f446xx.o(.text)
    DMA1_Stream3_IRQHandler                  0x0800027f   Thumb Code     0  startup_stm32f446xx.o(.text)
    DMA1_Stream4_IRQHandler                  0x0800027f   Thumb Code     0  startup_stm32f446xx.o(.text)
    DMA1_Stream5_IRQHandler                  0x0800027f   Thumb Code     0  startup_stm32f446xx.o(.text)
    DMA1_Stream6_IRQHandler                  0x0800027f   Thumb Code     0  startup_stm32f446xx.o(.text)
    DMA1_Stream7_IRQHandler                  0x0800027f   Thumb Code     0  startup_stm32f446xx.o(.text)
    DMA2_Stream0_IRQHandler                  0x0800027f   Thumb Code     0  startup_stm32f446xx.o(.text)
    DMA2_Stream1_IRQHandler                  0x0800027f   Thumb Code     0  startup_stm32f446xx.o(.text)
    DMA2_Stream2_IRQHandler                  0x0800027f   Thumb Code     0  startup_stm32f446xx.o(.text)
    DMA2_Stream3_IRQHandler                  0x0800027f   Thumb Code     0  startup_stm32f446xx.o(.text)
    DMA2_Stream4_IRQHandler                  0x0800027f   Thumb Code     0  startup_stm32f446xx.o(.text)
    DMA2_Stream5_IRQHandler                  0x0800027f   Thumb Code     0  startup_stm32f446xx.o(.text)
    DMA2_Stream6_IRQHandler                  0x0800027f   Thumb Code     0  startup_stm32f446xx.o(.text)
    EXTI0_IRQHandler                         0x0800027f   Thumb Code     0  startup_stm32f446xx.o(.text)
    EXTI1_IRQHandler                         0x0800027f   Thumb Code     0  startup_stm32f446xx.o(.text)
    EXTI2_IRQHandler                         0x0800027f   Thumb Code     0  startup_stm32f446xx.o(.text)
    EXTI3_IRQHandler                         0x0800027f   Thumb Code     0  startup_stm32f446xx.o(.text)
    EXTI4_IRQHandler                         0x0800027f   Thumb Code     0  startup_stm32f446xx.o(.text)
    FLASH_IRQHandler                         0x0800027f   Thumb Code     0  startup_stm32f446xx.o(.text)
    FMC_IRQHandler                           0x0800027f   Thumb Code     0  startup_stm32f446xx.o(.text)
    FMPI2C1_ER_IRQHandler                    0x0800027f   Thumb Code     0  startup_stm32f446xx.o(.text)
    FMPI2C1_EV_IRQHandler                    0x0800027f   Thumb Code     0  startup_stm32f446xx.o(.text)
    FPU_IRQHandler                           0x0800027f   Thumb Code     0  startup_stm32f446xx.o(.text)
    I2C2_ER_IRQHandler                       0x0800027f   Thumb Code     0  startup_stm32f446xx.o(.text)
    I2C2_EV_IRQHandler                       0x0800027f   Thumb Code     0  startup_stm32f446xx.o(.text)
    I2C3_ER_IRQHandler                       0x0800027f   Thumb Code     0  startup_stm32f446xx.o(.text)
    I2C3_EV_IRQHandler                       0x0800027f   Thumb Code     0  startup_stm32f446xx.o(.text)
    OTG_FS_IRQHandler                        0x0800027f   Thumb Code     0  startup_stm32f446xx.o(.text)
    OTG_FS_WKUP_IRQHandler                   0x0800027f   Thumb Code     0  startup_stm32f446xx.o(.text)
    OTG_HS_EP1_IN_IRQHandler                 0x0800027f   Thumb Code     0  startup_stm32f446xx.o(.text)
    OTG_HS_EP1_OUT_IRQHandler                0x0800027f   Thumb Code     0  startup_stm32f446xx.o(.text)
    OTG_HS_IRQHandler                        0x0800027f   Thumb Code     0  startup_stm32f446xx.o(.text)
    OTG_HS_WKUP_IRQHandler                   0x0800027f   Thumb Code     0  startup_stm32f446xx.o(.text)
    PVD_IRQHandler                           0x0800027f   Thumb Code     0  startup_stm32f446xx.o(.text)
    QUADSPI_IRQHandler                       0x0800027f   Thumb Code     0  startup_stm32f446xx.o(.text)
    RCC_IRQHandler                           0x0800027f   Thumb Code     0  startup_stm32f446xx.o(.text)
    RTC_Alarm_IRQHandler                     0x0800027f   Thumb Code     0  startup_stm32f446xx.o(.text)
    RTC_WKUP_IRQHandler                      0x0800027f   Thumb Code     0  startup_stm32f446xx.o(.text)
    SAI1_IRQHandler                          0x0800027f   Thumb Code     0  startup_stm32f446xx.o(.text)
    SAI2_IRQHandler                          0x0800027f   Thumb Code     0  startup_stm32f446xx.o(.text)
    SDIO_IRQHandler                          0x0800027f   Thumb Code     0  startup_stm32f446xx.o(.text)
    SPDIF_RX_IRQHandler                      0x0800027f   Thumb Code     0  startup_stm32f446xx.o(.text)
    SPI1_IRQHandler                          0x0800027f   Thumb Code     0  startup_stm32f446xx.o(.text)
    SPI2_IRQHandler                          0x0800027f   Thumb Code     0  startup_stm32f446xx.o(.text)
    SPI3_IRQHandler                          0x0800027f   Thumb Code     0  startup_stm32f446xx.o(.text)
    SPI4_IRQHandler                          0x0800027f   Thumb Code     0  startup_stm32f446xx.o(.text)
    TAMP_STAMP_IRQHandler                    0x0800027f   Thumb Code     0  startup_stm32f446xx.o(.text)
    TIM1_BRK_TIM9_IRQHandler                 0x0800027f   Thumb Code     0  startup_stm32f446xx.o(.text)
    TIM1_CC_IRQHandler                       0x0800027f   Thumb Code     0  startup_stm32f446xx.o(.text)
    TIM1_TRG_COM_TIM11_IRQHandler            0x0800027f   Thumb Code     0  startup_stm32f446xx.o(.text)
    TIM1_UP_TIM10_IRQHandler                 0x0800027f   Thumb Code     0  startup_stm32f446xx.o(.text)
    TIM3_IRQHandler                          0x0800027f   Thumb Code     0  startup_stm32f446xx.o(.text)
    TIM5_IRQHandler                          0x0800027f   Thumb Code     0  startup_stm32f446xx.o(.text)
    TIM6_DAC_IRQHandler                      0x0800027f   Thumb Code     0  startup_stm32f446xx.o(.text)
    TIM7_IRQHandler                          0x0800027f   Thumb Code     0  startup_stm32f446xx.o(.text)
    TIM8_BRK_TIM12_IRQHandler                0x0800027f   Thumb Code     0  startup_stm32f446xx.o(.text)
    TIM8_CC_IRQHandler                       0x0800027f   Thumb Code     0  startup_stm32f446xx.o(.text)
    TIM8_TRG_COM_TIM14_IRQHandler            0x0800027f   Thumb Code     0  startup_stm32f446xx.o(.text)
    TIM8_UP_TIM13_IRQHandler                 0x0800027f   Thumb Code     0  startup_stm32f446xx.o(.text)
    UART4_IRQHandler                         0x0800027f   Thumb Code     0  startup_stm32f446xx.o(.text)
    UART5_IRQHandler                         0x0800027f   Thumb Code     0  startup_stm32f446xx.o(.text)
    USART2_IRQHandler                        0x0800027f   Thumb Code     0  startup_stm32f446xx.o(.text)
    USART3_IRQHandler                        0x0800027f   Thumb Code     0  startup_stm32f446xx.o(.text)
    WWDG_IRQHandler                          0x0800027f   Thumb Code     0  startup_stm32f446xx.o(.text)
    __user_initial_stackheap                 0x08000281   Thumb Code     0  startup_stm32f446xx.o(.text)
    __aeabi_uldivmod                         0x080002a5   Thumb Code     0  lludivv7m.o(.text)
    _ll_udiv                                 0x080002a5   Thumb Code   238  lludivv7m.o(.text)
    __aeabi_ldivmod                          0x08000393   Thumb Code     0  llsdiv.o(.text)
    _ll_sdiv                                 0x08000393   Thumb Code    72  llsdiv.o(.text)
    __2sprintf                               0x080003dd   Thumb Code    34  noretval__2sprintf.o(.text)
    strlen                                   0x08000405   Thumb Code    62  strlen.o(.text)
    __aeabi_memcpy                           0x08000443   Thumb Code     0  rt_memcpy_v6.o(.text)
    __rt_memcpy                              0x08000443   Thumb Code   138  rt_memcpy_v6.o(.text)
    _memcpy_lastbytes                        0x080004a9   Thumb Code     0  rt_memcpy_v6.o(.text)
    __aeabi_memcpy4                          0x080004cd   Thumb Code     0  rt_memcpy_w.o(.text)
    __aeabi_memcpy8                          0x080004cd   Thumb Code     0  rt_memcpy_w.o(.text)
    __rt_memcpy_w                            0x080004cd   Thumb Code   100  rt_memcpy_w.o(.text)
    _memcpy_lastbytes_aligned                0x08000515   Thumb Code     0  rt_memcpy_w.o(.text)
    __aeabi_memclr4                          0x08000531   Thumb Code     0  rt_memclr_w.o(.text)
    __aeabi_memclr8                          0x08000531   Thumb Code     0  rt_memclr_w.o(.text)
    __rt_memclr_w                            0x08000531   Thumb Code    78  rt_memclr_w.o(.text)
    _memset_w                                0x08000535   Thumb Code     0  rt_memclr_w.o(.text)
    __use_two_region_memory                  0x0800057f   Thumb Code     2  heapauxi.o(.text)
    __rt_heap_escrow$2region                 0x08000581   Thumb Code     2  heapauxi.o(.text)
    __rt_heap_expand$2region                 0x08000583   Thumb Code     2  heapauxi.o(.text)
    _printf_char_common                      0x0800058f   Thumb Code    32  _printf_char_common.o(.text)
    _sputc                                   0x080005b5   Thumb Code    10  _sputc.o(.text)
    __printf                                 0x080005bf   Thumb Code    40  __printf_nopercent.o(.text)
    __user_libspace                          0x080005e9   Thumb Code     8  libspace.o(.text)
    __user_perproc_libspace                  0x080005e9   Thumb Code     0  libspace.o(.text)
    __user_perthread_libspace                0x080005e9   Thumb Code     0  libspace.o(.text)
    __user_setup_stackheap                   0x080005f1   Thumb Code    74  sys_stackheap_outer.o(.text)
    exit                                     0x0800063b   Thumb Code    18  exit.o(.text)
    _sys_exit                                0x0800064d   Thumb Code     8  sys_exit.o(.text)
    __I$use$semihosting                      0x08000659   Thumb Code     0  use_no_semi.o(.text)
    __use_no_semihosting_swi                 0x08000659   Thumb Code     2  use_no_semi.o(.text)
    __semihosting_library_function           0x0800065b   Thumb Code     0  indicate_semi.o(.text)
    AX_LASER_Start                           0x0800065d   Thumb Code   102  rader.o(i.AX_LASER_Start)
    BusFault_Handler                         0x080006e5   Thumb Code     2  stm32f4xx_it.o(i.BusFault_Handler)
    DMA2_Stream7_IRQHandler                  0x080006e9   Thumb Code     6  stm32f4xx_it.o(i.DMA2_Stream7_IRQHandler)
    DebugMon_Handler                         0x08000799   Thumb Code     2  stm32f4xx_it.o(i.DebugMon_Handler)
    EXTI15_10_IRQHandler                     0x0800079b   Thumb Code    22  stm32f4xx_it.o(i.EXTI15_10_IRQHandler)
    EXTI9_5_IRQHandler                       0x080007b1   Thumb Code     8  stm32f4xx_it.o(i.EXTI9_5_IRQHandler)
    Error_Handler                            0x080007b9   Thumb Code     4  main.o(i.Error_Handler)
    GetTime_us                               0x080007bd   Thumb Code    36  my_systick.o(i.GetTime_us)
    HAL_DMA_Abort                            0x080007e9   Thumb Code   146  stm32f4xx_hal_dma.o(i.HAL_DMA_Abort)
    HAL_DMA_Abort_IT                         0x0800087b   Thumb Code    36  stm32f4xx_hal_dma.o(i.HAL_DMA_Abort_IT)
    HAL_DMA_GetState                         0x0800089f   Thumb Code     6  stm32f4xx_hal_dma.o(i.HAL_DMA_GetState)
    HAL_DMA_IRQHandler                       0x080008a5   Thumb Code   412  stm32f4xx_hal_dma.o(i.HAL_DMA_IRQHandler)
    HAL_DMA_Init                             0x08000a45   Thumb Code   206  stm32f4xx_hal_dma.o(i.HAL_DMA_Init)
    HAL_DMA_Start_IT                         0x08000b19   Thumb Code   110  stm32f4xx_hal_dma.o(i.HAL_DMA_Start_IT)
    HAL_Delay                                0x08000b89   Thumb Code    32  stm32f4xx_hal.o(i.HAL_Delay)
    HAL_GPIO_DeInit                          0x08000bad   Thumb Code   306  stm32f4xx_hal_gpio.o(i.HAL_GPIO_DeInit)
    HAL_GPIO_EXTI_Callback                   0x08000d05   Thumb Code   334  encoder.o(i.HAL_GPIO_EXTI_Callback)
    HAL_GPIO_EXTI_IRQHandler                 0x08000e61   Thumb Code    18  stm32f4xx_hal_gpio.o(i.HAL_GPIO_EXTI_IRQHandler)
    HAL_GPIO_Init                            0x08000e79   Thumb Code   436  stm32f4xx_hal_gpio.o(i.HAL_GPIO_Init)
    HAL_GPIO_ReadPin                         0x08001055   Thumb Code    10  stm32f4xx_hal_gpio.o(i.HAL_GPIO_ReadPin)
    HAL_GPIO_WritePin                        0x0800105f   Thumb Code    10  stm32f4xx_hal_gpio.o(i.HAL_GPIO_WritePin)
    HAL_GetTick                              0x08001069   Thumb Code     6  stm32f4xx_hal.o(i.HAL_GetTick)
    HAL_I2C_AbortCpltCallback                0x08001075   Thumb Code     2  stm32f4xx_hal_i2c.o(i.HAL_I2C_AbortCpltCallback)
    HAL_I2C_AddrCallback                     0x08001077   Thumb Code     2  stm32f4xx_hal_i2c.o(i.HAL_I2C_AddrCallback)
    HAL_I2C_DeInit                           0x08001079   Thumb Code    50  stm32f4xx_hal_i2c.o(i.HAL_I2C_DeInit)
    HAL_I2C_ER_IRQHandler                    0x080010ab   Thumb Code   186  stm32f4xx_hal_i2c.o(i.HAL_I2C_ER_IRQHandler)
    HAL_I2C_EV_IRQHandler                    0x08001165   Thumb Code   560  stm32f4xx_hal_i2c.o(i.HAL_I2C_EV_IRQHandler)
    HAL_I2C_ErrorCallback                    0x08001395   Thumb Code     2  stm32f4xx_hal_i2c.o(i.HAL_I2C_ErrorCallback)
    HAL_I2C_Init                             0x08001399   Thumb Code   376  stm32f4xx_hal_i2c.o(i.HAL_I2C_Init)
    HAL_I2C_ListenCpltCallback               0x08001521   Thumb Code     2  stm32f4xx_hal_i2c.o(i.HAL_I2C_ListenCpltCallback)
    HAL_I2C_MasterRxCpltCallback             0x08001523   Thumb Code     2  stm32f4xx_hal_i2c.o(i.HAL_I2C_MasterRxCpltCallback)
    HAL_I2C_MasterTxCpltCallback             0x08001525   Thumb Code     2  stm32f4xx_hal_i2c.o(i.HAL_I2C_MasterTxCpltCallback)
    HAL_I2C_MemRxCpltCallback                0x08001527   Thumb Code     2  stm32f4xx_hal_i2c.o(i.HAL_I2C_MemRxCpltCallback)
    HAL_I2C_MemTxCpltCallback                0x08001529   Thumb Code     2  stm32f4xx_hal_i2c.o(i.HAL_I2C_MemTxCpltCallback)
    HAL_I2C_Mem_Read                         0x0800152d   Thumb Code   502  stm32f4xx_hal_i2c.o(i.HAL_I2C_Mem_Read)
    HAL_I2C_Mem_Write                        0x08001731   Thumb Code   294  stm32f4xx_hal_i2c.o(i.HAL_I2C_Mem_Write)
    HAL_I2C_MspDeInit                        0x08001861   Thumb Code    56  i2c.o(i.HAL_I2C_MspDeInit)
    HAL_I2C_MspInit                          0x080018a5   Thumb Code   126  i2c.o(i.HAL_I2C_MspInit)
    HAL_I2C_SlaveRxCpltCallback              0x08001931   Thumb Code     2  stm32f4xx_hal_i2c.o(i.HAL_I2C_SlaveRxCpltCallback)
    HAL_I2C_SlaveTxCpltCallback              0x08001933   Thumb Code     2  stm32f4xx_hal_i2c.o(i.HAL_I2C_SlaveTxCpltCallback)
    HAL_IncTick                              0x08001935   Thumb Code    12  stm32f4xx_hal.o(i.HAL_IncTick)
    HAL_Init                                 0x08001945   Thumb Code    48  stm32f4xx_hal.o(i.HAL_Init)
    HAL_InitTick                             0x08001979   Thumb Code    54  stm32f4xx_hal.o(i.HAL_InitTick)
    HAL_MspInit                              0x080019b9   Thumb Code    48  stm32f4xx_hal_msp.o(i.HAL_MspInit)
    HAL_NVIC_DisableIRQ                      0x080019ed   Thumb Code    34  stm32f4xx_hal_cortex.o(i.HAL_NVIC_DisableIRQ)
    HAL_NVIC_EnableIRQ                       0x08001a0f   Thumb Code    26  stm32f4xx_hal_cortex.o(i.HAL_NVIC_EnableIRQ)
    HAL_NVIC_SetPriority                     0x08001a29   Thumb Code    60  stm32f4xx_hal_cortex.o(i.HAL_NVIC_SetPriority)
    HAL_NVIC_SetPriorityGrouping             0x08001a69   Thumb Code    26  stm32f4xx_hal_cortex.o(i.HAL_NVIC_SetPriorityGrouping)
    HAL_RCC_ClockConfig                      0x08001a8d   Thumb Code   288  stm32f4xx_hal_rcc.o(i.HAL_RCC_ClockConfig)
    HAL_RCC_GetPCLK1Freq                     0x08001bc1   Thumb Code    20  stm32f4xx_hal_rcc.o(i.HAL_RCC_GetPCLK1Freq)
    HAL_RCC_GetPCLK2Freq                     0x08001be1   Thumb Code    20  stm32f4xx_hal_rcc.o(i.HAL_RCC_GetPCLK2Freq)
    HAL_RCC_GetSysClockFreq                  0x08001c01   Thumb Code   140  stm32f4xx_hal_rcc_ex.o(i.HAL_RCC_GetSysClockFreq)
    HAL_RCC_OscConfig                        0x08001c95   Thumb Code   900  stm32f4xx_hal_rcc_ex.o(i.HAL_RCC_OscConfig)
    HAL_SYSTICK_Config                       0x0800202d   Thumb Code    40  stm32f4xx_hal_cortex.o(i.HAL_SYSTICK_Config)
    HAL_TIMEx_BreakCallback                  0x08002055   Thumb Code     2  stm32f4xx_hal_tim_ex.o(i.HAL_TIMEx_BreakCallback)
    HAL_TIMEx_CommutCallback                 0x08002057   Thumb Code     2  stm32f4xx_hal_tim_ex.o(i.HAL_TIMEx_CommutCallback)
    HAL_TIMEx_MasterConfigSynchronization    0x08002059   Thumb Code   116  stm32f4xx_hal_tim_ex.o(i.HAL_TIMEx_MasterConfigSynchronization)
    HAL_TIM_Base_Init                        0x080020e9   Thumb Code    90  stm32f4xx_hal_tim.o(i.HAL_TIM_Base_Init)
    HAL_TIM_Base_MspInit                     0x08002145   Thumb Code   130  tim.o(i.HAL_TIM_Base_MspInit)
    HAL_TIM_Base_Start_IT                    0x080021d9   Thumb Code   100  stm32f4xx_hal_tim.o(i.HAL_TIM_Base_Start_IT)
    HAL_TIM_ConfigClockSource                0x08002259   Thumb Code   220  stm32f4xx_hal_tim.o(i.HAL_TIM_ConfigClockSource)
    HAL_TIM_IC_CaptureCallback               0x08002335   Thumb Code     2  stm32f4xx_hal_tim.o(i.HAL_TIM_IC_CaptureCallback)
    HAL_TIM_IRQHandler                       0x08002337   Thumb Code   304  stm32f4xx_hal_tim.o(i.HAL_TIM_IRQHandler)
    HAL_TIM_MspPostInit                      0x08002469   Thumb Code   106  tim.o(i.HAL_TIM_MspPostInit)
    HAL_TIM_OC_DelayElapsedCallback          0x080024e9   Thumb Code     2  stm32f4xx_hal_tim.o(i.HAL_TIM_OC_DelayElapsedCallback)
    HAL_TIM_PWM_ConfigChannel                0x080024eb   Thumb Code   204  stm32f4xx_hal_tim.o(i.HAL_TIM_PWM_ConfigChannel)
    HAL_TIM_PWM_Init                         0x080025b7   Thumb Code    90  stm32f4xx_hal_tim.o(i.HAL_TIM_PWM_Init)
    HAL_TIM_PWM_MspInit                      0x08002611   Thumb Code     2  stm32f4xx_hal_tim.o(i.HAL_TIM_PWM_MspInit)
    HAL_TIM_PWM_PulseFinishedCallback        0x08002613   Thumb Code     2  stm32f4xx_hal_tim.o(i.HAL_TIM_PWM_PulseFinishedCallback)
    HAL_TIM_PWM_Start                        0x08002615   Thumb Code   172  stm32f4xx_hal_tim.o(i.HAL_TIM_PWM_Start)
    HAL_TIM_PeriodElapsedCallback            0x080026dd   Thumb Code   712  main.o(i.HAL_TIM_PeriodElapsedCallback)
    HAL_TIM_TriggerCallback                  0x080029ed   Thumb Code     2  stm32f4xx_hal_tim.o(i.HAL_TIM_TriggerCallback)
    HAL_UARTEx_RxEventCallback               0x080029ef   Thumb Code     2  stm32f4xx_hal_uart.o(i.HAL_UARTEx_RxEventCallback)
    HAL_UART_ErrorCallback                   0x080029f1   Thumb Code    16  main.o(i.HAL_UART_ErrorCallback)
    HAL_UART_GetState                        0x08002a09   Thumb Code    10  stm32f4xx_hal_uart.o(i.HAL_UART_GetState)
    HAL_UART_IRQHandler                      0x08002a15   Thumb Code   636  stm32f4xx_hal_uart.o(i.HAL_UART_IRQHandler)
    HAL_UART_Init                            0x08002c95   Thumb Code   100  stm32f4xx_hal_uart.o(i.HAL_UART_Init)
    HAL_UART_MspInit                         0x08002cf9   Thumb Code   270  usart.o(i.HAL_UART_MspInit)
    HAL_UART_Receive_IT                      0x08002e29   Thumb Code    28  stm32f4xx_hal_uart.o(i.HAL_UART_Receive_IT)
    HAL_UART_RxCpltCallback                  0x08002e45   Thumb Code   144  main.o(i.HAL_UART_RxCpltCallback)
    HAL_UART_Transmit                        0x08002eed   Thumb Code   160  stm32f4xx_hal_uart.o(i.HAL_UART_Transmit)
    HAL_UART_Transmit_DMA                    0x08002f8d   Thumb Code   120  stm32f4xx_hal_uart.o(i.HAL_UART_Transmit_DMA)
    HAL_UART_Transmit_IT                     0x08003011   Thumb Code    50  stm32f4xx_hal_uart.o(i.HAL_UART_Transmit_IT)
    HAL_UART_TxCpltCallback                  0x08003045   Thumb Code    16  main.o(i.HAL_UART_TxCpltCallback)
    HAL_UART_TxHalfCpltCallback              0x0800305d   Thumb Code     2  stm32f4xx_hal_uart.o(i.HAL_UART_TxHalfCpltCallback)
    HardFault_Handler                        0x0800305f   Thumb Code     2  stm32f4xx_it.o(i.HardFault_Handler)
    I2C1_ER_IRQHandler                       0x08003061   Thumb Code     6  stm32f4xx_it.o(i.I2C1_ER_IRQHandler)
    I2C1_EV_IRQHandler                       0x0800306d   Thumb Code     6  stm32f4xx_it.o(i.I2C1_EV_IRQHandler)
    LS_DataHandle                            0x08003e65   Thumb Code   316  rader.o(i.LS_DataHandle)
    MPU6500_Init                             0x08003fbd   Thumb Code   132  mpu6500.o(i.MPU6500_Init)
    MPU6500_Read_Accel                       0x08004041   Thumb Code   152  mpu6500.o(i.MPU6500_Read_Accel)
    MPU6500_Read_Gyro                        0x080040e5   Thumb Code   152  mpu6500.o(i.MPU6500_Read_Gyro)
    MX_DMA_Init                              0x08004189   Thumb Code    40  dma.o(i.MX_DMA_Init)
    MX_GPIO_Init                             0x080041b5   Thumb Code   222  gpio.o(i.MX_GPIO_Init)
    MX_I2C1_Init                             0x080042a5   Thumb Code    50  i2c.o(i.MX_I2C1_Init)
    MX_TIM2_Init                             0x080042e5   Thumb Code    92  tim.o(i.MX_TIM2_Init)
    MX_TIM3_Init                             0x08004345   Thumb Code   158  tim.o(i.MX_TIM3_Init)
    MX_TIM4_Init                             0x080043ed   Thumb Code    98  tim.o(i.MX_TIM4_Init)
    MX_TIM5_Init                             0x08004459   Thumb Code   158  tim.o(i.MX_TIM5_Init)
    MX_USART1_UART_Init                      0x08004501   Thumb Code    48  usart.o(i.MX_USART1_UART_Init)
    MX_USART6_UART_Init                      0x08004539   Thumb Code    48  usart.o(i.MX_USART6_UART_Init)
    MY_TIM2_IRQHandler                       0x08004571   Thumb Code    26  my_systick.o(i.MY_TIM2_IRQHandler)
    MemManage_Handler                        0x08004591   Thumb Code     2  stm32f4xx_it.o(i.MemManage_Handler)
    NMI_Handler                              0x08004593   Thumb Code     2  stm32f4xx_it.o(i.NMI_Handler)
    PendSV_Handler                           0x08004595   Thumb Code     2  stm32f4xx_it.o(i.PendSV_Handler)
    ReadDistance_A                           0x08004599   Thumb Code     8  encoder.o(i.ReadDistance_A)
    ReadDistance_B                           0x080045a5   Thumb Code     8  encoder.o(i.ReadDistance_B)
    SVC_Handler                              0x080045b1   Thumb Code     2  stm32f4xx_it.o(i.SVC_Handler)
    SysTick_Handler                          0x080045b3   Thumb Code     4  stm32f4xx_it.o(i.SysTick_Handler)
    SystemClock_Config                       0x080045b9   Thumb Code   142  main.o(i.SystemClock_Config)
    SystemInit                               0x08004651   Thumb Code    12  system_stm32f4xx.o(i.SystemInit)
    TIM2_IRQHandler                          0x08004661   Thumb Code     6  stm32f4xx_it.o(i.TIM2_IRQHandler)
    TIM4_IRQHandler                          0x0800466d   Thumb Code     6  stm32f4xx_it.o(i.TIM4_IRQHandler)
    TIM_Base_SetConfig                       0x08004679   Thumb Code   164  stm32f4xx_hal_tim.o(i.TIM_Base_SetConfig)
    TIM_CCxChannelCmd                        0x08004749   Thumb Code    26  stm32f4xx_hal_tim.o(i.TIM_CCxChannelCmd)
    TIM_ETR_SetConfig                        0x08004763   Thumb Code    20  stm32f4xx_hal_tim.o(i.TIM_ETR_SetConfig)
    TIM_OC2_SetConfig                        0x080047e9   Thumb Code    98  stm32f4xx_hal_tim.o(i.TIM_OC2_SetConfig)
    UART_Start_Receive_IT                    0x08004c31   Thumb Code    54  stm32f4xx_hal_uart.o(i.UART_Start_Receive_IT)
    USART1_IRQHandler                        0x08004cd9   Thumb Code     6  stm32f4xx_it.o(i.USART1_IRQHandler)
    USART6_IRQHandler                        0x08004ce5   Thumb Code     6  stm32f4xx_it.o(i.USART6_IRQHandler)
    UsageFault_Handler                       0x08004cf1   Thumb Code     2  stm32f4xx_it.o(i.UsageFault_Handler)
    Yaw_Update                               0x08004cf5   Thumb Code   112  mpu6500.o(i.Yaw_Update)
    main                                     0x08004d9d   Thumb Code   184  main.o(i.main)
    swap_double                              0x08004e89   Thumb Code    50  frame.o(i.swap_double)
    swap_float                               0x08004ebb   Thumb Code    12  frame.o(i.swap_float)
    swap_uint16                              0x08004ec7   Thumb Code    10  frame.o(i.swap_uint16)
    __aeabi_d2f                              0x08004ed1   Thumb Code     0  d2f.o(x$fpl$d2f)
    _d2f                                     0x08004ed1   Thumb Code    98  d2f.o(x$fpl$d2f)
    __aeabi_dadd                             0x08004f35   Thumb Code     0  daddsub_clz.o(x$fpl$dadd)
    _dadd                                    0x08004f35   Thumb Code   332  daddsub_clz.o(x$fpl$dadd)
    __aeabi_d2uiz                            0x08005085   Thumb Code     0  dfixu.o(x$fpl$dfixu)
    _dfixu                                   0x08005085   Thumb Code    90  dfixu.o(x$fpl$dfixu)
    __aeabi_l2d                              0x080050e1   Thumb Code     0  dfltll_clz.o(x$fpl$dfltll)
    _ll_sto_d                                0x080050e1   Thumb Code   162  dfltll_clz.o(x$fpl$dfltll)
    __aeabi_ui2d                             0x08005183   Thumb Code     0  dflt_clz.o(x$fpl$dfltu)
    _dfltu                                   0x08005183   Thumb Code    38  dflt_clz.o(x$fpl$dfltu)
    __aeabi_dmul                             0x080051a9   Thumb Code     0  dmul.o(x$fpl$dmul)
    _dmul                                    0x080051a9   Thumb Code   332  dmul.o(x$fpl$dmul)
    __fpl_dnaninf                            0x080052fd   Thumb Code   156  dnaninf.o(x$fpl$dnaninf)
    __fpl_dretinf                            0x08005399   Thumb Code    12  dretinf.o(x$fpl$dretinf)
    __aeabi_dsub                             0x080053a5   Thumb Code     0  daddsub_clz.o(x$fpl$dsub)
    _dsub                                    0x080053a5   Thumb Code   464  daddsub_clz.o(x$fpl$dsub)
    __aeabi_f2d                              0x08005579   Thumb Code     0  f2d.o(x$fpl$f2d)
    _f2d                                     0x08005579   Thumb Code    86  f2d.o(x$fpl$f2d)
    __fpl_fnaninf                            0x080055cf   Thumb Code   140  fnaninf.o(x$fpl$fnaninf)
    _fp_init                                 0x0800565b   Thumb Code    10  fpinit.o(x$fpl$fpinit)
    __fplib_config_fpu_vfp                   0x08005663   Thumb Code     0  fpinit.o(x$fpl$fpinit)
    __fplib_config_pureend_doubles           0x08005663   Thumb Code     0  fpinit.o(x$fpl$fpinit)
    __fpl_fretinf                            0x08005665   Thumb Code    10  fretinf.o(x$fpl$fretinf)
    __I$use$fp                               0x0800566e   Number         0  usenofp.o(x$fpl$usenofp)
    AHBPrescTable                            0x08005676   Data          16  system_stm32f4xx.o(.constdata)
    APBPrescTable                            0x08005686   Data           8  system_stm32f4xx.o(.constdata)
    Region$$Table$$Base                      0x08005690   Number         0  anon$$obj.o(Region$$Table)
    Region$$Table$$Limit                     0x080056b0   Number         0  anon$$obj.o(Region$$Table)
    uart1_tx_dma_complete                    0x20000000   Data           1  main.o(.data)
    time_latest                              0x20000004   Data           4  main.o(.data)
    time_last                                0x20000008   Data           4  main.o(.data)
    count1                                   0x2000000c   Data           4  main.o(.data)
    ax                                       0x20000010   Data           4  main.o(.data)
    ay                                       0x20000014   Data           4  main.o(.data)
    az                                       0x20000018   Data           4  main.o(.data)
    gx                                       0x2000001c   Data           4  main.o(.data)
    gy                                       0x20000020   Data           4  main.o(.data)
    gz                                       0x20000024   Data           4  main.o(.data)
    gz_last                                  0x20000028   Data           4  main.o(.data)
    yaw_last                                 0x2000002c   Data           4  main.o(.data)
    roll                                     0x20000030   Data           4  main.o(.data)
    pitch                                    0x20000034   Data           4  main.o(.data)
    yaw                                      0x20000038   Data           4  main.o(.data)
    uwTickFreq                               0x2000003c   Data           1  stm32f4xx_hal.o(.data)
    uwTickPrio                               0x20000040   Data           4  stm32f4xx_hal.o(.data)
    uwTick                                   0x20000044   Data           4  stm32f4xx_hal.o(.data)
    SystemCoreClock                          0x20000048   Data           4  system_stm32f4xx.o(.data)
    direction_A                              0x20000050   Data           4  encoder.o(.data)
    direction_B                              0x20000054   Data           4  encoder.o(.data)
    encoderA_line                            0x20000058   Data           8  encoder.o(.data)
    encoderB_line                            0x20000060   Data           8  encoder.o(.data)
    wheelA_dis                               0x20000068   Data           8  encoder.o(.data)
    wheelB_dis                               0x20000070   Data           8  encoder.o(.data)
    t0_A                                     0x20000078   Data           8  encoder.o(.data)
    t1_A                                     0x20000080   Data           8  encoder.o(.data)
    t0_B                                     0x20000088   Data           8  encoder.o(.data)
    t1_B                                     0x20000090   Data           8  encoder.o(.data)
    period_num                               0x20000098   Data           8  my_systick.o(.data)
    uart4_rx_con                             0x200000a0   Data           1  rader.o(.data)
    uart4_rx_data                            0x200000a4   Data           1  rader.o(.data)
    uart4_rx_chksum                          0x200000ac   Data           1  rader.o(.data)
    frame                                    0x200000b0   Data         564  main.o(.bss)
    hi2c1                                    0x200002e4   Data          84  i2c.o(.bss)
    htim2                                    0x20000338   Data          72  tim.o(.bss)
    htim3                                    0x20000380   Data          72  tim.o(.bss)
    htim4                                    0x200003c8   Data          72  tim.o(.bss)
    htim5                                    0x20000410   Data          72  tim.o(.bss)
    huart1                                   0x20000458   Data          72  usart.o(.bss)
    huart6                                   0x200004a0   Data          72  usart.o(.bss)
    hdma_usart1_tx                           0x200004e8   Data          96  usart.o(.bss)
    uart4_rx_buf                             0x20000930   Data         100  rader.o(.bss)
    uart4_tx_buf                             0x20000994   Data          10  rader.o(.bss)
    ax_ls_point                              0x2000099e   Data        1000  rader.o(.bss)
    attitude                                 0x20000d88   Data          12  mpu6500.o(.bss)
    __libspace_start                         0x20000d94   Data          96  libspace.o(.bss)
    __temporary_stack_top$libspace           0x20000df4   Data           0  libspace.o(.bss)



==============================================================================

Memory Map of the image

  Image Entry point : 0x080001c5

  Load Region LR_IROM1 (Base: 0x08000000, Size: 0x00005760, Max: 0x00080000, ABSOLUTE)

    Execution Region ER_IROM1 (Exec base: 0x08000000, Load base: 0x08000000, Size: 0x000056b0, Max: 0x00080000, ABSOLUTE)

    Exec Addr    Load Addr    Size         Type   Attr      Idx    E Section Name        Object

    0x08000000   0x08000000   0x000001c4   Data   RO            3    RESET               startup_stm32f446xx.o
    0x080001c4   0x080001c4   0x00000008   Code   RO         4018  * !!!main             c_w.l(__main.o)
    0x080001cc   0x080001cc   0x00000034   Code   RO         4291    !!!scatter          c_w.l(__scatter.o)
    0x08000200   0x08000200   0x0000001a   Code   RO         4293    !!handler_copy      c_w.l(__scatter_copy.o)
    0x0800021a   0x0800021a   0x00000002   PAD
    0x0800021c   0x0800021c   0x0000001c   Code   RO         4295    !!handler_zi        c_w.l(__scatter_zi.o)
    0x08000238   0x08000238   0x00000002   Code   RO         4162    .ARM.Collect$$libinit$$00000000  c_w.l(libinit.o)
    0x0800023a   0x0800023a   0x00000004   Code   RO         4171    .ARM.Collect$$libinit$$00000001  c_w.l(libinit2.o)
    0x0800023e   0x0800023e   0x00000000   Code   RO         4174    .ARM.Collect$$libinit$$00000004  c_w.l(libinit2.o)
    0x0800023e   0x0800023e   0x00000000   Code   RO         4177    .ARM.Collect$$libinit$$0000000A  c_w.l(libinit2.o)
    0x0800023e   0x0800023e   0x00000000   Code   RO         4179    .ARM.Collect$$libinit$$0000000C  c_w.l(libinit2.o)
    0x0800023e   0x0800023e   0x00000000   Code   RO         4181    .ARM.Collect$$libinit$$0000000E  c_w.l(libinit2.o)
    0x0800023e   0x0800023e   0x00000000   Code   RO         4184    .ARM.Collect$$libinit$$00000011  c_w.l(libinit2.o)
    0x0800023e   0x0800023e   0x00000000   Code   RO         4186    .ARM.Collect$$libinit$$00000013  c_w.l(libinit2.o)
    0x0800023e   0x0800023e   0x00000000   Code   RO         4188    .ARM.Collect$$libinit$$00000015  c_w.l(libinit2.o)
    0x0800023e   0x0800023e   0x00000000   Code   RO         4190    .ARM.Collect$$libinit$$00000017  c_w.l(libinit2.o)
    0x0800023e   0x0800023e   0x00000000   Code   RO         4192    .ARM.Collect$$libinit$$00000019  c_w.l(libinit2.o)
    0x0800023e   0x0800023e   0x00000000   Code   RO         4194    .ARM.Collect$$libinit$$0000001B  c_w.l(libinit2.o)
    0x0800023e   0x0800023e   0x00000000   Code   RO         4196    .ARM.Collect$$libinit$$0000001D  c_w.l(libinit2.o)
    0x0800023e   0x0800023e   0x00000000   Code   RO         4198    .ARM.Collect$$libinit$$0000001F  c_w.l(libinit2.o)
    0x0800023e   0x0800023e   0x00000000   Code   RO         4200    .ARM.Collect$$libinit$$00000021  c_w.l(libinit2.o)
    0x0800023e   0x0800023e   0x00000000   Code   RO         4202    .ARM.Collect$$libinit$$00000023  c_w.l(libinit2.o)
    0x0800023e   0x0800023e   0x00000000   Code   RO         4204    .ARM.Collect$$libinit$$00000025  c_w.l(libinit2.o)
    0x0800023e   0x0800023e   0x00000000   Code   RO         4208    .ARM.Collect$$libinit$$0000002C  c_w.l(libinit2.o)
    0x0800023e   0x0800023e   0x00000000   Code   RO         4210    .ARM.Collect$$libinit$$0000002E  c_w.l(libinit2.o)
    0x0800023e   0x0800023e   0x00000000   Code   RO         4212    .ARM.Collect$$libinit$$00000030  c_w.l(libinit2.o)
    0x0800023e   0x0800023e   0x00000000   Code   RO         4214    .ARM.Collect$$libinit$$00000032  c_w.l(libinit2.o)
    0x0800023e   0x0800023e   0x00000002   Code   RO         4215    .ARM.Collect$$libinit$$00000033  c_w.l(libinit2.o)
    0x08000240   0x08000240   0x00000002   Code   RO         4246    .ARM.Collect$$libshutdown$$00000000  c_w.l(libshutdown.o)
    0x08000242   0x08000242   0x00000000   Code   RO         4272    .ARM.Collect$$libshutdown$$00000002  c_w.l(libshutdown2.o)
    0x08000242   0x08000242   0x00000000   Code   RO         4274    .ARM.Collect$$libshutdown$$00000004  c_w.l(libshutdown2.o)
    0x08000242   0x08000242   0x00000000   Code   RO         4276    .ARM.Collect$$libshutdown$$00000006  c_w.l(libshutdown2.o)
    0x08000242   0x08000242   0x00000000   Code   RO         4279    .ARM.Collect$$libshutdown$$00000009  c_w.l(libshutdown2.o)
    0x08000242   0x08000242   0x00000000   Code   RO         4282    .ARM.Collect$$libshutdown$$0000000C  c_w.l(libshutdown2.o)
    0x08000242   0x08000242   0x00000000   Code   RO         4284    .ARM.Collect$$libshutdown$$0000000E  c_w.l(libshutdown2.o)
    0x08000242   0x08000242   0x00000000   Code   RO         4287    .ARM.Collect$$libshutdown$$00000011  c_w.l(libshutdown2.o)
    0x08000242   0x08000242   0x00000002   Code   RO         4288    .ARM.Collect$$libshutdown$$00000012  c_w.l(libshutdown2.o)
    0x08000244   0x08000244   0x00000000   Code   RO         4084    .ARM.Collect$$rtentry$$00000000  c_w.l(__rtentry.o)
    0x08000244   0x08000244   0x00000000   Code   RO         4123    .ARM.Collect$$rtentry$$00000002  c_w.l(__rtentry2.o)
    0x08000244   0x08000244   0x00000006   Code   RO         4135    .ARM.Collect$$rtentry$$00000004  c_w.l(__rtentry4.o)
    0x0800024a   0x0800024a   0x00000000   Code   RO         4125    .ARM.Collect$$rtentry$$00000009  c_w.l(__rtentry2.o)
    0x0800024a   0x0800024a   0x00000004   Code   RO         4126    .ARM.Collect$$rtentry$$0000000A  c_w.l(__rtentry2.o)
    0x0800024e   0x0800024e   0x00000000   Code   RO         4128    .ARM.Collect$$rtentry$$0000000C  c_w.l(__rtentry2.o)
    0x0800024e   0x0800024e   0x00000008   Code   RO         4129    .ARM.Collect$$rtentry$$0000000D  c_w.l(__rtentry2.o)
    0x08000256   0x08000256   0x00000002   Code   RO         4163    .ARM.Collect$$rtexit$$00000000  c_w.l(rtexit.o)
    0x08000258   0x08000258   0x00000000   Code   RO         4219    .ARM.Collect$$rtexit$$00000002  c_w.l(rtexit2.o)
    0x08000258   0x08000258   0x00000004   Code   RO         4220    .ARM.Collect$$rtexit$$00000003  c_w.l(rtexit2.o)
    0x0800025c   0x0800025c   0x00000006   Code   RO         4221    .ARM.Collect$$rtexit$$00000004  c_w.l(rtexit2.o)
    0x08000262   0x08000262   0x00000002   PAD
    0x08000264   0x08000264   0x00000040   Code   RO            4    .text               startup_stm32f446xx.o
    0x080002a4   0x080002a4   0x000000ee   Code   RO         4000    .text               c_w.l(lludivv7m.o)
    0x08000392   0x08000392   0x00000048   Code   RO         4002    .text               c_w.l(llsdiv.o)
    0x080003da   0x080003da   0x00000002   PAD
    0x080003dc   0x080003dc   0x00000028   Code   RO         4006    .text               c_w.l(noretval__2sprintf.o)
    0x08000404   0x08000404   0x0000003e   Code   RO         4008    .text               c_w.l(strlen.o)
    0x08000442   0x08000442   0x0000008a   Code   RO         4010    .text               c_w.l(rt_memcpy_v6.o)
    0x080004cc   0x080004cc   0x00000064   Code   RO         4012    .text               c_w.l(rt_memcpy_w.o)
    0x08000530   0x08000530   0x0000004e   Code   RO         4014    .text               c_w.l(rt_memclr_w.o)
    0x0800057e   0x0800057e   0x00000006   Code   RO         4016    .text               c_w.l(heapauxi.o)
    0x08000584   0x08000584   0x00000030   Code   RO         4091    .text               c_w.l(_printf_char_common.o)
    0x080005b4   0x080005b4   0x0000000a   Code   RO         4093    .text               c_w.l(_sputc.o)
    0x080005be   0x080005be   0x00000028   Code   RO         4144    .text               c_w.l(__printf_nopercent.o)
    0x080005e6   0x080005e6   0x00000002   PAD
    0x080005e8   0x080005e8   0x00000008   Code   RO         4146    .text               c_w.l(libspace.o)
    0x080005f0   0x080005f0   0x0000004a   Code   RO         4149    .text               c_w.l(sys_stackheap_outer.o)
    0x0800063a   0x0800063a   0x00000012   Code   RO         4151    .text               c_w.l(exit.o)
    0x0800064c   0x0800064c   0x0000000c   Code   RO         4216    .text               c_w.l(sys_exit.o)
    0x08000658   0x08000658   0x00000002   Code   RO         4235    .text               c_w.l(use_no_semi.o)
    0x0800065a   0x0800065a   0x00000000   Code   RO         4237    .text               c_w.l(indicate_semi.o)
    0x0800065a   0x0800065a   0x00000002   PAD
    0x0800065c   0x0800065c   0x00000088   Code   RO         3850    i.AX_LASER_Start    rader.o
    0x080006e4   0x080006e4   0x00000002   Code   RO          435    i.BusFault_Handler  stm32f4xx_it.o
    0x080006e6   0x080006e6   0x00000002   PAD
    0x080006e8   0x080006e8   0x0000000c   Code   RO          436    i.DMA2_Stream7_IRQHandler  stm32f4xx_it.o
    0x080006f4   0x080006f4   0x00000028   Code   RO         1599    i.DMA_CalcBaseAndBitshift  stm32f4xx_hal_dma.o
    0x0800071c   0x0800071c   0x00000054   Code   RO         1600    i.DMA_CheckFifoParam  stm32f4xx_hal_dma.o
    0x08000770   0x08000770   0x00000028   Code   RO         1601    i.DMA_SetConfig     stm32f4xx_hal_dma.o
    0x08000798   0x08000798   0x00000002   Code   RO          437    i.DebugMon_Handler  stm32f4xx_it.o
    0x0800079a   0x0800079a   0x00000016   Code   RO          438    i.EXTI15_10_IRQHandler  stm32f4xx_it.o
    0x080007b0   0x080007b0   0x00000008   Code   RO          439    i.EXTI9_5_IRQHandler  stm32f4xx_it.o
    0x080007b8   0x080007b8   0x00000004   Code   RO           13    i.Error_Handler     main.o
    0x080007bc   0x080007bc   0x0000002c   Code   RO         3779    i.GetTime_us        my_systick.o
    0x080007e8   0x080007e8   0x00000092   Code   RO         1602    i.HAL_DMA_Abort     stm32f4xx_hal_dma.o
    0x0800087a   0x0800087a   0x00000024   Code   RO         1603    i.HAL_DMA_Abort_IT  stm32f4xx_hal_dma.o
    0x0800089e   0x0800089e   0x00000006   Code   RO         1606    i.HAL_DMA_GetState  stm32f4xx_hal_dma.o
    0x080008a4   0x080008a4   0x000001a0   Code   RO         1607    i.HAL_DMA_IRQHandler  stm32f4xx_hal_dma.o
    0x08000a44   0x08000a44   0x000000d4   Code   RO         1608    i.HAL_DMA_Init      stm32f4xx_hal_dma.o
    0x08000b18   0x08000b18   0x0000006e   Code   RO         1612    i.HAL_DMA_Start_IT  stm32f4xx_hal_dma.o
    0x08000b86   0x08000b86   0x00000002   PAD
    0x08000b88   0x08000b88   0x00000024   Code   RO         2057    i.HAL_Delay         stm32f4xx_hal.o
    0x08000bac   0x08000bac   0x00000158   Code   RO         1492    i.HAL_GPIO_DeInit   stm32f4xx_hal_gpio.o
    0x08000d04   0x08000d04   0x0000015c   Code   RO         3686    i.HAL_GPIO_EXTI_Callback  encoder.o
    0x08000e60   0x08000e60   0x00000018   Code   RO         1494    i.HAL_GPIO_EXTI_IRQHandler  stm32f4xx_hal_gpio.o
    0x08000e78   0x08000e78   0x000001dc   Code   RO         1495    i.HAL_GPIO_Init     stm32f4xx_hal_gpio.o
    0x08001054   0x08001054   0x0000000a   Code   RO         1497    i.HAL_GPIO_ReadPin  stm32f4xx_hal_gpio.o
    0x0800105e   0x0800105e   0x0000000a   Code   RO         1499    i.HAL_GPIO_WritePin  stm32f4xx_hal_gpio.o
    0x08001068   0x08001068   0x0000000c   Code   RO         2063    i.HAL_GetTick       stm32f4xx_hal.o
    0x08001074   0x08001074   0x00000002   Code   RO          589    i.HAL_I2C_AbortCpltCallback  stm32f4xx_hal_i2c.o
    0x08001076   0x08001076   0x00000002   Code   RO          590    i.HAL_I2C_AddrCallback  stm32f4xx_hal_i2c.o
    0x08001078   0x08001078   0x00000032   Code   RO          591    i.HAL_I2C_DeInit    stm32f4xx_hal_i2c.o
    0x080010aa   0x080010aa   0x000000ba   Code   RO          593    i.HAL_I2C_ER_IRQHandler  stm32f4xx_hal_i2c.o
    0x08001164   0x08001164   0x00000230   Code   RO          594    i.HAL_I2C_EV_IRQHandler  stm32f4xx_hal_i2c.o
    0x08001394   0x08001394   0x00000002   Code   RO          596    i.HAL_I2C_ErrorCallback  stm32f4xx_hal_i2c.o
    0x08001396   0x08001396   0x00000002   PAD
    0x08001398   0x08001398   0x00000188   Code   RO          600    i.HAL_I2C_Init      stm32f4xx_hal_i2c.o
    0x08001520   0x08001520   0x00000002   Code   RO          602    i.HAL_I2C_ListenCpltCallback  stm32f4xx_hal_i2c.o
    0x08001522   0x08001522   0x00000002   Code   RO          603    i.HAL_I2C_MasterRxCpltCallback  stm32f4xx_hal_i2c.o
    0x08001524   0x08001524   0x00000002   Code   RO          604    i.HAL_I2C_MasterTxCpltCallback  stm32f4xx_hal_i2c.o
    0x08001526   0x08001526   0x00000002   Code   RO          616    i.HAL_I2C_MemRxCpltCallback  stm32f4xx_hal_i2c.o
    0x08001528   0x08001528   0x00000002   Code   RO          617    i.HAL_I2C_MemTxCpltCallback  stm32f4xx_hal_i2c.o
    0x0800152a   0x0800152a   0x00000002   PAD
    0x0800152c   0x0800152c   0x00000204   Code   RO          618    i.HAL_I2C_Mem_Read  stm32f4xx_hal_i2c.o
    0x08001730   0x08001730   0x00000130   Code   RO          621    i.HAL_I2C_Mem_Write  stm32f4xx_hal_i2c.o
    0x08001860   0x08001860   0x00000044   Code   RO          279    i.HAL_I2C_MspDeInit  i2c.o
    0x080018a4   0x080018a4   0x0000008c   Code   RO          280    i.HAL_I2C_MspInit   i2c.o
    0x08001930   0x08001930   0x00000002   Code   RO          626    i.HAL_I2C_SlaveRxCpltCallback  stm32f4xx_hal_i2c.o
    0x08001932   0x08001932   0x00000002   Code   RO          627    i.HAL_I2C_SlaveTxCpltCallback  stm32f4xx_hal_i2c.o
    0x08001934   0x08001934   0x00000010   Code   RO         2069    i.HAL_IncTick       stm32f4xx_hal.o
    0x08001944   0x08001944   0x00000034   Code   RO         2070    i.HAL_Init          stm32f4xx_hal.o
    0x08001978   0x08001978   0x00000040   Code   RO         2071    i.HAL_InitTick      stm32f4xx_hal.o
    0x080019b8   0x080019b8   0x00000034   Code   RO          565    i.HAL_MspInit       stm32f4xx_hal_msp.o
    0x080019ec   0x080019ec   0x00000022   Code   RO         1904    i.HAL_NVIC_DisableIRQ  stm32f4xx_hal_cortex.o
    0x08001a0e   0x08001a0e   0x0000001a   Code   RO         1905    i.HAL_NVIC_EnableIRQ  stm32f4xx_hal_cortex.o
    0x08001a28   0x08001a28   0x00000040   Code   RO         1911    i.HAL_NVIC_SetPriority  stm32f4xx_hal_cortex.o
    0x08001a68   0x08001a68   0x00000024   Code   RO         1912    i.HAL_NVIC_SetPriorityGrouping  stm32f4xx_hal_cortex.o
    0x08001a8c   0x08001a8c   0x00000134   Code   RO         1057    i.HAL_RCC_ClockConfig  stm32f4xx_hal_rcc.o
    0x08001bc0   0x08001bc0   0x00000020   Code   RO         1064    i.HAL_RCC_GetPCLK1Freq  stm32f4xx_hal_rcc.o
    0x08001be0   0x08001be0   0x00000020   Code   RO         1065    i.HAL_RCC_GetPCLK2Freq  stm32f4xx_hal_rcc.o
    0x08001c00   0x08001c00   0x00000094   Code   RO         1168    i.HAL_RCC_GetSysClockFreq  stm32f4xx_hal_rcc_ex.o
    0x08001c94   0x08001c94   0x00000398   Code   RO         1169    i.HAL_RCC_OscConfig  stm32f4xx_hal_rcc_ex.o
    0x0800202c   0x0800202c   0x00000028   Code   RO         1916    i.HAL_SYSTICK_Config  stm32f4xx_hal_cortex.o
    0x08002054   0x08002054   0x00000002   Code   RO         3014    i.HAL_TIMEx_BreakCallback  stm32f4xx_hal_tim_ex.o
    0x08002056   0x08002056   0x00000002   Code   RO         3015    i.HAL_TIMEx_CommutCallback  stm32f4xx_hal_tim_ex.o
    0x08002058   0x08002058   0x00000090   Code   RO         3033    i.HAL_TIMEx_MasterConfigSynchronization  stm32f4xx_hal_tim_ex.o
    0x080020e8   0x080020e8   0x0000005a   Code   RO         2310    i.HAL_TIM_Base_Init  stm32f4xx_hal_tim.o
    0x08002142   0x08002142   0x00000002   PAD
    0x08002144   0x08002144   0x00000094   Code   RO          322    i.HAL_TIM_Base_MspInit  tim.o
    0x080021d8   0x080021d8   0x00000080   Code   RO         2315    i.HAL_TIM_Base_Start_IT  stm32f4xx_hal_tim.o
    0x08002258   0x08002258   0x000000dc   Code   RO         2319    i.HAL_TIM_ConfigClockSource  stm32f4xx_hal_tim.o
    0x08002334   0x08002334   0x00000002   Code   RO         2344    i.HAL_TIM_IC_CaptureCallback  stm32f4xx_hal_tim.o
    0x08002336   0x08002336   0x00000130   Code   RO         2358    i.HAL_TIM_IRQHandler  stm32f4xx_hal_tim.o
    0x08002466   0x08002466   0x00000002   PAD
    0x08002468   0x08002468   0x00000080   Code   RO          323    i.HAL_TIM_MspPostInit  tim.o
    0x080024e8   0x080024e8   0x00000002   Code   RO         2361    i.HAL_TIM_OC_DelayElapsedCallback  stm32f4xx_hal_tim.o
    0x080024ea   0x080024ea   0x000000cc   Code   RO         2382    i.HAL_TIM_PWM_ConfigChannel  stm32f4xx_hal_tim.o
    0x080025b6   0x080025b6   0x0000005a   Code   RO         2385    i.HAL_TIM_PWM_Init  stm32f4xx_hal_tim.o
    0x08002610   0x08002610   0x00000002   Code   RO         2387    i.HAL_TIM_PWM_MspInit  stm32f4xx_hal_tim.o
    0x08002612   0x08002612   0x00000002   Code   RO         2388    i.HAL_TIM_PWM_PulseFinishedCallback  stm32f4xx_hal_tim.o
    0x08002614   0x08002614   0x000000c8   Code   RO         2390    i.HAL_TIM_PWM_Start  stm32f4xx_hal_tim.o
    0x080026dc   0x080026dc   0x00000310   Code   RO           14    i.HAL_TIM_PeriodElapsedCallback  main.o
    0x080029ec   0x080029ec   0x00000002   Code   RO         2401    i.HAL_TIM_TriggerCallback  stm32f4xx_hal_tim.o
    0x080029ee   0x080029ee   0x00000002   Code   RO         3293    i.HAL_UARTEx_RxEventCallback  stm32f4xx_hal_uart.o
    0x080029f0   0x080029f0   0x00000018   Code   RO           15    i.HAL_UART_ErrorCallback  main.o
    0x08002a08   0x08002a08   0x0000000a   Code   RO         3309    i.HAL_UART_GetState  stm32f4xx_hal_uart.o
    0x08002a12   0x08002a12   0x00000002   PAD
    0x08002a14   0x08002a14   0x00000280   Code   RO         3310    i.HAL_UART_IRQHandler  stm32f4xx_hal_uart.o
    0x08002c94   0x08002c94   0x00000064   Code   RO         3311    i.HAL_UART_Init     stm32f4xx_hal_uart.o
    0x08002cf8   0x08002cf8   0x00000130   Code   RO          388    i.HAL_UART_MspInit  usart.o
    0x08002e28   0x08002e28   0x0000001c   Code   RO         3316    i.HAL_UART_Receive_IT  stm32f4xx_hal_uart.o
    0x08002e44   0x08002e44   0x000000a8   Code   RO           16    i.HAL_UART_RxCpltCallback  main.o
    0x08002eec   0x08002eec   0x000000a0   Code   RO         3319    i.HAL_UART_Transmit  stm32f4xx_hal_uart.o
    0x08002f8c   0x08002f8c   0x00000084   Code   RO         3320    i.HAL_UART_Transmit_DMA  stm32f4xx_hal_uart.o
    0x08003010   0x08003010   0x00000032   Code   RO         3321    i.HAL_UART_Transmit_IT  stm32f4xx_hal_uart.o
    0x08003042   0x08003042   0x00000002   PAD
    0x08003044   0x08003044   0x00000018   Code   RO           17    i.HAL_UART_TxCpltCallback  main.o
    0x0800305c   0x0800305c   0x00000002   Code   RO         3323    i.HAL_UART_TxHalfCpltCallback  stm32f4xx_hal_uart.o
    0x0800305e   0x0800305e   0x00000002   Code   RO          440    i.HardFault_Handler  stm32f4xx_it.o
    0x08003060   0x08003060   0x0000000c   Code   RO          441    i.I2C1_ER_IRQHandler  stm32f4xx_it.o
    0x0800306c   0x0800306c   0x0000000c   Code   RO          442    i.I2C1_EV_IRQHandler  stm32f4xx_it.o
    0x08003078   0x08003078   0x000000bc   Code   RO          638    i.I2C_DMAAbort      stm32f4xx_hal_i2c.o
    0x08003134   0x08003134   0x00000010   Code   RO          641    i.I2C_Flush_DR      stm32f4xx_hal_i2c.o
    0x08003144   0x08003144   0x00000158   Code   RO          642    i.I2C_ITError       stm32f4xx_hal_i2c.o
    0x0800329c   0x0800329c   0x0000002e   Code   RO          643    i.I2C_IsAcknowledgeFailed  stm32f4xx_hal_i2c.o
    0x080032ca   0x080032ca   0x000000da   Code   RO          644    i.I2C_MasterReceive_BTF  stm32f4xx_hal_i2c.o
    0x080033a4   0x080033a4   0x000000f4   Code   RO          645    i.I2C_MasterReceive_RXNE  stm32f4xx_hal_i2c.o
    0x08003498   0x08003498   0x00000082   Code   RO          648    i.I2C_MasterTransmit_BTF  stm32f4xx_hal_i2c.o
    0x0800351a   0x0800351a   0x00000002   PAD
    0x0800351c   0x0800351c   0x000000b6   Code   RO          649    i.I2C_MasterTransmit_TXE  stm32f4xx_hal_i2c.o
    0x080035d2   0x080035d2   0x00000002   PAD
    0x080035d4   0x080035d4   0x00000118   Code   RO          650    i.I2C_Master_ADDR   stm32f4xx_hal_i2c.o
    0x080036ec   0x080036ec   0x0000008c   Code   RO          651    i.I2C_Master_SB     stm32f4xx_hal_i2c.o
    0x08003778   0x08003778   0x000000a8   Code   RO          652    i.I2C_MemoryTransmit_TXE_BTF  stm32f4xx_hal_i2c.o
    0x08003820   0x08003820   0x000000fc   Code   RO          653    i.I2C_RequestMemoryRead  stm32f4xx_hal_i2c.o
    0x0800391c   0x0800391c   0x000000a8   Code   RO          654    i.I2C_RequestMemoryWrite  stm32f4xx_hal_i2c.o
    0x080039c4   0x080039c4   0x00000046   Code   RO          655    i.I2C_Slave_ADDR    stm32f4xx_hal_i2c.o
    0x08003a0a   0x08003a0a   0x00000002   PAD
    0x08003a0c   0x08003a0c   0x00000090   Code   RO          656    i.I2C_Slave_AF      stm32f4xx_hal_i2c.o
    0x08003a9c   0x08003a9c   0x0000015c   Code   RO          657    i.I2C_Slave_STOPF   stm32f4xx_hal_i2c.o
    0x08003bf8   0x08003bf8   0x00000056   Code   RO          658    i.I2C_WaitOnBTFFlagUntilTimeout  stm32f4xx_hal_i2c.o
    0x08003c4e   0x08003c4e   0x00000002   PAD
    0x08003c50   0x08003c50   0x00000090   Code   RO          659    i.I2C_WaitOnFlagUntilTimeout  stm32f4xx_hal_i2c.o
    0x08003ce0   0x08003ce0   0x000000bc   Code   RO          660    i.I2C_WaitOnMasterAddressFlagUntilTimeout  stm32f4xx_hal_i2c.o
    0x08003d9c   0x08003d9c   0x00000070   Code   RO          661    i.I2C_WaitOnRXNEFlagUntilTimeout  stm32f4xx_hal_i2c.o
    0x08003e0c   0x08003e0c   0x00000056   Code   RO          662    i.I2C_WaitOnTXEFlagUntilTimeout  stm32f4xx_hal_i2c.o
    0x08003e62   0x08003e62   0x00000002   PAD
    0x08003e64   0x08003e64   0x00000158   Code   RO         3852    i.LS_DataHandle     rader.o
    0x08003fbc   0x08003fbc   0x00000084   Code   RO         3897    i.MPU6500_Init      mpu6500.o
    0x08004040   0x08004040   0x000000a4   Code   RO         3898    i.MPU6500_Read_Accel  mpu6500.o
    0x080040e4   0x080040e4   0x000000a4   Code   RO         3899    i.MPU6500_Read_Gyro  mpu6500.o
    0x08004188   0x08004188   0x0000002c   Code   RO          255    i.MX_DMA_Init       dma.o
    0x080041b4   0x080041b4   0x000000f0   Code   RO          231    i.MX_GPIO_Init      gpio.o
    0x080042a4   0x080042a4   0x00000040   Code   RO          281    i.MX_I2C1_Init      i2c.o
    0x080042e4   0x080042e4   0x00000060   Code   RO          324    i.MX_TIM2_Init      tim.o
    0x08004344   0x08004344   0x000000a8   Code   RO          325    i.MX_TIM3_Init      tim.o
    0x080043ec   0x080043ec   0x0000006c   Code   RO          326    i.MX_TIM4_Init      tim.o
    0x08004458   0x08004458   0x000000a8   Code   RO          327    i.MX_TIM5_Init      tim.o
    0x08004500   0x08004500   0x00000038   Code   RO          389    i.MX_USART1_UART_Init  usart.o
    0x08004538   0x08004538   0x00000038   Code   RO          390    i.MX_USART6_UART_Init  usart.o
    0x08004570   0x08004570   0x00000020   Code   RO         3780    i.MY_TIM2_IRQHandler  my_systick.o
    0x08004590   0x08004590   0x00000002   Code   RO          443    i.MemManage_Handler  stm32f4xx_it.o
    0x08004592   0x08004592   0x00000002   Code   RO          444    i.NMI_Handler       stm32f4xx_it.o
    0x08004594   0x08004594   0x00000002   Code   RO          445    i.PendSV_Handler    stm32f4xx_it.o
    0x08004596   0x08004596   0x00000002   PAD
    0x08004598   0x08004598   0x0000000c   Code   RO         3689    i.ReadDistance_A    encoder.o
    0x080045a4   0x080045a4   0x0000000c   Code   RO         3690    i.ReadDistance_B    encoder.o
    0x080045b0   0x080045b0   0x00000002   Code   RO          446    i.SVC_Handler       stm32f4xx_it.o
    0x080045b2   0x080045b2   0x00000004   Code   RO          447    i.SysTick_Handler   stm32f4xx_it.o
    0x080045b6   0x080045b6   0x00000002   PAD
    0x080045b8   0x080045b8   0x00000098   Code   RO           18    i.SystemClock_Config  main.o
    0x08004650   0x08004650   0x00000010   Code   RO         3645    i.SystemInit        system_stm32f4xx.o
    0x08004660   0x08004660   0x0000000c   Code   RO          448    i.TIM2_IRQHandler   stm32f4xx_it.o
    0x0800466c   0x0800466c   0x0000000c   Code   RO          449    i.TIM4_IRQHandler   stm32f4xx_it.o
    0x08004678   0x08004678   0x000000d0   Code   RO         2403    i.TIM_Base_SetConfig  stm32f4xx_hal_tim.o
    0x08004748   0x08004748   0x0000001a   Code   RO         2404    i.TIM_CCxChannelCmd  stm32f4xx_hal_tim.o
    0x08004762   0x08004762   0x00000014   Code   RO         2414    i.TIM_ETR_SetConfig  stm32f4xx_hal_tim.o
    0x08004776   0x08004776   0x00000010   Code   RO         2415    i.TIM_ITRx_SetConfig  stm32f4xx_hal_tim.o
    0x08004786   0x08004786   0x00000002   PAD
    0x08004788   0x08004788   0x00000060   Code   RO         2416    i.TIM_OC1_SetConfig  stm32f4xx_hal_tim.o
    0x080047e8   0x080047e8   0x0000006c   Code   RO         2417    i.TIM_OC2_SetConfig  stm32f4xx_hal_tim.o
    0x08004854   0x08004854   0x00000068   Code   RO         2418    i.TIM_OC3_SetConfig  stm32f4xx_hal_tim.o
    0x080048bc   0x080048bc   0x00000050   Code   RO         2419    i.TIM_OC4_SetConfig  stm32f4xx_hal_tim.o
    0x0800490c   0x0800490c   0x00000022   Code   RO         2421    i.TIM_TI1_ConfigInputStage  stm32f4xx_hal_tim.o
    0x0800492e   0x0800492e   0x00000024   Code   RO         2423    i.TIM_TI2_ConfigInputStage  stm32f4xx_hal_tim.o
    0x08004952   0x08004952   0x0000000e   Code   RO         3324    i.UART_DMAAbortOnError  stm32f4xx_hal_uart.o
    0x08004960   0x08004960   0x0000004a   Code   RO         3325    i.UART_DMAError     stm32f4xx_hal_uart.o
    0x080049aa   0x080049aa   0x00000042   Code   RO         3330    i.UART_DMATransmitCplt  stm32f4xx_hal_uart.o
    0x080049ec   0x080049ec   0x0000000a   Code   RO         3332    i.UART_DMATxHalfCplt  stm32f4xx_hal_uart.o
    0x080049f6   0x080049f6   0x0000004e   Code   RO         3334    i.UART_EndRxTransfer  stm32f4xx_hal_uart.o
    0x08004a44   0x08004a44   0x0000001c   Code   RO         3335    i.UART_EndTxTransfer  stm32f4xx_hal_uart.o
    0x08004a60   0x08004a60   0x000000c2   Code   RO         3336    i.UART_Receive_IT   stm32f4xx_hal_uart.o
    0x08004b22   0x08004b22   0x00000002   PAD
    0x08004b24   0x08004b24   0x0000010c   Code   RO         3337    i.UART_SetConfig    stm32f4xx_hal_uart.o
    0x08004c30   0x08004c30   0x00000036   Code   RO         3339    i.UART_Start_Receive_IT  stm32f4xx_hal_uart.o
    0x08004c66   0x08004c66   0x00000072   Code   RO         3340    i.UART_WaitOnFlagUntilTimeout  stm32f4xx_hal_uart.o
    0x08004cd8   0x08004cd8   0x0000000c   Code   RO          450    i.USART1_IRQHandler  stm32f4xx_it.o
    0x08004ce4   0x08004ce4   0x0000000c   Code   RO          451    i.USART6_IRQHandler  stm32f4xx_it.o
    0x08004cf0   0x08004cf0   0x00000002   Code   RO          452    i.UsageFault_Handler  stm32f4xx_it.o
    0x08004cf2   0x08004cf2   0x00000002   PAD
    0x08004cf4   0x08004cf4   0x00000088   Code   RO         3900    i.Yaw_Update        mpu6500.o
    0x08004d7c   0x08004d7c   0x00000020   Code   RO         1918    i.__NVIC_SetPriority  stm32f4xx_hal_cortex.o
    0x08004d9c   0x08004d9c   0x000000ec   Code   RO           19    i.main              main.o
    0x08004e88   0x08004e88   0x00000032   Code   RO         3956    i.swap_double       frame.o
    0x08004eba   0x08004eba   0x0000000c   Code   RO         3957    i.swap_float        frame.o
    0x08004ec6   0x08004ec6   0x0000000a   Code   RO         3958    i.swap_uint16       frame.o
    0x08004ed0   0x08004ed0   0x00000062   Code   RO         4020    x$fpl$d2f           fz_wm.l(d2f.o)
    0x08004f32   0x08004f32   0x00000002   PAD
    0x08004f34   0x08004f34   0x00000150   Code   RO         4022    x$fpl$dadd          fz_wm.l(daddsub_clz.o)
    0x08005084   0x08005084   0x0000005a   Code   RO         4032    x$fpl$dfixu         fz_wm.l(dfixu.o)
    0x080050de   0x080050de   0x00000002   PAD
    0x080050e0   0x080050e0   0x000000a2   Code   RO         4042    x$fpl$dfltll        fz_wm.l(dfltll_clz.o)
    0x08005182   0x08005182   0x00000026   Code   RO         4036    x$fpl$dfltu         fz_wm.l(dflt_clz.o)
    0x080051a8   0x080051a8   0x00000154   Code   RO         4048    x$fpl$dmul          fz_wm.l(dmul.o)
    0x080052fc   0x080052fc   0x0000009c   Code   RO         4097    x$fpl$dnaninf       fz_wm.l(dnaninf.o)
    0x08005398   0x08005398   0x0000000c   Code   RO         4099    x$fpl$dretinf       fz_wm.l(dretinf.o)
    0x080053a4   0x080053a4   0x000001d4   Code   RO         4024    x$fpl$dsub          fz_wm.l(daddsub_clz.o)
    0x08005578   0x08005578   0x00000056   Code   RO         4052    x$fpl$f2d           fz_wm.l(f2d.o)
    0x080055ce   0x080055ce   0x0000008c   Code   RO         4101    x$fpl$fnaninf       fz_wm.l(fnaninf.o)
    0x0800565a   0x0800565a   0x0000000a   Code   RO         4231    x$fpl$fpinit        fz_wm.l(fpinit.o)
    0x08005664   0x08005664   0x0000000a   Code   RO         4103    x$fpl$fretinf       fz_wm.l(fretinf.o)
    0x0800566e   0x0800566e   0x00000000   Code   RO         4105    x$fpl$usenofp       fz_wm.l(usenofp.o)
    0x0800566e   0x0800566e   0x00000008   Data   RO         1614    .constdata          stm32f4xx_hal_dma.o
    0x08005676   0x08005676   0x00000010   Data   RO         3646    .constdata          system_stm32f4xx.o
    0x08005686   0x08005686   0x00000008   Data   RO         3647    .constdata          system_stm32f4xx.o
    0x0800568e   0x0800568e   0x00000002   PAD
    0x08005690   0x08005690   0x00000020   Data   RO         4289    Region$$Table       anon$$obj.o


    Execution Region RW_IRAM1 (Exec base: 0x20000000, Load base: 0x080056b0, Size: 0x000013f8, Max: 0x00020000, ABSOLUTE)

    Exec Addr    Load Addr    Size         Type   Attr      Idx    E Section Name        Object

    0x20000000   0x080056b0   0x0000003c   Data   RW           22    .data               main.o
    0x2000003c   0x080056ec   0x0000000c   Data   RW         2077    .data               stm32f4xx_hal.o
    0x20000048   0x080056f8   0x00000004   Data   RW         3648    .data               system_stm32f4xx.o
    0x2000004c   0x080056fc   0x00000004   PAD
    0x20000050   0x08005700   0x00000048   Data   RW         3694    .data               encoder.o
    0x20000098   0x08005748   0x00000008   Data   RW         3781    .data               my_systick.o
    0x200000a0   0x08005750   0x00000001   Data   RW         3854    .data               rader.o
    0x200000a1   0x08005751   0x00000003   PAD
    0x200000a4   0x08005754   0x00000008   Data   RW         3855    .data               rader.o
    0x200000ac   0x0800575c   0x00000001   Data   RW         3856    .data               rader.o
    0x200000ad   0x0800575d   0x00000003   PAD
    0x200000b0        -       0x00000234   Zero   RW           21    .bss                main.o
    0x200002e4        -       0x00000054   Zero   RW          282    .bss                i2c.o
    0x20000338        -       0x00000120   Zero   RW          328    .bss                tim.o
    0x20000458        -       0x000000f0   Zero   RW          391    .bss                usart.o
    0x20000548        -       0x0000083e   Zero   RW         3853    .bss                rader.o
    0x20000d86   0x0800575d   0x00000002   PAD
    0x20000d88        -       0x0000000c   Zero   RW         3901    .bss                mpu6500.o
    0x20000d94        -       0x00000060   Zero   RW         4147    .bss                c_w.l(libspace.o)
    0x20000df4   0x0800575d   0x00000004   PAD
    0x20000df8        -       0x00000200   Zero   RW            2    HEAP                startup_stm32f446xx.o
    0x20000ff8        -       0x00000400   Zero   RW            1    STACK               startup_stm32f446xx.o


==============================================================================

Image component sizes


      Code (inc. data)   RO Data    RW Data    ZI Data      Debug   Object Name

        44          4          0          0          0        814   dma.o
       372         22          0         72          0       3195   encoder.o
        72          0          0          0          0       2243   frame.o
       240         18          0          0          0       1059   gpio.o
       272         40          0          0         84       2381   i2c.o
      1392        174          0         60        564     729226   main.o
       596         48          0          0         12       4508   mpu6500.o
        76         14          0          8          0       1723   my_systick.o
       480         62          0         10       2110       2708   rader.o
        64         26        452          0       1536        864   startup_stm32f446xx.o
       180         28          0         12          0       9429   stm32f4xx_hal.o
       232         14          0          0          0      34685   stm32f4xx_hal_cortex.o
      1090         16          8          0          0       8137   stm32f4xx_hal_dma.o
       864         84          0          0          0       4524   stm32f4xx_hal_gpio.o
      5582         92          0          0          0      34997   stm32f4xx_hal_i2c.o
        52          4          0          0          0        906   stm32f4xx_hal_msp.o
       372         44          0          0          0       2990   stm32f4xx_hal_rcc.o
      1068         28          0          0          0       2874   stm32f4xx_hal_rcc_ex.o
      1974        136          0          0          0      17494   stm32f4xx_hal_tim.o
       148         28          0          0          0       2565   stm32f4xx_hal_tim_ex.o
      2024         26          0          0          0      16010   stm32f4xx_hal_uart.o
       134         42          0          0          0       8790   stm32f4xx_it.o
        16          4         24          4          0       1187   system_stm32f4xx.o
       816         74          0          0        288       4839   tim.o
       416         50          0          0        240       2666   usart.o

    ----------------------------------------------------------------------
     18612       1078        518        176       4836     900814   Object Totals
         0          0         32          0          0          0   (incl. Generated)
        36          0          2         10          2          0   (incl. Padding)

    ----------------------------------------------------------------------

      Code (inc. data)   RO Data    RW Data    ZI Data      Debug   Library Member Name

         8          0          0          0          0         68   __main.o
        40          0          0          0          0         84   __printf_nopercent.o
         0          0          0          0          0          0   __rtentry.o
        12          0          0          0          0          0   __rtentry2.o
         6          0          0          0          0          0   __rtentry4.o
        52          8          0          0          0          0   __scatter.o
        26          0          0          0          0          0   __scatter_copy.o
        28          0          0          0          0          0   __scatter_zi.o
        48          6          0          0          0         96   _printf_char_common.o
        10          0          0          0          0         68   _sputc.o
        18          0          0          0          0         80   exit.o
         6          0          0          0          0        152   heapauxi.o
         0          0          0          0          0          0   indicate_semi.o
         2          0          0          0          0          0   libinit.o
         6          0          0          0          0          0   libinit2.o
         2          0          0          0          0          0   libshutdown.o
         2          0          0          0          0          0   libshutdown2.o
         8          4          0          0         96         68   libspace.o
        72          0          0          0          0         76   llsdiv.o
       238          0          0          0          0        100   lludivv7m.o
        40          6          0          0          0         84   noretval__2sprintf.o
        78          0          0          0          0         80   rt_memclr_w.o
       138          0          0          0          0         68   rt_memcpy_v6.o
       100          0          0          0          0         80   rt_memcpy_w.o
         2          0          0          0          0          0   rtexit.o
        10          0          0          0          0          0   rtexit2.o
        62          0          0          0          0         76   strlen.o
        12          4          0          0          0         68   sys_exit.o
        74          0          0          0          0         80   sys_stackheap_outer.o
         2          0          0          0          0         68   use_no_semi.o
        98          4          0          0          0        140   d2f.o
       804         16          0          0          0        368   daddsub_clz.o
        90          4          0          0          0        140   dfixu.o
        38          0          0          0          0        116   dflt_clz.o
       162          0          0          0          0        132   dfltll_clz.o
       340         12          0          0          0        152   dmul.o
       156          4          0          0          0        140   dnaninf.o
        12          0          0          0          0        116   dretinf.o
        86          4          0          0          0        132   f2d.o
       140          4          0          0          0        132   fnaninf.o
        10          0          0          0          0        116   fpinit.o
        10          0          0          0          0        116   fretinf.o
         0          0          0          0          0          0   usenofp.o

    ----------------------------------------------------------------------
      3062         76          0          0        100       3196   Library Totals
        14          0          0          0          4          0   (incl. Padding)

    ----------------------------------------------------------------------

      Code (inc. data)   RO Data    RW Data    ZI Data      Debug   Library Name

      1102         28          0          0         96       1396   c_w.l
      1946         48          0          0          0       1800   fz_wm.l

    ----------------------------------------------------------------------
      3062         76          0          0        100       3196   Library Totals

    ----------------------------------------------------------------------

==============================================================================


      Code (inc. data)   RO Data    RW Data    ZI Data      Debug   

     21674       1154        518        176       4936     886534   Grand Totals
     21674       1154        518        176       4936     886534   ELF Image Totals
     21674       1154        518        176          0          0   ROM Totals

==============================================================================

    Total RO  Size (Code + RO Data)                22192 (  21.67kB)
    Total RW  Size (RW Data + ZI Data)              5112 (   4.99kB)
    Total ROM Size (Code + RO Data + RW Data)      22368 (  21.84kB)

==============================================================================

